../Core/Src/main.c:95:5:main	13
../Core/Src/main.c:284:6:SystemClock_Config	3
../Core/Src/main.c:331:13:MX_ADC1_Init	3
../Core/Src/main.c:383:13:MX_I2C1_Init	2
../Core/Src/main.c:417:13:MX_TIM2_Init	4
../Core/Src/main.c:462:13:MX_TIM3_Init	4
../Core/Src/main.c:507:13:MX_TIM4_Init	4
../Core/Src/main.c:552:13:MX_TIM12_Init	3
../Core/Src/main.c:590:13:MX_USART2_UART_Init	2
../Core/Src/main.c:623:13:MX_GPIO_Init	1
../Core/Src/main.c:655:10:getMicros	1
../Core/Src/main.c:663:6:HAL_GPIO_EXTI_Callback	1
../Core/Src/main.c:670:6:HAL_UART_RxCpltCallback	1
../Core/Src/main.c:675:6:HAL_TIM_PeriodElapsedCallback	4
../Core/Src/main.c:724:6:Error_Handler	1
