../Core/Src/main.c:95:5:main	8	static
../Core/Src/main.c:284:6:SystemClock_Config	88	static
../Core/Src/main.c:331:13:MX_ADC1_Init	24	static
../Core/Src/main.c:383:13:MX_I2C1_Init	8	static
../Core/Src/main.c:417:13:MX_TIM2_Init	32	static
../Core/Src/main.c:462:13:MX_TIM3_Init	32	static
../Core/Src/main.c:507:13:MX_TIM4_Init	32	static
../Core/Src/main.c:552:13:MX_TIM12_Init	24	static
../Core/Src/main.c:590:13:MX_USART2_UART_Init	8	static
../Core/Src/main.c:623:13:MX_GPIO_Init	40	static
../Core/Src/main.c:655:10:getMicros	4	static
../Core/Src/main.c:663:6:HAL_GPIO_EXTI_Callback	16	static
../Core/Src/main.c:670:6:HAL_UART_RxCpltCallback	16	static
../Core/Src/main.c:675:6:HAL_TIM_PeriodElapsedCallback	24	static
../Core/Src/main.c:724:6:Error_Handler	4	static,ignoring_inline_asm
