../Core/Src/M1.1_MPU9250.c:162:16:MPU9250_ReadRegister	32	static
../Core/Src/M1.1_MPU9250.c:187:16:MPU9250_WriteRegister	32	static
../Core/Src/M1.1_MPU9250.c:211:16:AK8963_ReadRegister	32	static
../Core/Src/M1.1_MPU9250.c:236:16:AK8963_WriteRegister	32	static
../Core/Src/M1.1_MPU9250.c:260:16:MPU9250_ToInt16	16	static
../Core/Src/M1.1_MPU9250.c:266:6:MPU9250_EnableBypass	8	static
../Core/Src/M1.1_MPU9250.c:273:16:AK8963_ToInt16_LE	16	static
../Core/Src/M1.1_MPU9250.c:284:16:AK8963_Init	16	static
../Core/Src/M1.1_MPU9250.c:385:16:AK8963_Read	32	static
../Core/Src/M1.1_MPU9250.c:465:9:MPU9250_Init	24	static
../Core/Src/M1.1_MPU9250.c:631:9:MPU9250_Read	48	static
../Core/Src/M1.1_MPU9250.c:709:9:MPU9250_IsReady	4	static
../Core/Src/M1.1_MPU9250.c:715:9:MPU9250_IsMagReady	4	static
