../Core/Src/M1.2_BMP280.c:123:16:BMP280_ReadRegister	32	static
../Core/Src/M1.2_BMP280.c:148:16:BMP280_WriteRegister	32	static
../Core/Src/M1.2_BMP280.c:172:17:BMP280_U16_LE	16	static
../Core/Src/M1.2_BMP280.c:178:16:BMP280_S16_LE	16	static
../Core/Src/M1.2_BMP280.c:184:16:BMP280_ReadCalibration	32	static
../Core/Src/M1.2_BMP280.c:221:14:BMP280_CompensateTemperature	56	static
../Core/Src/M1.2_BMP280.c:250:14:BMP280_CompensatePressure	48	static
../Core/Src/M1.2_BMP280.c:298:9:BMP280_Init	24	static
../Core/Src/M1.2_BMP280.c:381:6:BMP280_ReInit	8	static
../Core/Src/M1.2_BMP280.c:394:9:BMP280_Read	32	static
../Core/Src/M1.2_BMP280.c:472:9:BMP280_IsReady	4	static
