Archive member included to satisfy reference by file (symbol)

C:/ST/STM32CubeIDE_1.15.1/STM32CubeIDE/plugins/com.st.stm32cube.ide.mcu.externaltools.gnu-tools-for-stm32.12.3.rel1.win32_1.0.100.202403111256/tools/bin/../lib/gcc/arm-none-eabi/12.3.1/../../../../arm-none-eabi/lib/thumb/v7e-m+fp/hard\libc_nano.a(libc_a-exit.o)
                              C:/ST/STM32CubeIDE_1.15.1/STM32CubeIDE/plugins/com.st.stm32cube.ide.mcu.externaltools.gnu-tools-for-stm32.12.3.rel1.win32_1.0.100.202403111256/tools/bin/../lib/gcc/arm-none-eabi/12.3.1/../../../../arm-none-eabi/lib/thumb/v7e-m+fp/hard/crt0.o (exit)
C:/ST/STM32CubeIDE_1.15.1/STM32CubeIDE/plugins/com.st.stm32cube.ide.mcu.externaltools.gnu-tools-for-stm32.12.3.rel1.win32_1.0.100.202403111256/tools/bin/../lib/gcc/arm-none-eabi/12.3.1/../../../../arm-none-eabi/lib/thumb/v7e-m+fp/hard\libc_nano.a(libc_a-findfp.o)
                              C:/ST/STM32CubeIDE_1.15.1/STM32CubeIDE/plugins/com.st.stm32cube.ide.mcu.externaltools.gnu-tools-for-stm32.12.3.rel1.win32_1.0.100.202403111256/tools/bin/../lib/gcc/arm-none-eabi/12.3.1/../../../../arm-none-eabi/lib/thumb/v7e-m+fp/hard\libc_nano.a(libc_a-exit.o) (__stdio_exit_handler)
C:/ST/STM32CubeIDE_1.15.1/STM32CubeIDE/plugins/com.st.stm32cube.ide.mcu.externaltools.gnu-tools-for-stm32.12.3.rel1.win32_1.0.100.202403111256/tools/bin/../lib/gcc/arm-none-eabi/12.3.1/../../../../arm-none-eabi/lib/thumb/v7e-m+fp/hard\libc_nano.a(libc_a-fwalk.o)
                              C:/ST/STM32CubeIDE_1.15.1/STM32CubeIDE/plugins/com.st.stm32cube.ide.mcu.externaltools.gnu-tools-for-stm32.12.3.rel1.win32_1.0.100.202403111256/tools/bin/../lib/gcc/arm-none-eabi/12.3.1/../../../../arm-none-eabi/lib/thumb/v7e-m+fp/hard\libc_nano.a(libc_a-findfp.o) (_fwalk_sglue)
C:/ST/STM32CubeIDE_1.15.1/STM32CubeIDE/plugins/com.st.stm32cube.ide.mcu.externaltools.gnu-tools-for-stm32.12.3.rel1.win32_1.0.100.202403111256/tools/bin/../lib/gcc/arm-none-eabi/12.3.1/../../../../arm-none-eabi/lib/thumb/v7e-m+fp/hard\libc_nano.a(libc_a-stdio.o)
                              C:/ST/STM32CubeIDE_1.15.1/STM32CubeIDE/plugins/com.st.stm32cube.ide.mcu.externaltools.gnu-tools-for-stm32.12.3.rel1.win32_1.0.100.202403111256/tools/bin/../lib/gcc/arm-none-eabi/12.3.1/../../../../arm-none-eabi/lib/thumb/v7e-m+fp/hard\libc_nano.a(libc_a-findfp.o) (__sread)
C:/ST/STM32CubeIDE_1.15.1/STM32CubeIDE/plugins/com.st.stm32cube.ide.mcu.externaltools.gnu-tools-for-stm32.12.3.rel1.win32_1.0.100.202403111256/tools/bin/../lib/gcc/arm-none-eabi/12.3.1/../../../../arm-none-eabi/lib/thumb/v7e-m+fp/hard\libc_nano.a(libc_a-memset.o)
                              C:/ST/STM32CubeIDE_1.15.1/STM32CubeIDE/plugins/com.st.stm32cube.ide.mcu.externaltools.gnu-tools-for-stm32.12.3.rel1.win32_1.0.100.202403111256/tools/bin/../lib/gcc/arm-none-eabi/12.3.1/../../../../arm-none-eabi/lib/thumb/v7e-m+fp/hard/crt0.o (memset)
C:/ST/STM32CubeIDE_1.15.1/STM32CubeIDE/plugins/com.st.stm32cube.ide.mcu.externaltools.gnu-tools-for-stm32.12.3.rel1.win32_1.0.100.202403111256/tools/bin/../lib/gcc/arm-none-eabi/12.3.1/../../../../arm-none-eabi/lib/thumb/v7e-m+fp/hard\libc_nano.a(libc_a-closer.o)
                              C:/ST/STM32CubeIDE_1.15.1/STM32CubeIDE/plugins/com.st.stm32cube.ide.mcu.externaltools.gnu-tools-for-stm32.12.3.rel1.win32_1.0.100.202403111256/tools/bin/../lib/gcc/arm-none-eabi/12.3.1/../../../../arm-none-eabi/lib/thumb/v7e-m+fp/hard\libc_nano.a(libc_a-stdio.o) (_close_r)
C:/ST/STM32CubeIDE_1.15.1/STM32CubeIDE/plugins/com.st.stm32cube.ide.mcu.externaltools.gnu-tools-for-stm32.12.3.rel1.win32_1.0.100.202403111256/tools/bin/../lib/gcc/arm-none-eabi/12.3.1/../../../../arm-none-eabi/lib/thumb/v7e-m+fp/hard\libc_nano.a(libc_a-reent.o)
                              C:/ST/STM32CubeIDE_1.15.1/STM32CubeIDE/plugins/com.st.stm32cube.ide.mcu.externaltools.gnu-tools-for-stm32.12.3.rel1.win32_1.0.100.202403111256/tools/bin/../lib/gcc/arm-none-eabi/12.3.1/../../../../arm-none-eabi/lib/thumb/v7e-m+fp/hard\libc_nano.a(libc_a-closer.o) (errno)
C:/ST/STM32CubeIDE_1.15.1/STM32CubeIDE/plugins/com.st.stm32cube.ide.mcu.externaltools.gnu-tools-for-stm32.12.3.rel1.win32_1.0.100.202403111256/tools/bin/../lib/gcc/arm-none-eabi/12.3.1/../../../../arm-none-eabi/lib/thumb/v7e-m+fp/hard\libc_nano.a(libc_a-impure.o)
                              C:/ST/STM32CubeIDE_1.15.1/STM32CubeIDE/plugins/com.st.stm32cube.ide.mcu.externaltools.gnu-tools-for-stm32.12.3.rel1.win32_1.0.100.202403111256/tools/bin/../lib/gcc/arm-none-eabi/12.3.1/../../../../arm-none-eabi/lib/thumb/v7e-m+fp/hard\libc_nano.a(libc_a-reent.o) (_impure_ptr)
C:/ST/STM32CubeIDE_1.15.1/STM32CubeIDE/plugins/com.st.stm32cube.ide.mcu.externaltools.gnu-tools-for-stm32.12.3.rel1.win32_1.0.100.202403111256/tools/bin/../lib/gcc/arm-none-eabi/12.3.1/../../../../arm-none-eabi/lib/thumb/v7e-m+fp/hard\libc_nano.a(libc_a-lseekr.o)
[...]
Memory Configuration

Name             Origin             Length             Attributes
CCMRAM           0x10000000         0x00010000         xrw
RAM              0x20000000         0x00020000         xrw
FLASH            0x08000000         0x00100000         xr
*default*        0x00000000         0xffffffff

Linker script and memory map

LOAD C:/ST/STM32CubeIDE_1.15.1/STM32CubeIDE/plugins/com.st.stm32cube.ide.mcu.externaltools.gnu-tools-for-stm32.12.3.rel1.win32_1.0.100.202403111256/tools/bin/../lib/gcc/arm-none-eabi/12.3.1/thumb/v7e-m+fp/hard/crti.o
LOAD C:/ST/STM32CubeIDE_1.15.1/STM32CubeIDE/plugins/com.st.stm32cube.ide.mcu.externaltools.gnu-tools-for-stm32.12.3.rel1.win32_1.0.100.202403111256/tools/bin/../lib/gcc/arm-none-eabi/12.3.1/thumb/v7e-m+fp/hard/crtbegin.o
LOAD C:/ST/STM32CubeIDE_1.15.1/STM32CubeIDE/plugins/com.st.stm32cube.ide.mcu.externaltools.gnu-tools-for-stm32.12.3.rel1.win32_1.0.100.202403111256/tools/bin/../lib/gcc/arm-none-eabi/12.3.1/../../../../arm-none-eabi/lib/thumb/v7e-m+fp/hard/crt0.o
LOAD ./Core/Src/dshot.o
LOAD ./Core/Src/main.o
LOAD ./Core/Src/stm32f4xx_hal_msp.o
LOAD ./Core/Src/stm32f4xx_it.o
LOAD ./Core/Src/syscalls.o
LOAD ./Core/Src/sysmem.o
LOAD ./Core/Src/system_stm32f4xx.o
LOAD ./Core/Startup/startup_stm32f407vgtx.o
LOAD ./Drivers/STM32F4xx_HAL_Driver/Src/stm32f4xx_hal.o
LOAD ./Drivers/STM32F4xx_HAL_Driver/Src/stm32f4xx_hal_adc.o
LOAD ./Drivers/STM32F4xx_HAL_Driver/Src/stm32f4xx_hal_adc_ex.o
LOAD ./Drivers/STM32F4xx_HAL_Driver/Src/stm32f4xx_hal_cortex.o
LOAD ./Drivers/STM32F4xx_HAL_Driver/Src/stm32f4xx_hal_dma.o
LOAD ./Drivers/STM32F4xx_HAL_Driver/Src/stm32f4xx_hal_dma_ex.o
LOAD ./Drivers/STM32F4xx_HAL_Driver/Src/stm32f4xx_hal_exti.o
LOAD ./Drivers/STM32F4xx_HAL_Driver/Src/stm32f4xx_hal_flash.o
LOAD ./Drivers/STM32F4xx_HAL_Driver/Src/stm32f4xx_hal_flash_ex.o
LOAD ./Drivers/STM32F4xx_HAL_Driver/Src/stm32f4xx_hal_flash_ramfunc.o
LOAD ./Drivers/STM32F4xx_HAL_Driver/Src/stm32f4xx_hal_gpio.o
LOAD ./Drivers/STM32F4xx_HAL_Driver/Src/stm32f4xx_hal_pwr.o
LOAD ./Drivers/STM32F4xx_HAL_Driver/Src/stm32f4xx_hal_pwr_ex.o
LOAD ./Drivers/STM32F4xx_HAL_Driver/Src/stm32f4xx_hal_rcc.o
LOAD ./Drivers/STM32F4xx_HAL_Driver/Src/stm32f4xx_hal_rcc_ex.o
LOAD ./Drivers/STM32F4xx_HAL_Driver/Src/stm32f4xx_hal_tim.o
LOAD ./Drivers/STM32F4xx_HAL_Driver/Src/stm32f4xx_hal_tim_ex.o
LOAD ./Drivers/STM32F4xx_HAL_Driver/Src/stm32f4xx_ll_adc.o
START GROUP
LOAD C:/ST/STM32CubeIDE_1.15.1/STM32CubeIDE/plugins/com.st.stm32cube.ide.mcu.externaltools.gnu-tools-for-stm32.12.3.rel1.win32_1.0.100.202403111256/tools/bin/../lib/gcc/arm-none-eabi/12.3.1/../../../../arm-none-eabi/lib/thumb/v7e-m+fp/hard\libc_nano.a
LOAD C:/ST/STM32CubeIDE_1.15.1/STM32CubeIDE/plugins/com.st.stm32cube.ide.mcu.externaltools.gnu-tools-for-stm32.12.3.rel1.win32_1.0.100.202403111256/tools/bin/../lib/gcc/arm-none-eabi/12.3.1/../../../../arm-none-eabi/lib/thumb/v7e-m+fp/hard\libm.a
END GROUP
START GROUP
LOAD C:/ST/STM32CubeIDE_1.15.1/STM32CubeIDE/plugins/com.st.stm32cube.ide.mcu.externaltools.gnu-tools-for-stm32.12.3.rel1.win32_1.0.100.202403111256/tools/bin/../lib/gcc/arm-none-eabi/12.3.1/thumb/v7e-m+fp/hard\libgcc.a
LOAD C:/ST/STM32CubeIDE_1.15.1/STM32CubeIDE/plugins/com.st.stm32cube.ide.mcu.externaltools.gnu-tools-for-stm32.12.3.rel1.win32_1.0.100.202403111256/tools/bin/../lib/gcc/arm-none-eabi/12.3.1/../../../../arm-none-eabi/lib/thumb/v7e-m+fp/hard\libc_nano.a
END GROUP
START GROUP
LOAD C:/ST/STM32CubeIDE_1.15.1/STM32CubeIDE/plugins/com.st.stm32cube.ide.mcu.externaltools.gnu-tools-for-stm32.12.3.rel1.win32_1.0.100.202403111256/tools/bin/../lib/gcc/arm-none-eabi/12.3.1/thumb/v7e-m+fp/hard\libgcc.a
LOAD C:/ST/STM32CubeIDE_1.15.1/STM32CubeIDE/plugins/com.st.stm32cube.ide.mcu.externaltools.gnu-tools-for-stm32.12.3.rel1.win32_1.0.100.202403111256/tools/bin/../lib/gcc/arm-none-eabi/12.3.1/../../../../arm-none-eabi/lib/thumb/v7e-m+fp/hard\libc_nano.a
LOAD C:/ST/STM32CubeIDE_1.15.1/STM32CubeIDE/plugins/com.st.stm32cube.ide.mcu.externaltools.gnu-tools-for-stm32.12.3.rel1.win32_1.0.100.202403111256/tools/bin/../lib/gcc/arm-none-eabi/12.3.1/../../../../arm-none-eabi/lib/thumb/v7e-m+fp/hard\libnosys.a
END GROUP
START GROUP
LOAD C:/ST/STM32CubeIDE_1.15.1/STM32CubeIDE/plugins/com.st.stm32cube.ide.mcu.externaltools.gnu-tools-for-stm32.12.3.rel1.win32_1.0.100.202403111256/tools/bin/../lib/gcc/arm-none-eabi/12.3.1/thumb/v7e-m+fp/hard\libgcc.a
LOAD C:/ST/STM32CubeIDE_1.15.1/STM32CubeIDE/plugins/com.st.stm32cube.ide.mcu.externaltools.gnu-tools-for-stm32.12.3.rel1.win32_1.0.100.202403111256/tools/bin/../lib/gcc/arm-none-eabi/12.3.1/../../../../arm-none-eabi/lib/thumb/v7e-m+fp/hard\libc_nano.a
LOAD C:/ST/STM32CubeIDE_1.15.1/STM32CubeIDE/plugins/com.st.stm32cube.ide.mcu.externaltools.gnu-tools-for-stm32.12.3.rel1.win32_1.0.100.202403111256/tools/bin/../lib/gcc/arm-none-eabi/12.3.1/../../../../arm-none-eabi/lib/thumb/v7e-m+fp/hard\libnosys.a
END GROUP
LOAD C:/ST/STM32CubeIDE_1.15.1/STM32CubeIDE/plugins/com.st.stm32cube.ide.mcu.externaltools.gnu-tools-for-stm32.12.3.rel1.win32_1.0.100.202403111256/tools/bin/../lib/gcc/arm-none-eabi/12.3.1/thumb/v7e-m+fp/hard/crtend.o
LOAD C:/ST/STM32CubeIDE_1.15.1/STM32CubeIDE/plugins/com.st.stm32cube.ide.mcu.externaltools.gnu-tools-for-stm32.12.3.rel1.win32_1.0.100.202403111256/tools/bin/../lib/gcc/arm-none-eabi/12.3.1/thumb/v7e-m+fp/hard/crtn.o
                0x20020000                        _estack = (ORIGIN (RAM) + LENGTH (RAM))
                0x00000200                        _Min_Heap_Size = 0x200
                0x00000400                        _Min_Stack_Size = 0x400

.isr_vector     0x08000000      0x188
                0x08000000                        . = ALIGN (0x4)
 *(.isr_vector)
 .isr_vector    0x08000000      0x188 ./Core/Startup/startup_stm32f407vgtx.o
                0x08000000                g_pfnVectors
                0x08000188                        . = ALIGN (0x4)

.text           0x08000188     0x4224
                0x08000188                        . = ALIGN (0x4)
 *(.text)
 .text          0x08000188       0x40 C:/ST/STM32CubeIDE_1.15.1/STM32CubeIDE/plugins/com.st.stm32cube.ide.mcu.externaltools.gnu-tools-for-stm32.12.3.rel1.win32_1.0.100.202403111256/tools/bin/../lib/gcc/arm-none-eabi/12.3.1/thumb/v7e-m+fp/hard/crtbegin.o
 .text          0x080001c8       0x30 C:/ST/STM32CubeIDE_1.15.1/STM32CubeIDE/plugins/com.st.stm32cube.ide.mcu.externaltools.gnu-tools-for-stm32.12.3.rel1.win32_1.0.100.202403111256/tools/bin/../lib/gcc/arm-none-eabi/12.3.1/thumb/v7e-m+fp/hard\libgcc.a(_aeabi_uldivmod.o)
                0x080001c8                __aeabi_uldivmod
 .text          0x080001f8      0x2bc C:/ST/STM32CubeIDE_1.15.1/STM32CubeIDE/plugins/com.st.stm32cube.ide.mcu.externaltools.gnu-tools-for-stm32.12.3.rel1.win32_1.0.100.202403111256/tools/bin/../lib/gcc/arm-none-eabi/12.3.1/thumb/v7e-m+fp/hard\libgcc.a(_udivmoddi4.o)
                0x080001f8                __udivmoddi4
 .text          0x080004b4        0x4 C:/ST/STM32CubeIDE_1.15.1/STM32CubeIDE/plugins/com.st.stm32cube.ide.mcu.externaltools.gnu-tools-for-stm32.12.3.rel1.win32_1.0.100.202403111256/tools/bin/../lib/gcc/arm-none-eabi/12.3.1/thumb/v7e-m+fp/hard\libgcc.a(_dvmd_tls.o)
                0x080004b4                __aeabi_idiv0
                0x080004b4                __aeabi_ldiv0
 *(.text*)
 .text.Dshot_Init_2
                0x080004b8       0x38 ./Core/Src/dshot.o
                0x080004b8                Dshot_Init_2
 .text.Motors_Arm
                0x080004f0       0x2c ./Core/Src/dshot.o
                0x080004f0                Motors_Arm
 .text.Dshot_Frame_End_Callback
                0x0800051c       0xf4 ./Core/Src/dshot.o
                0x0800051c                Dshot_Frame_End_Callback
 .text.Dshot_Communicator_Timer_Callback
                0x08000610       0xc0 ./Core/Src/dshot.o
                0x08000610                Dshot_Communicator_Timer_Callback
 .text.Read_RawADC_Current_Value
                0x080006d0       0x58 ./Core/Src/dshot.o
                0x080006d0                Read_RawADC_Current_Value
 .text.Get_ESC_Current
                0x08000728       0x40 ./Core/Src/dshot.o
                0x08000728                Get_ESC_Current
 .text.DSHOT_Prepare_Packet
                0x08000768       0xa6 ./Core/Src/dshot.o
                0x08000768                DSHOT_Prepare_Packet
 *fill*         0x0800080e        0x2 
 .text.main     0x08000810       0x78 ./Core/Src/main.o
                0x08000810                main
 .text.SystemClock_Config
                0x08000888       0xd4 ./Core/Src/main.o
                0x08000888                SystemClock_Config
 .text.MX_ADC1_Init
                0x0800095c       0xa4 ./Core/Src/main.o
 .text.MX_TIM3_Init
                0x08000a00      0x12c ./Core/Src/main.o
 .text.MX_TIM4_Init
                0x08000b2c       0x98 ./Core/Src/main.o
 .text.MX_DMA_Init
                0x08000bc4       0x70 ./Core/Src/main.o
 .text.MX_GPIO_Init
                0x08000c34       0x34 ./Core/Src/main.o
 .text.HAL_TIM_PWM_PulseFinishedCallback
                0x08000c68       0x16 ./Core/Src/main.o
                0x08000c68                HAL_TIM_PWM_PulseFinishedCallback
 *fill*         0x08000c7e        0x2 
 .text.HAL_TIM_PeriodElapsedCallback
                0x08000c80       0x34 ./Core/Src/main.o
                0x08000c80                HAL_TIM_PeriodElapsedCallback
 .text.Error_Handler
                0x08000cb4        0xc ./Core/Src/main.o
                0x08000cb4                Error_Handler
 .text.HAL_MspInit
                0x08000cc0       0x50 ./Core/Src/stm32f4xx_hal_msp.o
                0x08000cc0                HAL_MspInit
 .text.HAL_ADC_MspInit
                0x08000d10       0x88 ./Core/Src/stm32f4xx_hal_msp.o
                0x08000d10                HAL_ADC_MspInit
 .text.HAL_TIM_Base_MspInit
                0x08000d98      0x23c ./Core/Src/stm32f4xx_hal_msp.o
                0x08000d98                HAL_TIM_Base_MspInit
 .text.HAL_TIM_MspPostInit
                0x08000fd4       0x74 ./Core/Src/stm32f4xx_hal_msp.o
                0x08000fd4                HAL_TIM_MspPostInit
 .text.NMI_Handler
                0x08001048        0x8 ./Core/Src/stm32f4xx_it.o
                0x08001048                NMI_Handler
 .text.HardFault_Handler
                0x08001050        0x8 ./Core/Src/stm32f4xx_it.o
                0x08001050                HardFault_Handler
 .text.MemManage_Handler
                0x08001058        0x8 ./Core/Src/stm32f4xx_it.o
                0x08001058                MemManage_Handler
 .text.BusFault_Handler
                0x08001060        0x8 ./Core/Src/stm32f4xx_it.o
                0x08001060                BusFault_Handler
 .text.UsageFault_Handler
                0x08001068        0x8 ./Core/Src/stm32f4xx_it.o
                0x08001068                UsageFault_Handler
 .text.SVC_Handler
                0x08001070        0xe ./Core/Src/stm32f4xx_it.o
                0x08001070                SVC_Handler
 .text.DebugMon_Handler
                0x0800107e        0xe ./Core/Src/stm32f4xx_it.o
                0x0800107e                DebugMon_Handler
 .text.PendSV_Handler
                0x0800108c        0xe ./Core/Src/stm32f4xx_it.o
                0x0800108c                PendSV_Handler
 .text.SysTick_Handler
                0x0800109a        0xc ./Core/Src/stm32f4xx_it.o
                0x0800109a                SysTick_Handler
 *fill*         0x080010a6        0x2 
 .text.DMA1_Stream2_IRQHandler
                0x080010a8       0x14 ./Core/Src/stm32f4xx_it.o
                0x080010a8                DMA1_Stream2_IRQHandler
 .text.DMA1_Stream4_IRQHandler
                0x080010bc       0x14 ./Core/Src/stm32f4xx_it.o
                0x080010bc                DMA1_Stream4_IRQHandler
 .text.DMA1_Stream5_IRQHandler
                0x080010d0       0x14 ./Core/Src/stm32f4xx_it.o
                0x080010d0                DMA1_Stream5_IRQHandler
 .text.TIM4_IRQHandler
                0x080010e4       0x14 ./Core/Src/stm32f4xx_it.o
                0x080010e4                TIM4_IRQHandler
 .text.DMA1_Stream7_IRQHandler
                0x080010f8       0x14 ./Core/Src/stm32f4xx_it.o
                0x080010f8                DMA1_Stream7_IRQHandler
 .text.SystemInit
                0x0800110c       0x24 ./Core/Src/system_stm32f4xx.o
                0x0800110c                SystemInit
 .text.Reset_Handler
                0x08001130       0x50 ./Core/Startup/startup_stm32f407vgtx.o
                0x08001130                Reset_Handler
 .text.Default_Handler
                0x08001180        0x2 ./Core/Startup/startup_stm32f407vgtx.o
                0x08001180                RTC_Alarm_IRQHandler
                0x08001180                HASH_RNG_IRQHandler
                0x08001180                EXTI2_IRQHandler
                0x08001180                TIM8_CC_IRQHandler
                0x08001180                TIM1_CC_IRQHandler
                0x08001180                DMA2_Stream5_IRQHandler
                0x08001180                PVD_IRQHandler
                0x08001180                SDIO_IRQHandler
                0x08001180                TAMP_STAMP_IRQHandler
                0x08001180                CAN2_RX1_IRQHandler
                0x08001180                EXTI3_IRQHandler
                0x08001180                TIM8_TRG_COM_TIM14_IRQHandler
                0x08001180                TIM1_UP_TIM10_IRQHandler
                0x08001180                TIM8_UP_TIM13_IRQHandler
                0x08001180                I2C3_ER_IRQHandler
                0x08001180                EXTI0_IRQHandler
                0x08001180                I2C2_EV_IRQHandler
                0x08001180                CAN1_RX0_IRQHandler
                0x08001180                FPU_IRQHandler
                0x08001180                OTG_HS_WKUP_IRQHandler
                0x08001180                CAN2_SCE_IRQHandler
                0x08001180                DMA2_Stream2_IRQHandler
                0x08001180                SPI1_IRQHandler
                0x08001180                TIM6_DAC_IRQHandler
                0x08001180                TIM1_BRK_TIM9_IRQHandler
                0x08001180                DCMI_IRQHandler
                0x08001180                CAN2_RX0_IRQHandler
                0x08001180                DMA2_Stream3_IRQHandler
                0x08001180                USART6_IRQHandler
                0x08001180                USART3_IRQHandler
                0x08001180                CAN1_RX1_IRQHandler
                0x08001180                UART5_IRQHandler
                0x08001180                DMA2_Stream0_IRQHandler
                0x08001180                I2C1_EV_IRQHandler
                0x08001180                DMA1_Stream6_IRQHandler
                0x08001180                DMA1_Stream1_IRQHandler
                0x08001180                UART4_IRQHandler
                0x08001180                TIM3_IRQHandler
                0x08001180                RCC_IRQHandler
                0x08001180                TIM8_BRK_TIM12_IRQHandler
                0x08001180                Default_Handler
                0x08001180                EXTI15_10_IRQHandler
                0x08001180                ADC_IRQHandler
                0x08001180                TIM7_IRQHandler
                0x08001180                CAN2_TX_IRQHandler
                0x08001180                TIM5_IRQHandler
                0x08001180                DMA2_Stream7_IRQHandler
                0x08001180                I2C3_EV_IRQHandler
                0x08001180                EXTI9_5_IRQHandler
                0x08001180                RTC_WKUP_IRQHandler
                0x08001180                ETH_WKUP_IRQHandler
                0x08001180                SPI2_IRQHandler
                0x08001180                OTG_HS_EP1_IN_IRQHandler
                0x08001180                DMA1_Stream0_IRQHandler
                0x08001180                CAN1_TX_IRQHandler
                0x08001180                EXTI4_IRQHandler
                0x08001180                FSMC_IRQHandler
                0x08001180                ETH_IRQHandler
                0x08001180                OTG_HS_EP1_OUT_IRQHandler
                0x08001180                WWDG_IRQHandler
                0x08001180                TIM2_IRQHandler
                0x08001180                OTG_FS_WKUP_IRQHandler
                0x08001180                TIM1_TRG_COM_TIM11_IRQHandler
                0x08001180                OTG_HS_IRQHandler
                0x08001180                EXTI1_IRQHandler
                0x08001180                USART2_IRQHandler
                0x08001180                I2C2_ER_IRQHandler
                0x08001180                DMA2_Stream1_IRQHandler
                0x08001180                CAN1_SCE_IRQHandler
                0x08001180                FLASH_IRQHandler
                0x08001180                DMA2_Stream4_IRQHandler
                0x08001180                USART1_IRQHandler
                0x08001180                OTG_FS_IRQHandler
                0x08001180                SPI3_IRQHandler
                0x08001180                I2C1_ER_IRQHandler
                0x08001180                DMA2_Stream6_IRQHandler
                0x08001180                DMA1_Stream3_IRQHandler
 *fill*         0x08001182        0x2 
 .text.HAL_Init
                0x08001184       0x44 ./Drivers/STM32F4xx_HAL_Driver/Src/stm32f4xx_hal.o
                0x08001184                HAL_Init
 .text.HAL_InitTick
                0x080011c8       0x60 ./Drivers/STM32F4xx_HAL_Driver/Src/stm32f4xx_hal.o
                0x080011c8                HAL_InitTick
 .text.HAL_IncTick
                0x08001228       0x28 ./Drivers/STM32F4xx_HAL_Driver/Src/stm32f4xx_hal.o
                0x08001228                HAL_IncTick
 .text.HAL_GetTick
                0x08001250       0x18 ./Drivers/STM32F4xx_HAL_Driver/Src/stm32f4xx_hal.o
                0x08001250                HAL_GetTick
 .text.HAL_Delay
                0x08001268       0x48 ./Drivers/STM32F4xx_HAL_Driver/Src/stm32f4xx_hal.o
                0x08001268                HAL_Delay
 .text.HAL_ADC_Init
                0x080012b0       0x86 ./Drivers/STM32F4xx_HAL_Driver/Src/stm32f4xx_hal_adc.o
                0x080012b0                HAL_ADC_Init
 *fill*         0x08001336        0x2 
 .text.HAL_ADC_Start
                0x08001338      0x1a4 ./Drivers/STM32F4xx_HAL_Driver/Src/stm32f4xx_hal_adc.o
                0x08001338                HAL_ADC_Start
 .text.HAL_ADC_Stop
                0x080014dc       0x66 ./Drivers/STM32F4xx_HAL_Driver/Src/stm32f4xx_hal_adc.o
                0x080014dc                HAL_ADC_Stop
 .text.HAL_ADC_PollForConversion
                0x08001542      0x116 ./Drivers/STM32F4xx_HAL_Driver/Src/stm32f4xx_hal_adc.o
                0x08001542                HAL_ADC_PollForConversion
 .text.HAL_ADC_GetValue
                0x08001658       0x1a ./Drivers/STM32F4xx_HAL_Driver/Src/stm32f4xx_hal_adc.o
                0x08001658                HAL_ADC_GetValue
 *fill*         0x08001672        0x2 
 .text.HAL_ADC_ConfigChannel
                0x08001674      0x244 ./Drivers/STM32F4xx_HAL_Driver/Src/stm32f4xx_hal_adc.o
                0x08001674                HAL_ADC_ConfigChannel
 .text.ADC_Init
                0x080018b8      0x1f8 ./Drivers/STM32F4xx_HAL_Driver/Src/stm32f4xx_hal_adc.o
 .text.__NVIC_SetPriorityGrouping
                0x08001ab0       0x48 ./Drivers/STM32F4xx_HAL_Driver/Src/stm32f4xx_hal_cortex.o
 .text.__NVIC_GetPriorityGrouping
                0x08001af8       0x1c ./Drivers/STM32F4xx_HAL_Driver/Src/stm32f4xx_hal_cortex.o
 .text.__NVIC_EnableIRQ
                0x08001b14       0x3c ./Drivers/STM32F4xx_HAL_Driver/Src/stm32f4xx_hal_cortex.o
 .text.__NVIC_SetPriority
                0x08001b50       0x54 ./Drivers/STM32F4xx_HAL_Driver/Src/stm32f4xx_hal_cortex.o
 .text.NVIC_EncodePriority
                0x08001ba4       0x66 ./Drivers/STM32F4xx_HAL_Driver/Src/stm32f4xx_hal_cortex.o
 *fill*         0x08001c0a        0x2 
 .text.SysTick_Config
                0x08001c0c       0x44 ./Drivers/STM32F4xx_HAL_Driver/Src/stm32f4xx_hal_cortex.o
 .text.HAL_NVIC_SetPriorityGrouping
                0x08001c50       0x16 ./Drivers/STM32F4xx_HAL_Driver/Src/stm32f4xx_hal_cortex.o
                0x08001c50                HAL_NVIC_SetPriorityGrouping
 .text.HAL_NVIC_SetPriority
                0x08001c66       0x38 ./Drivers/STM32F4xx_HAL_Driver/Src/stm32f4xx_hal_cortex.o
                0x08001c66                HAL_NVIC_SetPriority
 .text.HAL_NVIC_EnableIRQ
                0x08001c9e       0x1c ./Drivers/STM32F4xx_HAL_Driver/Src/stm32f4xx_hal_cortex.o
                0x08001c9e                HAL_NVIC_EnableIRQ
 .text.HAL_SYSTICK_Config
                0x08001cba       0x18 ./Drivers/STM32F4xx_HAL_Driver/Src/stm32f4xx_hal_cortex.o
                0x08001cba                HAL_SYSTICK_Config
 *fill*         0x08001cd2        0x2 
 .text.HAL_DMA_Init
                0x08001cd4      0x15c ./Drivers/STM32F4xx_HAL_Driver/Src/stm32f4xx_hal_dma.o
                0x08001cd4                HAL_DMA_Init
 .text.HAL_DMA_Start_IT
                0x08001e30       0xb0 ./Drivers/STM32F4xx_HAL_Driver/Src/stm32f4xx_hal_dma.o
                0x08001e30                HAL_DMA_Start_IT
 .text.HAL_DMA_IRQHandler
                0x08001ee0      0x314 ./Drivers/STM32F4xx_HAL_Driver/Src/stm32f4xx_hal_dma.o
                0x08001ee0                HAL_DMA_IRQHandler
 .text.DMA_SetConfig
                0x080021f4       0x5c ./Drivers/STM32F4xx_HAL_Driver/Src/stm32f4xx_hal_dma.o
 .text.DMA_CalcBaseAndBitshift
                0x08002250       0x6c ./Drivers/STM32F4xx_HAL_Driver/Src/stm32f4xx_hal_dma.o
 .text.DMA_CheckFifoParam
                0x080022bc       0xf8 ./Drivers/STM32F4xx_HAL_Driver/Src/stm32f4xx_hal_dma.o
 .text.HAL_GPIO_Init
                0x080023b4      0x338 ./Drivers/STM32F4xx_HAL_Driver/Src/stm32f4xx_hal_gpio.o
                0x080023b4                HAL_GPIO_Init
 .text.HAL_RCC_OscConfig
                0x080026ec      0x4f0 ./Drivers/STM32F4xx_HAL_Driver/Src/stm32f4xx_hal_rcc.o
                0x080026ec                HAL_RCC_OscConfig
 .text.HAL_RCC_ClockConfig
                0x08002bdc      0x1cc ./Drivers/STM32F4xx_HAL_Driver/Src/stm32f4xx_hal_rcc.o
                0x08002bdc                HAL_RCC_ClockConfig
 .text.HAL_RCC_GetSysClockFreq
                0x08002da8      0x18c ./Drivers/STM32F4xx_HAL_Driver/Src/stm32f4xx_hal_rcc.o
                0x08002da8                HAL_RCC_GetSysClockFreq
 .text.HAL_TIM_Base_Init
                0x08002f34       0x9e ./Drivers/STM32F4xx_HAL_Driver/Src/stm32f4xx_hal_tim.o
                0x08002f34                HAL_TIM_Base_Init
 *fill*         0x08002fd2        0x2 
 .text.HAL_TIM_Base_Start_IT
                0x08002fd4       0xe0 ./Drivers/STM32F4xx_HAL_Driver/Src/stm32f4xx_hal_tim.o
                0x08002fd4                HAL_TIM_Base_Start_IT
 .text.HAL_TIM_PWM_Init
                0x080030b4       0x9e ./Drivers/STM32F4xx_HAL_Driver/Src/stm32f4xx_hal_tim.o
                0x080030b4                HAL_TIM_PWM_Init
 .text.HAL_TIM_PWM_MspInit
                0x08003152       0x14 ./Drivers/STM32F4xx_HAL_Driver/Src/stm32f4xx_hal_tim.o
                0x08003152                HAL_TIM_PWM_MspInit
 *fill*         0x08003166        0x2 
 .text.HAL_TIM_PWM_Start_DMA
                0x08003168      0x390 ./Drivers/STM32F4xx_HAL_Driver/Src/stm32f4xx_hal_tim.o
                0x08003168                HAL_TIM_PWM_Start_DMA
 .text.HAL_TIM_IRQHandler
                0x080034f8      0x1e0 ./Drivers/STM32F4xx_HAL_Driver/Src/stm32f4xx_hal_tim.o
                0x080034f8                HAL_TIM_IRQHandler
 .text.HAL_TIM_PWM_ConfigChannel
                0x080036d8      0x184 ./Drivers/STM32F4xx_HAL_Driver/Src/stm32f4xx_hal_tim.o
                0x080036d8                HAL_TIM_PWM_ConfigChannel
 .text.HAL_TIM_ConfigClockSource
                0x0800385c      0x18e ./Drivers/STM32F4xx_HAL_Driver/Src/stm32f4xx_hal_tim.o
                0x0800385c                HAL_TIM_ConfigClockSource
 .text.HAL_TIM_OC_DelayElapsedCallback
                0x080039ea       0x14 ./Drivers/STM32F4xx_HAL_Driver/Src/stm32f4xx_hal_tim.o
                0x080039ea                HAL_TIM_OC_DelayElapsedCallback
 .text.HAL_TIM_IC_CaptureCallback
                0x080039fe       0x14 ./Drivers/STM32F4xx_HAL_Driver/Src/stm32f4xx_hal_tim.o
                0x080039fe                HAL_TIM_IC_CaptureCallback
 .text.HAL_TIM_PWM_PulseFinishedHalfCpltCallback
                0x08003a12       0x14 ./Drivers/STM32F4xx_HAL_Driver/Src/stm32f4xx_hal_tim.o
                0x08003a12                HAL_TIM_PWM_PulseFinishedHalfCpltCallback
 .text.HAL_TIM_TriggerCallback
                0x08003a26       0x14 ./Drivers/STM32F4xx_HAL_Driver/Src/stm32f4xx_hal_tim.o
                0x08003a26                HAL_TIM_TriggerCallback
 .text.HAL_TIM_ErrorCallback
                0x08003a3a       0x14 ./Drivers/STM32F4xx_HAL_Driver/Src/stm32f4xx_hal_tim.o
                0x08003a3a                HAL_TIM_ErrorCallback
 .text.TIM_DMAError
                0x08003a4e       0x92 ./Drivers/STM32F4xx_HAL_Driver/Src/stm32f4xx_hal_tim.o
                0x08003a4e                TIM_DMAError
 .text.TIM_DMADelayPulseCplt
                0x08003ae0       0xa8 ./Drivers/STM32F4xx_HAL_Driver/Src/stm32f4xx_hal_tim.o
 .text.TIM_DMADelayPulseHalfCplt
                0x08003b88       0x68 ./Drivers/STM32F4xx_HAL_Driver/Src/stm32f4xx_hal_tim.o
                0x08003b88                TIM_DMADelayPulseHalfCplt
 .text.TIM_Base_SetConfig
                0x08003bf0      0x14c ./Drivers/STM32F4xx_HAL_Driver/Src/stm32f4xx_hal_tim.o
                0x08003bf0                TIM_Base_SetConfig
 .text.TIM_OC1_SetConfig
                0x08003d3c       0xe0 ./Drivers/STM32F4xx_HAL_Driver/Src/stm32f4xx_hal_tim.o
 .text.TIM_OC2_SetConfig
                0x08003e1c       0xec ./Drivers/STM32F4xx_HAL_Driver/Src/stm32f4xx_hal_tim.o
                0x08003e1c                TIM_OC2_SetConfig
 .text.TIM_OC3_SetConfig
                0x08003f08       0xe8 ./Drivers/STM32F4xx_HAL_Driver/Src/stm32f4xx_hal_tim.o
 .text.TIM_OC4_SetConfig
                0x08003ff0       0xac ./Drivers/STM32F4xx_HAL_Driver/Src/stm32f4xx_hal_tim.o
 .text.TIM_TI1_ConfigInputStage
                0x0800409c       0x5e ./Drivers/STM32F4xx_HAL_Driver/Src/stm32f4xx_hal_tim.o
 .text.TIM_TI2_ConfigInputStage
                0x080040fa       0x60 ./Drivers/STM32F4xx_HAL_Driver/Src/stm32f4xx_hal_tim.o
 .text.TIM_ITRx_SetConfig
                0x0800415a       0x36 ./Drivers/STM32F4xx_HAL_Driver/Src/stm32f4xx_hal_tim.o
 .text.TIM_ETR_SetConfig
                0x08004190       0x40 ./Drivers/STM32F4xx_HAL_Driver/Src/stm32f4xx_hal_tim.o
                0x08004190                TIM_ETR_SetConfig
 .text.TIM_CCxChannelCmd
                0x080041d0       0x4a ./Drivers/STM32F4xx_HAL_Driver/Src/stm32f4xx_hal_tim.o
                0x080041d0                TIM_CCxChannelCmd
 *fill*         0x0800421a        0x2 
 .text.HAL_TIMEx_MasterConfigSynchronization
                0x0800421c       0xf8 ./Drivers/STM32F4xx_HAL_Driver/Src/stm32f4xx_hal_tim_ex.o
                0x0800421c                HAL_TIMEx_MasterConfigSynchronization
 .text.HAL_TIMEx_CommutCallback
                0x08004314       0x14 ./Drivers/STM32F4xx_HAL_Driver/Src/stm32f4xx_hal_tim_ex.o
                0x08004314                HAL_TIMEx_CommutCallback
 .text.HAL_TIMEx_BreakCallback
                0x08004328       0x14 ./Drivers/STM32F4xx_HAL_Driver/Src/stm32f4xx_hal_tim_ex.o
                0x08004328                HAL_TIMEx_BreakCallback
 .text.memset   0x0800433c       0x10 C:/ST/STM32CubeIDE_1.15.1/STM32CubeIDE/plugins/com.st.stm32cube.ide.mcu.externaltools.gnu-tools-for-stm32.12.3.rel1.win32_1.0.100.202403111256/tools/bin/../lib/gcc/arm-none-eabi/12.3.1/../../../../arm-none-eabi/lib/thumb/v7e-m+fp/hard\libc_nano.a(libc_a-memset.o)
                0x0800433c                memset
 .text.__libc_init_array
                0x0800434c       0x48 C:/ST/STM32CubeIDE_1.15.1/STM32CubeIDE/plugins/com.st.stm32cube.ide.mcu.externaltools.gnu-tools-for-stm32.12.3.rel1.win32_1.0.100.202403111256/tools/bin/../lib/gcc/arm-none-eabi/12.3.1/../../../../arm-none-eabi/lib/thumb/v7e-m+fp/hard\libc_nano.a(libc_a-init.o)
                0x0800434c                __libc_init_array
 *(.glue_7)
 .glue_7        0x08004394        0x0 linker stubs
 *(.glue_7t)
 .glue_7t       0x08004394        0x0 linker stubs
 *(.eh_frame)
 .eh_frame      0x08004394        0x0 C:/ST/STM32CubeIDE_1.15.1/STM32CubeIDE/plugins/com.st.stm32cube.ide.mcu.externaltools.gnu-tools-for-stm32.12.3.rel1.win32_1.0.100.202403111256/tools/bin/../lib/gcc/arm-none-eabi/12.3.1/thumb/v7e-m+fp/hard/crtbegin.o
 *(.init)
 .init          0x08004394        0x4 C:/ST/STM32CubeIDE_1.15.1/STM32CubeIDE/plugins/com.st.stm32cube.ide.mcu.externaltools.gnu-tools-for-stm32.12.3.rel1.win32_1.0.100.202403111256/tools/bin/../lib/gcc/arm-none-eabi/12.3.1/thumb/v7e-m+fp/hard/crti.o
                0x08004394                _init
 .init          0x08004398        0x8 C:/ST/STM32CubeIDE_1.15.1/STM32CubeIDE/plugins/com.st.stm32cube.ide.mcu.externaltools.gnu-tools-for-stm32.12.3.rel1.win32_1.0.100.202403111256/tools/bin/../lib/gcc/arm-none-eabi/12.3.1/thumb/v7e-m+fp/hard/crtn.o
 *(.fini)
 .fini          0x080043a0        0x4 C:/ST/STM32CubeIDE_1.15.1/STM32CubeIDE/plugins/com.st.stm32cube.ide.mcu.externaltools.gnu-tools-for-stm32.12.3.rel1.win32_1.0.100.202403111256/tools/bin/../lib/gcc/arm-none-eabi/12.3.1/thumb/v7e-m+fp/hard/crti.o
                0x080043a0                _fini
 .fini          0x080043a4        0x8 C:/ST/STM32CubeIDE_1.15.1/STM32CubeIDE/plugins/com.st.stm32cube.ide.mcu.externaltools.gnu-tools-for-stm32.12.3.rel1.win32_1.0.100.202403111256/tools/bin/../lib/gcc/arm-none-eabi/12.3.1/thumb/v7e-m+fp/hard/crtn.o
                0x080043ac                        . = ALIGN (0x4)
                0x080043ac                        _etext = .

.vfp11_veneer   0x080043ac        0x0
 .vfp11_veneer  0x080043ac        0x0 linker stubs

.v4_bx          0x080043ac        0x0
 .v4_bx         0x080043ac        0x0 linker stubs

.iplt           0x080043ac        0x0
 .iplt          0x080043ac        0x0 C:/ST/STM32CubeIDE_1.15.1/STM32CubeIDE/plugins/com.st.stm32cube.ide.mcu.externaltools.gnu-tools-for-stm32.12.3.rel1.win32_1.0.100.202403111256/tools/bin/../lib/gcc/arm-none-eabi/12.3.1/thumb/v7e-m+fp/hard/crtbegin.o

.rodata         0x080043ac       0x18
                0x080043ac                        . = ALIGN (0x4)
 *(.rodata)
 *(.rodata*)
 .rodata.AHBPrescTable
                0x080043ac       0x10 ./Core/Src/system_stm32f4xx.o
                0x080043ac                AHBPrescTable
 .rodata.flagBitshiftOffset.0
                0x080043bc        0x8 ./Drivers/STM32F4xx_HAL_Driver/Src/stm32f4xx_hal_dma.o
                0x080043c4                        . = ALIGN (0x4)

.ARM.extab      0x080043c4        0x0
                0x080043c4                        . = ALIGN (0x4)
 *(.ARM.extab* .gnu.linkonce.armextab.*)
                0x080043c4                        . = ALIGN (0x4)

.ARM            0x080043c4        0x8
                0x080043c4                        . = ALIGN (0x4)
                0x080043c4                        __exidx_start = .
 *(.ARM.exidx*)
 .ARM.exidx     0x080043c4        0x8 C:/ST/STM32CubeIDE_1.15.1/STM32CubeIDE/plugins/com.st.stm32cube.ide.mcu.externaltools.gnu-tools-for-stm32.12.3.rel1.win32_1.0.100.202403111256/tools/bin/../lib/gcc/arm-none-eabi/12.3.1/thumb/v7e-m+fp/hard\libgcc.a(_udivmoddi4.o)
                0x080043cc                        __exidx_end = .
                0x080043cc                        . = ALIGN (0x4)

.preinit_array  0x080043cc        0x0
                0x080043cc                        . = ALIGN (0x4)
                0x080043cc                        PROVIDE (__preinit_array_start = .)
 *(.preinit_array*)
                0x080043cc                        PROVIDE (__preinit_array_end = .)
                0x080043cc                        . = ALIGN (0x4)

.init_array     0x080043cc        0x4
                0x080043cc                        . = ALIGN (0x4)
                0x080043cc                        PROVIDE (__init_array_start = .)
 *(SORT_BY_NAME(.init_array.*))
 *(.init_array*)
 .init_array    0x080043cc        0x4 C:/ST/STM32CubeIDE_1.15.1/STM32CubeIDE/plugins/com.st.stm32cube.ide.mcu.externaltools.gnu-tools-for-stm32.12.3.rel1.win32_1.0.100.202403111256/tools/bin/../lib/gcc/arm-none-eabi/12.3.1/thumb/v7e-m+fp/hard/crtbegin.o
                0x080043d0                        PROVIDE (__init_array_end = .)
                0x080043d0                        . = ALIGN (0x4)

.fini_array     0x080043d0        0x4
                0x080043d0                        . = ALIGN (0x4)
                [!provide]                        PROVIDE (__fini_array_start = .)
 *(SORT_BY_NAME(.fini_array.*))
 *(.fini_array*)
 .fini_array    0x080043d0        0x4 C:/ST/STM32CubeIDE_1.15.1/STM32CubeIDE/plugins/com.st.stm32cube.ide.mcu.externaltools.gnu-tools-for-stm32.12.3.rel1.win32_1.0.100.202403111256/tools/bin/../lib/gcc/arm-none-eabi/12.3.1/thumb/v7e-m+fp/hard/crtbegin.o
                [!provide]                        PROVIDE (__fini_array_end = .)
                0x080043d4                        . = ALIGN (0x4)
                0x080043d4                        _sidata = LOADADDR (.data)

.rel.dyn        0x080043d4        0x0
 .rel.iplt      0x080043d4        0x0 C:/ST/STM32CubeIDE_1.15.1/STM32CubeIDE/plugins/com.st.stm32cube.ide.mcu.externaltools.gnu-tools-for-stm32.12.3.rel1.win32_1.0.100.202403111256/tools/bin/../lib/gcc/arm-none-eabi/12.3.1/thumb/v7e-m+fp/hard/crtbegin.o

.data           0x20000000       0x10 load address 0x080043d4
                0x20000000                        . = ALIGN (0x4)
                0x20000000                        _sdata = .
 *(.data)
 *(.data*)
 .data.dshot_ready
                0x20000000        0x1 ./Core/Src/dshot.o
                0x20000000                dshot_ready
 *fill*         0x20000001        0x1 
 .data.rpm      0x20000002        0x2 ./Core/Src/main.o
                0x20000002                rpm
 .data.SystemCoreClock
                0x20000004        0x4 ./Core/Src/system_stm32f4xx.o
                0x20000004                SystemCoreClock
 .data.uwTickPrio
                0x20000008        0x4 ./Drivers/STM32F4xx_HAL_Driver/Src/stm32f4xx_hal.o
                0x20000008                uwTickPrio
 .data.uwTickFreq
                0x2000000c        0x1 ./Drivers/STM32F4xx_HAL_Driver/Src/stm32f4xx_hal.o
                0x2000000c                uwTickFreq
 *(.RamFunc)
 *(.RamFunc*)
                0x20000010                        . = ALIGN (0x4)
 *fill*         0x2000000d        0x3 
                0x20000010                        _edata = .
                0x080043e4                        _siccmram = LOADADDR (.ccmram)

.igot.plt       0x20000010        0x0 load address 0x080043e4
 .igot.plt      0x20000010        0x0 C:/ST/STM32CubeIDE_1.15.1/STM32CubeIDE/plugins/com.st.stm32cube.ide.mcu.externaltools.gnu-tools-for-stm32.12.3.rel1.win32_1.0.100.202403111256/tools/bin/../lib/gcc/arm-none-eabi/12.3.1/thumb/v7e-m+fp/hard/crtbegin.o

.ccmram         0x10000000        0x0 load address 0x080043e4
                0x10000000                        . = ALIGN (0x4)
                0x10000000                        _sccmram = .
 *(.ccmram)
 *(.ccmram*)
                0x10000000                        . = ALIGN (0x4)
                0x10000000                        _eccmram = .
                0x10000000                        . = ALIGN (0x4)

.bss            0x20000010      0x324
                0x20000010                        _sbss = .
                0x20000010                        __bss_start__ = _sbss
 *(.bss)
 .bss           0x20000010       0x1c C:/ST/STM32CubeIDE_1.15.1/STM32CubeIDE/plugins/com.st.stm32cube.ide.mcu.externaltools.gnu-tools-for-stm32.12.3.rel1.win32_1.0.100.202403111256/tools/bin/../lib/gcc/arm-none-eabi/12.3.1/thumb/v7e-m+fp/hard/crtbegin.o
 *(.bss*)
 .bss.dshot_m1_buffer
                0x2000002c       0x24 ./Core/Src/dshot.o
                0x2000002c                dshot_m1_buffer
 .bss.dshot_m2_buffer
                0x20000050       0x24 ./Core/Src/dshot.o
                0x20000050                dshot_m2_buffer
 .bss.dshot_m3_buffer
                0x20000074       0x24 ./Core/Src/dshot.o
                0x20000074                dshot_m3_buffer
 .bss.dshot_m4_buffer
                0x20000098       0x24 ./Core/Src/dshot.o
                0x20000098                dshot_m4_buffer
 .bss.adc_raw_value
                0x200000bc        0x4 ./Core/Src/dshot.o
                0x200000bc                adc_raw_value
 .bss.current_ampere
                0x200000c0        0x4 ./Core/Src/dshot.o
                0x200000c0                current_ampere
 .bss.signalGeneratorTimer
                0x200000c4        0x4 ./Core/Src/dshot.o
                0x200000c4                signalGeneratorTimer
 .bss.communicatorTimer
                0x200000c8        0x4 ./Core/Src/dshot.o
                0x200000c8                communicatorTimer
 .bss.currentADC
                0x200000cc        0x4 ./Core/Src/dshot.o
                0x200000cc                currentADC
 .bss.finished_channels.0
                0x200000d0        0x1 ./Core/Src/dshot.o
 *fill*         0x200000d1        0x3 
 .bss.hadc1     0x200000d4       0x48 ./Core/Src/main.o
                0x200000d4                hadc1
 .bss.htim3     0x2000011c       0x48 ./Core/Src/main.o
                0x2000011c                htim3
 .bss.htim4     0x20000164       0x48 ./Core/Src/main.o
                0x20000164                htim4
 .bss.hdma_tim3_ch1_trig
                0x200001ac       0x60 ./Core/Src/main.o
                0x200001ac                hdma_tim3_ch1_trig
 .bss.hdma_tim3_ch2
                0x2000020c       0x60 ./Core/Src/main.o
                0x2000020c                hdma_tim3_ch2
 .bss.hdma_tim3_ch3
                0x2000026c       0x60 ./Core/Src/main.o
                0x2000026c                hdma_tim3_ch3
 .bss.hdma_tim3_ch4_up
                0x200002cc       0x60 ./Core/Src/main.o
                0x200002cc                hdma_tim3_ch4_up
 .bss.watchdog  0x2000032c        0x1 ./Core/Src/main.o
                0x2000032c                watchdog
 *fill*         0x2000032d        0x3 
 .bss.uwTick    0x20000330        0x4 ./Drivers/STM32F4xx_HAL_Driver/Src/stm32f4xx_hal.o
                0x20000330                uwTick
 *(COMMON)
                0x20000334                        . = ALIGN (0x4)
                0x20000334                        _ebss = .
                0x20000334                        __bss_end__ = _ebss

._user_heap_stack
                0x20000334      0x604
                0x20000338                        . = ALIGN (0x8)
 *fill*         0x20000334        0x4 
                [!provide]                        PROVIDE (end = .)
                0x20000338                        PROVIDE (_end = .)
                0x20000538                        . = (. + _Min_Heap_Size)
 *fill*         0x20000338      0x200 
                0x20000938                        . = (. + _Min_Stack_Size)
 *fill*         0x20000538      0x400 
                0x20000938                        . = ALIGN (0x8)

/DISCARD/
 libc.a(*)
 libm.a(*)
 libgcc.a(*)

.ARM.attributes
                0x00000000       0x30
 *(.ARM.attributes)
 .ARM.attributes
                0x00000000       0x22 C:/ST/STM32CubeIDE_1.15.1/STM32CubeIDE/plugins/com.st.stm32cube.ide.mcu.externaltools.gnu-tools-for-stm32.12.3.rel1.win32_1.0.100.202403111256/tools/bin/../lib/gcc/arm-none-eabi/12.3.1/thumb/v7e-m+fp/hard/crti.o
 .ARM.attributes
                0x00000022       0x34 C:/ST/STM32CubeIDE_1.15.1/STM32CubeIDE/plugins/com.st.stm32cube.ide.mcu.externaltools.gnu-tools-for-stm32.12.3.rel1.win32_1.0.100.202403111256/tools/bin/../lib/gcc/arm-none-eabi/12.3.1/thumb/v7e-m+fp/hard/crtbegin.o
 .ARM.attributes
                0x00000056       0x34 ./Core/Src/dshot.o
 .ARM.attributes
                0x0000008a       0x34 ./Core/Src/main.o
 .ARM.attributes
                0x000000be       0x34 ./Core/Src/stm32f4xx_hal_msp.o
 .ARM.attributes
                0x000000f2       0x34 ./Core/Src/stm32f4xx_it.o
 .ARM.attributes
                0x00000126       0x34 ./Core/Src/system_stm32f4xx.o
 .ARM.attributes
                0x0000015a       0x21 ./Core/Startup/startup_stm32f407vgtx.o
 .ARM.attributes
                0x0000017b       0x34 ./Drivers/STM32F4xx_HAL_Driver/Src/stm32f4xx_hal.o
 .ARM.attributes
                0x000001af       0x34 ./Drivers/STM32F4xx_HAL_Driver/Src/stm32f4xx_hal_adc.o
 .ARM.attributes
                0x000001e3       0x34 ./Drivers/STM32F4xx_HAL_Driver/Src/stm32f4xx_hal_cortex.o
 .ARM.attributes
                0x00000217       0x34 ./Drivers/STM32F4xx_HAL_Driver/Src/stm32f4xx_hal_dma.o
 .ARM.attributes
                0x0000024b       0x34 ./Drivers/STM32F4xx_HAL_Driver/Src/stm32f4xx_hal_gpio.o
 .ARM.attributes
                0x0000027f       0x34 ./Drivers/STM32F4xx_HAL_Driver/Src/stm32f4xx_hal_rcc.o
 .ARM.attributes
                0x000002b3       0x34 ./Drivers/STM32F4xx_HAL_Driver/Src/stm32f4xx_hal_tim.o
 .ARM.attributes
                0x000002e7       0x34 ./Drivers/STM32F4xx_HAL_Driver/Src/stm32f4xx_hal_tim_ex.o
 .ARM.attributes
                0x0000031b       0x34 C:/ST/STM32CubeIDE_1.15.1/STM32CubeIDE/plugins/com.st.stm32cube.ide.mcu.externaltools.gnu-tools-for-stm32.12.3.rel1.win32_1.0.100.202403111256/tools/bin/../lib/gcc/arm-none-eabi/12.3.1/../../../../arm-none-eabi/lib/thumb/v7e-m+fp/hard\libc_nano.a(libc_a-memset.o)
 .ARM.attributes
                0x0000034f       0x34 C:/ST/STM32CubeIDE_1.15.1/STM32CubeIDE/plugins/com.st.stm32cube.ide.mcu.externaltools.gnu-tools-for-stm32.12.3.rel1.win32_1.0.100.202403111256/tools/bin/../lib/gcc/arm-none-eabi/12.3.1/../../../../arm-none-eabi/lib/thumb/v7e-m+fp/hard\libc_nano.a(libc_a-init.o)
 .ARM.attributes
                0x00000383       0x22 C:/ST/STM32CubeIDE_1.15.1/STM32CubeIDE/plugins/com.st.stm32cube.ide.mcu.externaltools.gnu-tools-for-stm32.12.3.rel1.win32_1.0.100.202403111256/tools/bin/../lib/gcc/arm-none-eabi/12.3.1/thumb/v7e-m+fp/hard\libgcc.a(_aeabi_uldivmod.o)
 .ARM.attributes
                0x000003a5       0x34 C:/ST/STM32CubeIDE_1.15.1/STM32CubeIDE/plugins/com.st.stm32cube.ide.mcu.externaltools.gnu-tools-for-stm32.12.3.rel1.win32_1.0.100.202403111256/tools/bin/../lib/gcc/arm-none-eabi/12.3.1/thumb/v7e-m+fp/hard\libgcc.a(_udivmoddi4.o)
 .ARM.attributes
                0x000003d9       0x22 C:/ST/STM32CubeIDE_1.15.1/STM32CubeIDE/plugins/com.st.stm32cube.ide.mcu.externaltools.gnu-tools-for-stm32.12.3.rel1.win32_1.0.100.202403111256/tools/bin/../lib/gcc/arm-none-eabi/12.3.1/thumb/v7e-m+fp/hard\libgcc.a(_dvmd_tls.o)
 .ARM.attributes
                0x000003fb       0x22 C:/ST/STM32CubeIDE_1.15.1/STM32CubeIDE/plugins/com.st.stm32cube.ide.mcu.externaltools.gnu-tools-for-stm32.12.3.rel1.win32_1.0.100.202403111256/tools/bin/../lib/gcc/arm-none-eabi/12.3.1/thumb/v7e-m+fp/hard/crtn.o
OUTPUT(OrbitBls50A_Dshot_kendim_yapiyorum.elf elf32-littlearm)
LOAD linker stubs
LOAD C:/ST/STM32CubeIDE_1.15.1/STM32CubeIDE/plugins/com.st.stm32cube.ide.mcu.externaltools.gnu-tools-for-stm32.12.3.rel1.win32_1.0.100.202403111256/tools/bin/../lib/gcc/arm-none-eabi/12.3.1/../../../../arm-none-eabi/lib/thumb/v7e-m+fp/hard\libc.a
LOAD C:/ST/STM32CubeIDE_1.15.1/STM32CubeIDE/plugins/com.st.stm32cube.ide.mcu.externaltools.gnu-tools-for-stm32.12.3.rel1.win32_1.0.100.202403111256/tools/bin/../lib/gcc/arm-none-eabi/12.3.1/../../../../arm-none-eabi/lib/thumb/v7e-m+fp/hard\libm.a
LOAD C:/ST/STM32CubeIDE_1.15.1/STM32CubeIDE/plugins/com.st.stm32cube.ide.mcu.externaltools.gnu-tools-for-stm32.12.3.rel1.win32_1.0.100.202403111256/tools/bin/../lib/gcc/arm-none-eabi/12.3.1/thumb/v7e-m+fp/hard\libgcc.a

.debug_info     0x00000000     0xb7c6
 .debug_info    0x00000000      0xc53 ./Core/Src/dshot.o
 .debug_info    0x00000c53     0x140a ./Core/Src/main.o
 .debug_info    0x0000205d     0x1032 ./Core/Src/stm32f4xx_hal_msp.o
 .debug_info    0x0000308f      0x75d ./Core/Src/stm32f4xx_it.o
 .debug_info    0x000037ec      0x512 ./Core/Src/system_stm32f4xx.o
 .debug_info    0x00003cfe       0x30 ./Core/Startup/startup_stm32f407vgtx.o
 .debug_info    0x00003d2e      0x944 ./Drivers/STM32F4xx_HAL_Driver/Src/stm32f4xx_hal.o
 .debug_info    0x00004672      0xce3 ./Drivers/STM32F4xx_HAL_Driver/Src/stm32f4xx_hal_adc.o
 .debug_info    0x00005355      0xd8c ./Drivers/STM32F4xx_HAL_Driver/Src/stm32f4xx_hal_cortex.o
 .debug_info    0x000060e1      0x8e7 ./Drivers/STM32F4xx_HAL_Driver/Src/stm32f4xx_hal_dma.o
 .debug_info    0x000069c8      0x6c3 ./Drivers/STM32F4xx_HAL_Driver/Src/stm32f4xx_hal_gpio.o
 .debug_info    0x0000708b      0x8c3 ./Drivers/STM32F4xx_HAL_Driver/Src/stm32f4xx_hal_rcc.o
 .debug_info    0x0000794e     0x299d ./Drivers/STM32F4xx_HAL_Driver/Src/stm32f4xx_hal_tim.o
 .debug_info    0x0000a2eb     0x14db ./Drivers/STM32F4xx_HAL_Driver/Src/stm32f4xx_hal_tim_ex.o

.debug_abbrev   0x00000000     0x1e10
 .debug_abbrev  0x00000000      0x244 ./Core/Src/dshot.o
 .debug_abbrev  0x00000244      0x31c ./Core/Src/main.o
 .debug_abbrev  0x00000560      0x258 ./Core/Src/stm32f4xx_hal_msp.o
 .debug_abbrev  0x000007b8      0x1ad ./Core/Src/stm32f4xx_it.o
 .debug_abbrev  0x00000965      0x11a ./Core/Src/system_stm32f4xx.o
 .debug_abbrev  0x00000a7f       0x24 ./Core/Startup/startup_stm32f407vgtx.o
 .debug_abbrev  0x00000aa3      0x214 ./Drivers/STM32F4xx_HAL_Driver/Src/stm32f4xx_hal.o
 .debug_abbrev  0x00000cb7      0x252 ./Drivers/STM32F4xx_HAL_Driver/Src/stm32f4xx_hal_adc.o
 .debug_abbrev  0x00000f09      0x31d ./Drivers/STM32F4xx_HAL_Driver/Src/stm32f4xx_hal_cortex.o
 .debug_abbrev  0x00001226      0x264 ./Drivers/STM32F4xx_HAL_Driver/Src/stm32f4xx_hal_dma.o
 .debug_abbrev  0x0000148a      0x1d4 ./Drivers/STM32F4xx_HAL_Driver/Src/stm32f4xx_hal_gpio.o
 .debug_abbrev  0x0000165e      0x2b7 ./Drivers/STM32F4xx_HAL_Driver/Src/stm32f4xx_hal_rcc.o
 .debug_abbrev  0x00001915      0x278 ./Drivers/STM32F4xx_HAL_Driver/Src/stm32f4xx_hal_tim.o
 .debug_abbrev  0x00001b8d      0x283 ./Drivers/STM32F4xx_HAL_Driver/Src/stm32f4xx_hal_tim_ex.o

.debug_aranges  0x00000000      0xb98
 .debug_aranges
                0x00000000       0x60 ./Core/Src/dshot.o
 .debug_aranges
                0x00000060       0x68 ./Core/Src/main.o
 .debug_aranges
                0x000000c8       0x48 ./Core/Src/stm32f4xx_hal_msp.o
 .debug_aranges
                0x00000110       0x88 ./Core/Src/stm32f4xx_it.o
 .debug_aranges
                0x00000198       0x28 ./Core/Src/system_stm32f4xx.o
 .debug_aranges
                0x000001c0       0x28 ./Core/Startup/startup_stm32f407vgtx.o
 .debug_aranges
                0x000001e8       0xf0 ./Drivers/STM32F4xx_HAL_Driver/Src/stm32f4xx_hal.o
 .debug_aranges
                0x000002d8       0xe8 ./Drivers/STM32F4xx_HAL_Driver/Src/stm32f4xx_hal_adc.o
 .debug_aranges
                0x000003c0      0x130 ./Drivers/STM32F4xx_HAL_Driver/Src/stm32f4xx_hal_cortex.o
 .debug_aranges
                0x000004f0       0x90 ./Drivers/STM32F4xx_HAL_Driver/Src/stm32f4xx_hal_dma.o
 .debug_aranges
                0x00000580       0x58 ./Drivers/STM32F4xx_HAL_Driver/Src/stm32f4xx_hal_gpio.o
 .debug_aranges
                0x000005d8       0x88 ./Drivers/STM32F4xx_HAL_Driver/Src/stm32f4xx_hal_rcc.o
 .debug_aranges
                0x00000660      0x3d0 ./Drivers/STM32F4xx_HAL_Driver/Src/stm32f4xx_hal_tim.o
 .debug_aranges
                0x00000a30      0x168 ./Drivers/STM32F4xx_HAL_Driver/Src/stm32f4xx_hal_tim_ex.o

.debug_rnglists
                0x00000000      0x8f3
 .debug_rnglists
                0x00000000       0x46 ./Core/Src/dshot.o
 .debug_rnglists
                0x00000046       0x4d ./Core/Src/main.o
 .debug_rnglists
                0x00000093       0x34 ./Core/Src/stm32f4xx_hal_msp.o
 .debug_rnglists
                0x000000c7       0x61 ./Core/Src/stm32f4xx_it.o
 .debug_rnglists
                0x00000128       0x1a ./Core/Src/system_stm32f4xx.o
 .debug_rnglists
                0x00000142       0x19 ./Core/Startup/startup_stm32f407vgtx.o
 .debug_rnglists
                0x0000015b       0xaf ./Drivers/STM32F4xx_HAL_Driver/Src/stm32f4xx_hal.o
 .debug_rnglists
                0x0000020a       0xb5 ./Drivers/STM32F4xx_HAL_Driver/Src/stm32f4xx_hal_adc.o
 .debug_rnglists
                0x000002bf       0xe0 ./Drivers/STM32F4xx_HAL_Driver/Src/stm32f4xx_hal_cortex.o
 .debug_rnglists
                0x0000039f       0x70 ./Drivers/STM32F4xx_HAL_Driver/Src/stm32f4xx_hal_dma.o
 .debug_rnglists
                0x0000040f       0x3f ./Drivers/STM32F4xx_HAL_Driver/Src/stm32f4xx_hal_gpio.o
 .debug_rnglists
                0x0000044e       0x66 ./Drivers/STM32F4xx_HAL_Driver/Src/stm32f4xx_hal_rcc.o
 .debug_rnglists
                0x000004b4      0x31a ./Drivers/STM32F4xx_HAL_Driver/Src/stm32f4xx_hal_tim.o
 .debug_rnglists
                0x000007ce      0x125 ./Drivers/STM32F4xx_HAL_Driver/Src/stm32f4xx_hal_tim_ex.o

.debug_macro    0x00000000    0x21431
 .debug_macro   0x00000000      0x1ff ./Core/Src/dshot.o
 .debug_macro   0x000001ff      0xab4 ./Core/Src/dshot.o
 .debug_macro   0x00000cb3       0x1c ./Core/Src/dshot.o
 .debug_macro   0x00000ccf      0x29b ./Core/Src/dshot.o
 .debug_macro   0x00000f6a       0x2e ./Core/Src/dshot.o
 .debug_macro   0x00000f98       0x2f ./Core/Src/dshot.o
 .debug_macro   0x00000fc7       0x22 ./Core/Src/dshot.o
 .debug_macro   0x00000fe9       0x8e ./Core/Src/dshot.o
 .debug_macro   0x00001077       0x51 ./Core/Src/dshot.o
 .debug_macro   0x000010c8      0x103 ./Core/Src/dshot.o
 .debug_macro   0x000011cb       0x6a ./Core/Src/dshot.o
 .debug_macro   0x00001235      0x1df ./Core/Src/dshot.o
 .debug_macro   0x00001414       0x1c ./Core/Src/dshot.o
 .debug_macro   0x00001430       0x22 ./Core/Src/dshot.o
 .debug_macro   0x00001452       0xfb ./Core/Src/dshot.o
 .debug_macro   0x0000154d     0x1011 ./Core/Src/dshot.o
 .debug_macro   0x0000255e      0x11f ./Core/Src/dshot.o
 .debug_macro   0x0000267d    0x15ea5 ./Core/Src/dshot.o
 .debug_macro   0x00018522       0x6d ./Core/Src/dshot.o
 .debug_macro   0x0001858f     0x3693 ./Core/Src/dshot.o
 .debug_macro   0x0001bc22      0x189 ./Core/Src/dshot.o
 .debug_macro   0x0001bdab       0x5c ./Core/Src/dshot.o
 .debug_macro   0x0001be07      0x980 ./Core/Src/dshot.o
 .debug_macro   0x0001c787      0x9e9 ./Core/Src/dshot.o
 .debug_macro   0x0001d170      0x115 ./Core/Src/dshot.o
 .debug_macro   0x0001d285      0x13e ./Core/Src/dshot.o
 .debug_macro   0x0001d3c3       0xa5 ./Core/Src/dshot.o
 .debug_macro   0x0001d468      0x174 ./Core/Src/dshot.o
 .debug_macro   0x0001d5dc      0x287 ./Core/Src/dshot.o
 .debug_macro   0x0001d863       0x5f ./Core/Src/dshot.o
 .debug_macro   0x0001d8c2      0x236 ./Core/Src/dshot.o
 .debug_macro   0x0001daf8      0xb5b ./Core/Src/dshot.o
 .debug_macro   0x0001e653      0x38b ./Core/Src/dshot.o
 .debug_macro   0x0001e9de      0x176 ./Core/Src/dshot.o
 .debug_macro   0x0001eb54       0xf9 ./Core/Src/dshot.o
 .debug_macro   0x0001ec4d      0x12c ./Core/Src/dshot.o
 .debug_macro   0x0001ed79      0x21e ./Core/Src/dshot.o
 .debug_macro   0x0001ef97       0x2e ./Core/Src/dshot.o
 .debug_macro   0x0001efc5      0x127 ./Core/Src/dshot.o
 .debug_macro   0x0001f0ec       0x7e ./Core/Src/dshot.o
 .debug_macro   0x0001f16a       0x89 ./Core/Src/dshot.o
 .debug_macro   0x0001f1f3      0x8ed ./Core/Src/dshot.o
 .debug_macro   0x0001fae0       0x4d ./Core/Src/dshot.o
 .debug_macro   0x0001fb2d      0x12d ./Core/Src/dshot.o
 .debug_macro   0x0001fc5a      0x203 ./Core/Src/main.o
 .debug_macro   0x0001fe5d      0x1f6 ./Core/Src/stm32f4xx_hal_msp.o
 .debug_macro   0x00020053      0x200 ./Core/Src/stm32f4xx_it.o
 .debug_macro   0x00020253      0x1ec ./Core/Src/system_stm32f4xx.o
 .debug_macro   0x0002043f      0x24c ./Drivers/STM32F4xx_HAL_Driver/Src/stm32f4xx_hal.o
 .debug_macro   0x0002068b      0x1ed ./Drivers/STM32F4xx_HAL_Driver/Src/stm32f4xx_hal_adc.o
 .debug_macro   0x00020878      0x1ec ./Drivers/STM32F4xx_HAL_Driver/Src/stm32f4xx_hal_cortex.o
 .debug_macro   0x00020a64      0x1f2 ./Drivers/STM32F4xx_HAL_Driver/Src/stm32f4xx_hal_dma.o
 .debug_macro   0x00020c56      0x1f2 ./Drivers/STM32F4xx_HAL_Driver/Src/stm32f4xx_hal_gpio.o
 .debug_macro   0x00020e48      0x210 ./Drivers/STM32F4xx_HAL_Driver/Src/stm32f4xx_hal_rcc.o
 .debug_macro   0x00021058      0x1ed ./Drivers/STM32F4xx_HAL_Driver/Src/stm32f4xx_hal_tim.o
 .debug_macro   0x00021245      0x1ec ./Drivers/STM32F4xx_HAL_Driver/Src/stm32f4xx_hal_tim_ex.o

.debug_line     0x00000000     0xd3e8
 .debug_line    0x00000000      0x92c ./Core/Src/dshot.o
 .debug_line    0x0000092c      0x9bc ./Core/Src/main.o
 .debug_line    0x000012e8      0x8ef ./Core/Src/stm32f4xx_hal_msp.o
 .debug_line    0x00001bd7      0x8b8 ./Core/Src/stm32f4xx_it.o
 .debug_line    0x0000248f      0x7f3 ./Core/Src/system_stm32f4xx.o
 .debug_line    0x00002c82       0x7a ./Core/Startup/startup_stm32f407vgtx.o
 .debug_line    0x00002cfc      0xa6b ./Drivers/STM32F4xx_HAL_Driver/Src/stm32f4xx_hal.o
 .debug_line    0x00003767     0x12f6 ./Drivers/STM32F4xx_HAL_Driver/Src/stm32f4xx_hal_adc.o
 .debug_line    0x00004a5d      0xd5d ./Drivers/STM32F4xx_HAL_Driver/Src/stm32f4xx_hal_cortex.o
 .debug_line    0x000057ba      0xfdb ./Drivers/STM32F4xx_HAL_Driver/Src/stm32f4xx_hal_dma.o
 .debug_line    0x00006795      0xbf7 ./Drivers/STM32F4xx_HAL_Driver/Src/stm32f4xx_hal_gpio.o
 .debug_line    0x0000738c      0xdf4 ./Drivers/STM32F4xx_HAL_Driver/Src/stm32f4xx_hal_rcc.o
 .debug_line    0x00008180     0x3807 ./Drivers/STM32F4xx_HAL_Driver/Src/stm32f4xx_hal_tim.o
 .debug_line    0x0000b987     0x1a61 ./Drivers/STM32F4xx_HAL_Driver/Src/stm32f4xx_hal_tim_ex.o

.debug_str      0x00000000    0xd1d50
 .debug_str     0x00000000    0xceb77 ./Core/Src/dshot.o
                              0xceec5 (size before relaxing)
 .debug_str     0x000ceb77      0xa48 ./Core/Src/main.o
                              0xcf753 (size before relaxing)
 .debug_str     0x000cf5bf      0x13f ./Core/Src/stm32f4xx_hal_msp.o
                              0xcf3b1 (size before relaxing)
 .debug_str     0x000cf6fe      0x15f ./Core/Src/stm32f4xx_it.o
                              0xceba9 (size before relaxing)
 .debug_str     0x000cf85d       0xdb ./Core/Src/system_stm32f4xx.o
                              0xce6c2 (size before relaxing)
 .debug_str     0x000cf938       0x44 ./Core/Startup/startup_stm32f407vgtx.o
                                 0x90 (size before relaxing)
 .debug_str     0x000cf97c      0x60d ./Drivers/STM32F4xx_HAL_Driver/Src/stm32f4xx_hal.o
                              0xcf246 (size before relaxing)
 .debug_str     0x000cff89      0x28d ./Drivers/STM32F4xx_HAL_Driver/Src/stm32f4xx_hal_adc.o
                              0xcecaf (size before relaxing)
 .debug_str     0x000d0216      0x370 ./Drivers/STM32F4xx_HAL_Driver/Src/stm32f4xx_hal_cortex.o
                              0xcefc2 (size before relaxing)
 .debug_str     0x000d0586      0x2d5 ./Drivers/STM32F4xx_HAL_Driver/Src/stm32f4xx_hal_dma.o
                              0xceadc (size before relaxing)
 .debug_str     0x000d085b      0x15d ./Drivers/STM32F4xx_HAL_Driver/Src/stm32f4xx_hal_gpio.o
                              0xce83d (size before relaxing)
 .debug_str     0x000d09b8      0x233 ./Drivers/STM32F4xx_HAL_Driver/Src/stm32f4xx_hal_rcc.o
                              0xceaf6 (size before relaxing)
 .debug_str     0x000d0beb      0xcd2 ./Drivers/STM32F4xx_HAL_Driver/Src/stm32f4xx_hal_tim.o
                              0xcfa4c (size before relaxing)
 .debug_str     0x000d18bd      0x493 ./Drivers/STM32F4xx_HAL_Driver/Src/stm32f4xx_hal_tim_ex.o
                              0xcf258 (size before relaxing)

.comment        0x00000000       0x43
 .comment       0x00000000       0x43 ./Core/Src/dshot.o
                                 0x44 (size before relaxing)
 .comment       0x00000043       0x44 ./Core/Src/main.o
 .comment       0x00000043       0x44 ./Core/Src/stm32f4xx_hal_msp.o
 .comment       0x00000043       0x44 ./Core/Src/stm32f4xx_it.o
 .comment       0x00000043       0x44 ./Core/Src/system_stm32f4xx.o
 .comment       0x00000043       0x44 ./Drivers/STM32F4xx_HAL_Driver/Src/stm32f4xx_hal.o
 .comment       0x00000043       0x44 ./Drivers/STM32F4xx_HAL_Driver/Src/stm32f4xx_hal_adc.o
 .comment       0x00000043       0x44 ./Drivers/STM32F4xx_HAL_Driver/Src/stm32f4xx_hal_cortex.o
 .comment       0x00000043       0x44 ./Drivers/STM32F4xx_HAL_Driver/Src/stm32f4xx_hal_dma.o
 .comment       0x00000043       0x44 ./Drivers/STM32F4xx_HAL_Driver/Src/stm32f4xx_hal_gpio.o
 .comment       0x00000043       0x44 ./Drivers/STM32F4xx_HAL_Driver/Src/stm32f4xx_hal_rcc.o
 .comment       0x00000043       0x44 ./Drivers/STM32F4xx_HAL_Driver/Src/stm32f4xx_hal_tim.o
 .comment       0x00000043       0x44 ./Drivers/STM32F4xx_HAL_Driver/Src/stm32f4xx_hal_tim_ex.o

.debug_frame    0x00000000     0x304c
 .debug_frame   0x00000000      0x160 ./Core/Src/dshot.o
 .debug_frame   0x00000160      0x168 ./Core/Src/main.o
 .debug_frame   0x000002c8       0xf0 ./Core/Src/stm32f4xx_hal_msp.o
 .debug_frame   0x000003b8      0x190 ./Core/Src/stm32f4xx_it.o
 .debug_frame   0x00000548       0x58 ./Core/Src/system_stm32f4xx.o
 .debug_frame   0x000005a0      0x374 ./Drivers/STM32F4xx_HAL_Driver/Src/stm32f4xx_hal.o
 .debug_frame   0x00000914      0x3fc ./Drivers/STM32F4xx_HAL_Driver/Src/stm32f4xx_hal_adc.o
 .debug_frame   0x00000d10      0x508 ./Drivers/STM32F4xx_HAL_Driver/Src/stm32f4xx_hal_cortex.o
 .debug_frame   0x00001218      0x250 ./Drivers/STM32F4xx_HAL_Driver/Src/stm32f4xx_hal_dma.o
 .debug_frame   0x00001468      0x14c ./Drivers/STM32F4xx_HAL_Driver/Src/stm32f4xx_hal_gpio.o
 .debug_frame   0x000015b4      0x1f4 ./Drivers/STM32F4xx_HAL_Driver/Src/stm32f4xx_hal_rcc.o
 .debug_frame   0x000017a8     0x11c0 ./Drivers/STM32F4xx_HAL_Driver/Src/stm32f4xx_hal_tim.o
 .debug_frame   0x00002968      0x638 ./Drivers/STM32F4xx_HAL_Driver/Src/stm32f4xx_hal_tim_ex.o
 .debug_frame   0x00002fa0       0x20 C:/ST/STM32CubeIDE_1.15.1/STM32CubeIDE/plugins/com.st.stm32cube.ide.mcu.externaltools.gnu-tools-for-stm32.12.3.rel1.win32_1.0.100.202403111256/tools/bin/../lib/gcc/arm-none-eabi/12.3.1/../../../../arm-none-eabi/lib/thumb/v7e-m+fp/hard\libc_nano.a(libc_a-memset.o)
 .debug_frame   0x00002fc0       0x2c C:/ST/STM32CubeIDE_1.15.1/STM32CubeIDE/plugins/com.st.stm32cube.ide.mcu.externaltools.gnu-tools-for-stm32.12.3.rel1.win32_1.0.100.202403111256/tools/bin/../lib/gcc/arm-none-eabi/12.3.1/../../../../arm-none-eabi/lib/thumb/v7e-m+fp/hard\libc_nano.a(libc_a-init.o)
 .debug_frame   0x00002fec       0x2c C:/ST/STM32CubeIDE_1.15.1/STM32CubeIDE/plugins/com.st.stm32cube.ide.mcu.externaltools.gnu-tools-for-stm32.12.3.rel1.win32_1.0.100.202403111256/tools/bin/../lib/gcc/arm-none-eabi/12.3.1/thumb/v7e-m+fp/hard\libgcc.a(_aeabi_uldivmod.o)
 .debug_frame   0x00003018       0x34 C:/ST/STM32CubeIDE_1.15.1/STM32CubeIDE/plugins/com.st.stm32cube.ide.mcu.externaltools.gnu-tools-for-stm32.12.3.rel1.win32_1.0.100.202403111256/tools/bin/../lib/gcc/arm-none-eabi/12.3.1/thumb/v7e-m+fp/hard\libgcc.a(_udivmoddi4.o)

.debug_line_str
                0x00000000       0x74
 .debug_line_str
                0x00000000       0x74 ./Core/Startup/startup_stm32f407vgtx.o
