Archive member included to satisfy reference by file (symbol)

C:/ST/STM32CubeIDE_1.15.1/STM32CubeIDE/plugins/com.st.stm32cube.ide.mcu.externaltools.gnu-tools-for-stm32.12.3.rel1.win32_1.0.100.202403111256/tools/bin/../lib/gcc/arm-none-eabi/12.3.1/../../../../arm-none-eabi/lib/thumb/v7e-m+fp/hard\libc_nano.a(libc_a-exit.o)
                              C:/ST/STM32CubeIDE_1.15.1/STM32CubeIDE/plugins/com.st.stm32cube.ide.mcu.externaltools.gnu-tools-for-stm32.12.3.rel1.win32_1.0.100.202403111256/tools/bin/../lib/gcc/arm-none-eabi/12.3.1/../../../../arm-none-eabi/lib/thumb/v7e-m+fp/hard/crt0.o (exit)
C:/ST/STM32CubeIDE_1.15.1/STM32CubeIDE/plugins/com.st.stm32cube.ide.mcu.externaltools.gnu-tools-for-stm32.12.3.rel1.win32_1.0.100.202403111256/tools/bin/../lib/gcc/arm-none-eabi/12.3.1/../../../../arm-none-eabi/lib/thumb/v7e-m+fp/hard\libc_nano.a(libc_a-findfp.o)
                              C:/ST/STM32CubeIDE_1.15.1/STM32CubeIDE/plugins/com.st.stm32cube.ide.mcu.externaltools.gnu-tools-for-stm32.12.3.rel1.win32_1.0.100.202403111256/tools/bin/../lib/gcc/arm-none-eabi/12.3.1/../../../../arm-none-eabi/lib/thumb/v7e-m+fp/hard\libc_nano.a(libc_a-exit.o) (__stdio_exit_handler)
C:/ST/STM32CubeIDE_1.15.1/STM32CubeIDE/plugins/com.st.stm32cube.ide.mcu.externaltools.gnu-tools-for-stm32.12.3.rel1.win32_1.0.100.202403111256/tools/bin/../lib/gcc/arm-none-eabi/12.3.1/../../../../arm-none-eabi/lib/thumb/v7e-m+fp/hard\libc_nano.a(libc_a-fwalk.o)
                              C:/ST/STM32CubeIDE_1.15.1/STM32CubeIDE/plugins/com.st.stm32cube.ide.mcu.externaltools.gnu-tools-for-stm32.12.3.rel1.win32_1.0.100.202403111256/tools/bin/../lib/gcc/arm-none-eabi/12.3.1/../../../../arm-none-eabi/lib/thumb/v7e-m+fp/hard\libc_nano.a(libc_a-findfp.o) (_fwalk_sglue)
C:/ST/STM32CubeIDE_1.15.1/STM32CubeIDE/plugins/com.st.stm32cube.ide.mcu.externaltools.gnu-tools-for-stm32.12.3.rel1.win32_1.0.100.202403111256/tools/bin/../lib/gcc/arm-none-eabi/12.3.1/../../../../arm-none-eabi/lib/thumb/v7e-m+fp/hard\libc_nano.a(libc_a-printf.o)
                              ./Core/Src/M2.1_CalibrationUI.o (printf)
C:/ST/STM32CubeIDE_1.15.1/STM32CubeIDE/plugins/com.st.stm32cube.ide.mcu.externaltools.gnu-tools-for-stm32.12.3.rel1.win32_1.0.100.202403111256/tools/bin/../lib/gcc/arm-none-eabi/12.3.1/../../../../arm-none-eabi/lib/thumb/v7e-m+fp/hard\libc_nano.a(libc_a-puts.o)
                              ./Core/Src/M2.1_CalibrationUI.o (puts)
C:/ST/STM32CubeIDE_1.15.1/STM32CubeIDE/plugins/com.st.stm32cube.ide.mcu.externaltools.gnu-tools-for-stm32.12.3.rel1.win32_1.0.100.202403111256/tools/bin/../lib/gcc/arm-none-eabi/12.3.1/../../../../arm-none-eabi/lib/thumb/v7e-m+fp/hard\libc_nano.a(libc_a-stdio.o)
                              C:/ST/STM32CubeIDE_1.15.1/STM32CubeIDE/plugins/com.st.stm32cube.ide.mcu.externaltools.gnu-tools-for-stm32.12.3.rel1.win32_1.0.100.202403111256/tools/bin/../lib/gcc/arm-none-eabi/12.3.1/../../../../arm-none-eabi/lib/thumb/v7e-m+fp/hard\libc_nano.a(libc_a-findfp.o) (__sread)
C:/ST/STM32CubeIDE_1.15.1/STM32CubeIDE/plugins/com.st.stm32cube.ide.mcu.externaltools.gnu-tools-for-stm32.12.3.rel1.win32_1.0.100.202403111256/tools/bin/../lib/gcc/arm-none-eabi/12.3.1/../../../../arm-none-eabi/lib/thumb/v7e-m+fp/hard\libc_nano.a(libc_a-wbuf.o)
                              C:/ST/STM32CubeIDE_1.15.1/STM32CubeIDE/plugins/com.st.stm32cube.ide.mcu.externaltools.gnu-tools-for-stm32.12.3.rel1.win32_1.0.100.202403111256/tools/bin/../lib/gcc/arm-none-eabi/12.3.1/../../../../arm-none-eabi/lib/thumb/v7e-m+fp/hard\libc_nano.a(libc_a-puts.o) (__swbuf_r)
C:/ST/STM32CubeIDE_1.15.1/STM32CubeIDE/plugins/com.st.stm32cube.ide.mcu.externaltools.gnu-tools-for-stm32.12.3.rel1.win32_1.0.100.202403111256/tools/bin/../lib/gcc/arm-none-eabi/12.3.1/../../../../arm-none-eabi/lib/thumb/v7e-m+fp/hard\libc_nano.a(libc_a-wsetup.o)
                              C:/ST/STM32CubeIDE_1.15.1/STM32CubeIDE/plugins/com.st.stm32cube.ide.mcu.externaltools.gnu-tools-for-stm32.12.3.rel1.win32_1.0.100.202403111256/tools/bin/../lib/gcc/arm-none-eabi/12.3.1/../../../../arm-none-eabi/lib/thumb/v7e-m+fp/hard\libc_nano.a(libc_a-puts.o) (__swsetup_r)
C:/ST/STM32CubeIDE_1.15.1/STM32CubeIDE/plugins/com.st.stm32cube.ide.mcu.externaltools.gnu-tools-for-stm32.12.3.rel1.win32_1.0.100.202403111256/tools/bin/../lib/gcc/arm-none-eabi/12.3.1/../../../../arm-none-eabi/lib/thumb/v7e-m+fp/hard\libc_nano.a(libc_a-memset.o)
                              C:/ST/STM32CubeIDE_1.15.1/STM32CubeIDE/plugins/com.st.stm32cube.ide.mcu.externaltools.gnu-tools-for-stm32.12.3.rel1.win32_1.0.100.202403111256/tools/bin/../lib/gcc/arm-none-eabi/12.3.1/../../../../arm-none-eabi/lib/thumb/v7e-m+fp/hard/crt0.o (memset)
C:/ST/STM32CubeIDE_1.15.1/STM32CubeIDE/plugins/com.st.stm32cube.ide.mcu.externaltools.gnu-tools-for-stm32.12.3.rel1.win32_1.0.100.202403111256/tools/bin/../lib/gcc/arm-none-eabi/12.3.1/../../../../arm-none-eabi/lib/thumb/v7e-m+fp/hard\libc_nano.a(libc_a-closer.o)
[...]
Memory Configuration

Name             Origin             Length             Attributes
CCMRAM           0x10000000         0x00010000         xrw
RAM              0x20000000         0x00020000         xrw
FLASH            0x08000000         0x00100000         xr
*default*        0x00000000         0xffffffff

Linker script and memory map

LOAD C:/ST/STM32CubeIDE_1.15.1/STM32CubeIDE/plugins/com.st.stm32cube.ide.mcu.externaltools.gnu-tools-for-stm32.12.3.rel1.win32_1.0.100.202403111256/tools/bin/../lib/gcc/arm-none-eabi/12.3.1/thumb/v7e-m+fp/hard/crti.o
LOAD C:/ST/STM32CubeIDE_1.15.1/STM32CubeIDE/plugins/com.st.stm32cube.ide.mcu.externaltools.gnu-tools-for-stm32.12.3.rel1.win32_1.0.100.202403111256/tools/bin/../lib/gcc/arm-none-eabi/12.3.1/thumb/v7e-m+fp/hard/crtbegin.o
LOAD C:/ST/STM32CubeIDE_1.15.1/STM32CubeIDE/plugins/com.st.stm32cube.ide.mcu.externaltools.gnu-tools-for-stm32.12.3.rel1.win32_1.0.100.202403111256/tools/bin/../lib/gcc/arm-none-eabi/12.3.1/../../../../arm-none-eabi/lib/thumb/v7e-m+fp/hard/crt0.o
LOAD ./Core/Src/M1.0_SensorReaderCore.o
LOAD ./Core/Src/M1.1_MPU9250.o
LOAD ./Core/Src/M1.2_BMP280.o
LOAD ./Core/Src/M2.0_FactoryCalibrator.o
LOAD ./Core/Src/M2.1_CalibrationUI.o
LOAD ./Core/Src/M3.0_FilterCore.o
LOAD ./Core/Src/M3.1_MatrixOps.o
LOAD ./Core/Src/M3.2_ConfidenceEvaluator.o
LOAD ./Core/Src/M3.3_Attitude.o
LOAD ./Core/Src/M3.4_EKFYaw.o
LOAD ./Core/Src/M3.5_EKFAltitude.o
LOAD ./Core/Src/M3.6_EKFNavXY.o
LOAD ./Core/Src/M3.7_Kinematics.o
LOAD ./Core/Src/M3.8_StationReference.o
LOAD ./Core/Src/M4.0_FlightControl.o
LOAD ./Core/Src/M4.1_PID.o
LOAD ./Core/Src/M4.3_Attitude.o
LOAD ./Core/Src/M5.0_Bonus.o
LOAD ./Core/Src/main.o
LOAD ./Core/Src/stm32f4xx_hal_msp.o
LOAD ./Core/Src/stm32f4xx_it.o
LOAD ./Core/Src/syscalls.o
LOAD ./Core/Src/sysmem.o
LOAD ./Core/Src/system_stm32f4xx.o
LOAD ./Core/Startup/startup_stm32f407vgtx.o
LOAD ./Drivers/STM32F4xx_HAL_Driver/Src/stm32f4xx_hal.o
LOAD ./Drivers/STM32F4xx_HAL_Driver/Src/stm32f4xx_hal_cortex.o
LOAD ./Drivers/STM32F4xx_HAL_Driver/Src/stm32f4xx_hal_dma.o
LOAD ./Drivers/STM32F4xx_HAL_Driver/Src/stm32f4xx_hal_dma_ex.o
LOAD ./Drivers/STM32F4xx_HAL_Driver/Src/stm32f4xx_hal_exti.o
LOAD ./Drivers/STM32F4xx_HAL_Driver/Src/stm32f4xx_hal_flash.o
LOAD ./Drivers/STM32F4xx_HAL_Driver/Src/stm32f4xx_hal_flash_ex.o
LOAD ./Drivers/STM32F4xx_HAL_Driver/Src/stm32f4xx_hal_flash_ramfunc.o
LOAD ./Drivers/STM32F4xx_HAL_Driver/Src/stm32f4xx_hal_gpio.o
LOAD ./Drivers/STM32F4xx_HAL_Driver/Src/stm32f4xx_hal_i2c.o
LOAD ./Drivers/STM32F4xx_HAL_Driver/Src/stm32f4xx_hal_i2c_ex.o
LOAD ./Drivers/STM32F4xx_HAL_Driver/Src/stm32f4xx_hal_pwr.o
LOAD ./Drivers/STM32F4xx_HAL_Driver/Src/stm32f4xx_hal_pwr_ex.o
LOAD ./Drivers/STM32F4xx_HAL_Driver/Src/stm32f4xx_hal_rcc.o
LOAD ./Drivers/STM32F4xx_HAL_Driver/Src/stm32f4xx_hal_rcc_ex.o
LOAD ./Drivers/STM32F4xx_HAL_Driver/Src/stm32f4xx_hal_tim.o
LOAD ./Drivers/STM32F4xx_HAL_Driver/Src/stm32f4xx_hal_tim_ex.o
LOAD ./Drivers/STM32F4xx_HAL_Driver/Src/stm32f4xx_hal_uart.o
START GROUP
LOAD C:/ST/STM32CubeIDE_1.15.1/STM32CubeIDE/plugins/com.st.stm32cube.ide.mcu.externaltools.gnu-tools-for-stm32.12.3.rel1.win32_1.0.100.202403111256/tools/bin/../lib/gcc/arm-none-eabi/12.3.1/../../../../arm-none-eabi/lib/thumb/v7e-m+fp/hard\libc_nano.a
LOAD C:/ST/STM32CubeIDE_1.15.1/STM32CubeIDE/plugins/com.st.stm32cube.ide.mcu.externaltools.gnu-tools-for-stm32.12.3.rel1.win32_1.0.100.202403111256/tools/bin/../lib/gcc/arm-none-eabi/12.3.1/../../../../arm-none-eabi/lib/thumb/v7e-m+fp/hard\libm.a
END GROUP
START GROUP
LOAD C:/ST/STM32CubeIDE_1.15.1/STM32CubeIDE/plugins/com.st.stm32cube.ide.mcu.externaltools.gnu-tools-for-stm32.12.3.rel1.win32_1.0.100.202403111256/tools/bin/../lib/gcc/arm-none-eabi/12.3.1/thumb/v7e-m+fp/hard\libgcc.a
LOAD C:/ST/STM32CubeIDE_1.15.1/STM32CubeIDE/plugins/com.st.stm32cube.ide.mcu.externaltools.gnu-tools-for-stm32.12.3.rel1.win32_1.0.100.202403111256/tools/bin/../lib/gcc/arm-none-eabi/12.3.1/../../../../arm-none-eabi/lib/thumb/v7e-m+fp/hard\libc_nano.a
END GROUP
START GROUP
LOAD C:/ST/STM32CubeIDE_1.15.1/STM32CubeIDE/plugins/com.st.stm32cube.ide.mcu.externaltools.gnu-tools-for-stm32.12.3.rel1.win32_1.0.100.202403111256/tools/bin/../lib/gcc/arm-none-eabi/12.3.1/thumb/v7e-m+fp/hard\libgcc.a
LOAD C:/ST/STM32CubeIDE_1.15.1/STM32CubeIDE/plugins/com.st.stm32cube.ide.mcu.externaltools.gnu-tools-for-stm32.12.3.rel1.win32_1.0.100.202403111256/tools/bin/../lib/gcc/arm-none-eabi/12.3.1/../../../../arm-none-eabi/lib/thumb/v7e-m+fp/hard\libc_nano.a
LOAD C:/ST/STM32CubeIDE_1.15.1/STM32CubeIDE/plugins/com.st.stm32cube.ide.mcu.externaltools.gnu-tools-for-stm32.12.3.rel1.win32_1.0.100.202403111256/tools/bin/../lib/gcc/arm-none-eabi/12.3.1/../../../../arm-none-eabi/lib/thumb/v7e-m+fp/hard\libnosys.a
END GROUP
START GROUP
LOAD C:/ST/STM32CubeIDE_1.15.1/STM32CubeIDE/plugins/com.st.stm32cube.ide.mcu.externaltools.gnu-tools-for-stm32.12.3.rel1.win32_1.0.100.202403111256/tools/bin/../lib/gcc/arm-none-eabi/12.3.1/thumb/v7e-m+fp/hard\libgcc.a
LOAD C:/ST/STM32CubeIDE_1.15.1/STM32CubeIDE/plugins/com.st.stm32cube.ide.mcu.externaltools.gnu-tools-for-stm32.12.3.rel1.win32_1.0.100.202403111256/tools/bin/../lib/gcc/arm-none-eabi/12.3.1/../../../../arm-none-eabi/lib/thumb/v7e-m+fp/hard\libc_nano.a
LOAD C:/ST/STM32CubeIDE_1.15.1/STM32CubeIDE/plugins/com.st.stm32cube.ide.mcu.externaltools.gnu-tools-for-stm32.12.3.rel1.win32_1.0.100.202403111256/tools/bin/../lib/gcc/arm-none-eabi/12.3.1/../../../../arm-none-eabi/lib/thumb/v7e-m+fp/hard\libnosys.a
END GROUP
LOAD C:/ST/STM32CubeIDE_1.15.1/STM32CubeIDE/plugins/com.st.stm32cube.ide.mcu.externaltools.gnu-tools-for-stm32.12.3.rel1.win32_1.0.100.202403111256/tools/bin/../lib/gcc/arm-none-eabi/12.3.1/thumb/v7e-m+fp/hard/crtend.o
LOAD C:/ST/STM32CubeIDE_1.15.1/STM32CubeIDE/plugins/com.st.stm32cube.ide.mcu.externaltools.gnu-tools-for-stm32.12.3.rel1.win32_1.0.100.202403111256/tools/bin/../lib/gcc/arm-none-eabi/12.3.1/thumb/v7e-m+fp/hard/crtn.o
                0x20020000                        _estack = (ORIGIN (RAM) + LENGTH (RAM))
                0x00000200                        _Min_Heap_Size = 0x200
                0x00000400                        _Min_Stack_Size = 0x400

.isr_vector     0x08000000      0x188
                0x08000000                        . = ALIGN (0x4)
 *(.isr_vector)
 .isr_vector    0x08000000      0x188 ./Core/Startup/startup_stm32f407vgtx.o
                0x08000000                g_pfnVectors
                0x08000188                        . = ALIGN (0x4)

.text           0x08000188     0xa820
                0x08000188                        . = ALIGN (0x4)
 *(.text)
 .text          0x08000188       0x40 C:/ST/STM32CubeIDE_1.15.1/STM32CubeIDE/plugins/com.st.stm32cube.ide.mcu.externaltools.gnu-tools-for-stm32.12.3.rel1.win32_1.0.100.202403111256/tools/bin/../lib/gcc/arm-none-eabi/12.3.1/thumb/v7e-m+fp/hard/crtbegin.o
 .text          0x080001c8      0x378 C:/ST/STM32CubeIDE_1.15.1/STM32CubeIDE/plugins/com.st.stm32cube.ide.mcu.externaltools.gnu-tools-for-stm32.12.3.rel1.win32_1.0.100.202403111256/tools/bin/../lib/gcc/arm-none-eabi/12.3.1/thumb/v7e-m+fp/hard\libgcc.a(_arm_addsubdf3.o)
                0x080001c8                __aeabi_drsub
                0x080001d0                __aeabi_dsub
                0x080001d0                __subdf3
                0x080001d4                __aeabi_dadd
                0x080001d4                __adddf3
                0x0800044c                __floatunsidf
                0x0800044c                __aeabi_ui2d
                0x0800046c                __floatsidf
                0x0800046c                __aeabi_i2d
                0x08000490                __aeabi_f2d
                0x08000490                __extendsfdf2
                0x080004d4                __floatundidf
                0x080004d4                __aeabi_ul2d
                0x080004e4                __floatdidf
                0x080004e4                __aeabi_l2d
 .text          0x08000540      0x424 C:/ST/STM32CubeIDE_1.15.1/STM32CubeIDE/plugins/com.st.stm32cube.ide.mcu.externaltools.gnu-tools-for-stm32.12.3.rel1.win32_1.0.100.202403111256/tools/bin/../lib/gcc/arm-none-eabi/12.3.1/thumb/v7e-m+fp/hard\libgcc.a(_arm_muldivdf3.o)
                0x08000540                __aeabi_dmul
                0x08000540                __muldf3
                0x08000794                __divdf3
                0x08000794                __aeabi_ddiv
 .text          0x08000964      0x110 C:/ST/STM32CubeIDE_1.15.1/STM32CubeIDE/plugins/com.st.stm32cube.ide.mcu.externaltools.gnu-tools-for-stm32.12.3.rel1.win32_1.0.100.202403111256/tools/bin/../lib/gcc/arm-none-eabi/12.3.1/thumb/v7e-m+fp/hard\libgcc.a(_arm_cmpdf2.o)
                0x08000964                __gtdf2
                0x08000964                __gedf2
                0x0800096c                __ltdf2
                0x0800096c                __ledf2
                0x08000974                __nedf2
                0x08000974                __eqdf2
                0x08000974                __cmpdf2
                0x080009f0                __aeabi_cdrcmple
                0x08000a00                __aeabi_cdcmpeq
                0x08000a00                __aeabi_cdcmple
                0x08000a10                __aeabi_dcmpeq
                0x08000a24                __aeabi_dcmplt
                0x08000a38                __aeabi_dcmple
                0x08000a4c                __aeabi_dcmpge
                0x08000a60                __aeabi_dcmpgt
 .text          0x08000a74       0x50 C:/ST/STM32CubeIDE_1.15.1/STM32CubeIDE/plugins/com.st.stm32cube.ide.mcu.externaltools.gnu-tools-for-stm32.12.3.rel1.win32_1.0.100.202403111256/tools/bin/../lib/gcc/arm-none-eabi/12.3.1/thumb/v7e-m+fp/hard\libgcc.a(_arm_fixdfsi.o)
                0x08000a74                __aeabi_d2iz
                0x08000a74                __fixdfsi
 .text          0x08000ac4       0xa0 C:/ST/STM32CubeIDE_1.15.1/STM32CubeIDE/plugins/com.st.stm32cube.ide.mcu.externaltools.gnu-tools-for-stm32.12.3.rel1.win32_1.0.100.202403111256/tools/bin/../lib/gcc/arm-none-eabi/12.3.1/thumb/v7e-m+fp/hard\libgcc.a(_arm_truncdfsf2.o)
                0x08000ac4                __truncdfsf2
                0x08000ac4                __aeabi_d2f
 .text          0x08000b64       0x30 C:/ST/STM32CubeIDE_1.15.1/STM32CubeIDE/plugins/com.st.stm32cube.ide.mcu.externaltools.gnu-tools-for-stm32.12.3.rel1.win32_1.0.100.202403111256/tools/bin/../lib/gcc/arm-none-eabi/12.3.1/thumb/v7e-m+fp/hard\libgcc.a(_aeabi_uldivmod.o)
                0x08000b64                __aeabi_uldivmod
 .text          0x08000b94      0x2bc C:/ST/STM32CubeIDE_1.15.1/STM32CubeIDE/plugins/com.st.stm32cube.ide.mcu.externaltools.gnu-tools-for-stm32.12.3.rel1.win32_1.0.100.202403111256/tools/bin/../lib/gcc/arm-none-eabi/12.3.1/thumb/v7e-m+fp/hard\libgcc.a(_udivmoddi4.o)
                0x08000b94                __udivmoddi4
 .text          0x08000e50        0x4 C:/ST/STM32CubeIDE_1.15.1/STM32CubeIDE/plugins/com.st.stm32cube.ide.mcu.externaltools.gnu-tools-for-stm32.12.3.rel1.win32_1.0.100.202403111256/tools/bin/../lib/gcc/arm-none-eabi/12.3.1/thumb/v7e-m+fp/hard\libgcc.a(_dvmd_tls.o)
                0x08000e50                __aeabi_idiv0
                0x08000e50                __aeabi_ldiv0
 *(.text*)
 .text.SensorReaderCore_Init
                0x08000e54       0x94 ./Core/Src/M1.0_SensorReaderCore.o
                0x08000e54                SensorReaderCore_Init
 .text.SensorReaderCore_Update
                0x08000ee8       0x64 ./Core/Src/M1.0_SensorReaderCore.o
                0x08000ee8                SensorReaderCore_Update
 .text.I2C_BusRecovery
                0x08000f4c       0xcc ./Core/Src/M1.0_SensorReaderCore.o
                0x08000f4c                I2C_BusRecovery
 .text.MPU9250_ReadRegister
                0x08001018       0x60 ./Core/Src/M1.1_MPU9250.o
 .text.MPU9250_WriteRegister
                0x08001078       0x5c ./Core/Src/M1.1_MPU9250.o
 .text.AK8963_ReadRegister
                0x080010d4       0x60 ./Core/Src/M1.1_MPU9250.o
 .text.AK8963_WriteRegister
                0x08001134       0x5c ./Core/Src/M1.1_MPU9250.o
 .text.MPU9250_ToInt16
                0x08001190       0x2a ./Core/Src/M1.1_MPU9250.o
 .text.AK8963_ToInt16_LE
                0x080011ba       0x2a ./Core/Src/M1.1_MPU9250.o
 .text.AK8963_Init
                0x080011e4      0x150 ./Core/Src/M1.1_MPU9250.o
 .text.AK8963_Read
                0x08001334      0x13c ./Core/Src/M1.1_MPU9250.o
 .text.MPU9250_Init
                0x08001470      0x14c ./Core/Src/M1.1_MPU9250.o
                0x08001470                MPU9250_Init
 .text.MPU9250_Read
                0x080015bc      0x174 ./Core/Src/M1.1_MPU9250.o
                0x080015bc                MPU9250_Read
 .text.BMP280_ReadRegister
                0x08001730       0x60 ./Core/Src/M1.2_BMP280.o
 .text.BMP280_WriteRegister
                0x08001790       0x5c ./Core/Src/M1.2_BMP280.o
 .text.BMP280_U16_LE
                0x080017ec       0x2c ./Core/Src/M1.2_BMP280.o
 .text.BMP280_S16_LE
                0x08001818       0x28 ./Core/Src/M1.2_BMP280.o
 .text.BMP280_ReadCalibration
                0x08001840      0x128 ./Core/Src/M1.2_BMP280.o
 .text.BMP280_CompensateTemperature
                0x08001968      0x190 ./Core/Src/M1.2_BMP280.o
 .text.BMP280_CompensatePressure
                0x08001af8      0x340 ./Core/Src/M1.2_BMP280.o
 .text.BMP280_Init
                0x08001e38       0xa8 ./Core/Src/M1.2_BMP280.o
                0x08001e38                BMP280_Init
 .text.BMP280_Read
                0x08001ee0       0xb4 ./Core/Src/M1.2_BMP280.o
                0x08001ee0                BMP280_Read
 .text.SensorCalib_Init
                0x08001f94       0xd4 ./Core/Src/M2.0_FactoryCalibrator.o
                0x08001f94                SensorCalib_Init
 .text.SensorCalibApply
                0x08002068      0x150 ./Core/Src/M2.0_FactoryCalibrator.o
                0x08002068                SensorCalibApply
 .text.SensorCalib_ApplyBoardAlignment
                0x080021b8       0x58 ./Core/Src/M2.0_FactoryCalibrator.o
                0x080021b8                SensorCalib_ApplyBoardAlignment
 .text.InitConfidences
                0x08002210       0xa6 ./Core/Src/M3.0_FilterCore.o
 .text.Filter_Init
                0x080022b6       0x8a ./Core/Src/M3.0_FilterCore.o
                0x080022b6                Filter_Init
 .text.Filter_Update
                0x08002340      0x1c8 ./Core/Src/M3.0_FilterCore.o
                0x08002340                Filter_Update
 .text.mat_add  0x08002508       0x62 ./Core/Src/M3.1_MatrixOps.o
                0x08002508                mat_add
 .text.mat_mult
                0x0800256a       0xb0 ./Core/Src/M3.1_MatrixOps.o
                0x0800256a                mat_mult
 .text.mat_trans
                0x0800261a       0x6c ./Core/Src/M3.1_MatrixOps.o
                0x0800261a                mat_trans
 *fill*         0x08002686        0x2 
 .text.EvaluateChannel
                0x08002688       0xbc ./Core/Src/M3.2_ConfidenceEvaluator.o
 .text.CE_Init  0x08002744       0x78 ./Core/Src/M3.2_ConfidenceEvaluator.o
                0x08002744                CE_Init
 .text.CE_Update
                0x080027bc      0x314 ./Core/Src/M3.2_ConfidenceEvaluator.o
                0x080027bc                CE_Update
 .text.M3_Attitude_Init
                0x08002ad0       0x3a ./Core/Src/M3.3_Attitude.o
                0x08002ad0                M3_Attitude_Init
 *fill*         0x08002b0a        0x2 
 .text.M3_Attitude_Update
                0x08002b0c      0x6a8 ./Core/Src/M3.3_Attitude.o
                0x08002b0c                M3_Attitude_Update
 .text.wrap_180
                0x080031b4       0x74 ./Core/Src/M3.4_EKFYaw.o
 .text.M4_Yaw_Init
                0x08003228       0x24 ./Core/Src/M3.4_EKFYaw.o
                0x08003228                M4_Yaw_Init
 .text.M4_Yaw_Update
                0x0800324c      0x3b4 ./Core/Src/M3.4_EKFYaw.o
                0x0800324c                M4_Yaw_Update
 .text.M5_Altitude_Init
                0x08003600       0x54 ./Core/Src/M3.5_EKFAltitude.o
                0x08003600                M5_Altitude_Init
 .text.M5_Altitude_Update
                0x08003654      0x984 ./Core/Src/M3.5_EKFAltitude.o
                0x08003654                M5_Altitude_Update
 .text.M6_NavXY_Init
                0x08003fd8       0x60 ./Core/Src/M3.6_EKFNavXY.o
                0x08003fd8                M6_NavXY_Init
 .text.M6_NavXY_Update
                0x08004038      0xba4 ./Core/Src/M3.6_EKFNavXY.o
                0x08004038                M6_NavXY_Update
 .text.Kinematics_BodyToEarth
                0x08004bdc      0x270 ./Core/Src/M3.7_Kinematics.o
                0x08004bdc                Kinematics_BodyToEarth
 .text.Station_Init
                0x08004e4c       0x4c ./Core/Src/M3.8_StationReference.o
                0x08004e4c                Station_Init
 .text.Calculate_CRC8
                0x08004e98       0x70 ./Core/Src/M5.0_Bonus.o
 .text.M_Bonus_Init
                0x08004f08       0x34 ./Core/Src/M5.0_Bonus.o
                0x08004f08                M_Bonus_Init
 .text.M_Bonus_PackTelemetry
                0x08004f3c       0xc8 ./Core/Src/M5.0_Bonus.o
                0x08004f3c                M_Bonus_PackTelemetry
 .text.main     0x08005004       0xa8 ./Core/Src/main.o
                0x08005004                main
 .text.SystemClock_Config
                0x080050ac       0xd4 ./Core/Src/main.o
                0x080050ac                SystemClock_Config
 .text.MX_I2C1_Init
                0x08005180       0x5c ./Core/Src/main.o
 .text.MX_USART2_UART_Init
                0x080051dc       0x54 ./Core/Src/main.o
 .text.MX_GPIO_Init
                0x08005230       0xa4 ./Core/Src/main.o
 .text.Error_Handler
                0x080052d4        0xc ./Core/Src/main.o
                0x080052d4                Error_Handler
 .text.HAL_MspInit
                0x080052e0       0x50 ./Core/Src/stm32f4xx_hal_msp.o
                0x080052e0                HAL_MspInit
 .text.HAL_I2C_MspInit
                0x08005330       0x90 ./Core/Src/stm32f4xx_hal_msp.o
                0x08005330                HAL_I2C_MspInit
 .text.HAL_I2C_MspDeInit
                0x080053c0       0x44 ./Core/Src/stm32f4xx_hal_msp.o
                0x080053c0                HAL_I2C_MspDeInit
 .text.HAL_UART_MspInit
                0x08005404       0x90 ./Core/Src/stm32f4xx_hal_msp.o
                0x08005404                HAL_UART_MspInit
 .text.NMI_Handler
                0x08005494        0x8 ./Core/Src/stm32f4xx_it.o
                0x08005494                NMI_Handler
 .text.HardFault_Handler
                0x0800549c        0x8 ./Core/Src/stm32f4xx_it.o
                0x0800549c                HardFault_Handler
 .text.MemManage_Handler
                0x080054a4        0x8 ./Core/Src/stm32f4xx_it.o
                0x080054a4                MemManage_Handler
 .text.BusFault_Handler
                0x080054ac        0x8 ./Core/Src/stm32f4xx_it.o
                0x080054ac                BusFault_Handler
 .text.UsageFault_Handler
                0x080054b4        0x8 ./Core/Src/stm32f4xx_it.o
                0x080054b4                UsageFault_Handler
 .text.SVC_Handler
                0x080054bc        0xe ./Core/Src/stm32f4xx_it.o
                0x080054bc                SVC_Handler
 .text.DebugMon_Handler
                0x080054ca        0xe ./Core/Src/stm32f4xx_it.o
                0x080054ca                DebugMon_Handler
 .text.PendSV_Handler
                0x080054d8        0xe ./Core/Src/stm32f4xx_it.o
                0x080054d8                PendSV_Handler
 .text.SysTick_Handler
                0x080054e6        0xc ./Core/Src/stm32f4xx_it.o
                0x080054e6                SysTick_Handler
 *fill*         0x080054f2        0x2 
 .text.SystemInit
                0x080054f4       0x24 ./Core/Src/system_stm32f4xx.o
                0x080054f4                SystemInit
 .text.Reset_Handler
                0x08005518       0x50 ./Core/Startup/startup_stm32f407vgtx.o
                0x08005518                Reset_Handler
 .text.Default_Handler
                0x08005568        0x2 ./Core/Startup/startup_stm32f407vgtx.o
                0x08005568                RTC_Alarm_IRQHandler
                0x08005568                HASH_RNG_IRQHandler
                0x08005568                EXTI2_IRQHandler
                0x08005568                TIM8_CC_IRQHandler
                0x08005568                TIM1_CC_IRQHandler
                0x08005568                DMA2_Stream5_IRQHandler
                0x08005568                DMA1_Stream5_IRQHandler
                0x08005568                PVD_IRQHandler
                0x08005568                SDIO_IRQHandler
                0x08005568                TAMP_STAMP_IRQHandler
                0x08005568                CAN2_RX1_IRQHandler
                0x08005568                EXTI3_IRQHandler
                0x08005568                TIM8_TRG_COM_TIM14_IRQHandler
                0x08005568                TIM1_UP_TIM10_IRQHandler
                0x08005568                TIM8_UP_TIM13_IRQHandler
                0x08005568                I2C3_ER_IRQHandler
                0x08005568                EXTI0_IRQHandler
                0x08005568                I2C2_EV_IRQHandler
                0x08005568                DMA1_Stream2_IRQHandler
                0x08005568                CAN1_RX0_IRQHandler
                0x08005568                FPU_IRQHandler
                0x08005568                OTG_HS_WKUP_IRQHandler
                0x08005568                CAN2_SCE_IRQHandler
                0x08005568                DMA2_Stream2_IRQHandler
                0x08005568                SPI1_IRQHandler
                0x08005568                TIM6_DAC_IRQHandler
                0x08005568                TIM1_BRK_TIM9_IRQHandler
                0x08005568                DCMI_IRQHandler
                0x08005568                CAN2_RX0_IRQHandler
                0x08005568                DMA2_Stream3_IRQHandler
                0x08005568                USART6_IRQHandler
                0x08005568                USART3_IRQHandler
                0x08005568                CAN1_RX1_IRQHandler
                0x08005568                UART5_IRQHandler
                0x08005568                DMA2_Stream0_IRQHandler
                0x08005568                TIM4_IRQHandler
                0x08005568                I2C1_EV_IRQHandler
                0x08005568                DMA1_Stream6_IRQHandler
                0x08005568                DMA1_Stream1_IRQHandler
                0x08005568                UART4_IRQHandler
                0x08005568                TIM3_IRQHandler
                0x08005568                RCC_IRQHandler
                0x08005568                TIM8_BRK_TIM12_IRQHandler
                0x08005568                Default_Handler
                0x08005568                EXTI15_10_IRQHandler
                0x08005568                ADC_IRQHandler
                0x08005568                DMA1_Stream7_IRQHandler
                0x08005568                TIM7_IRQHandler
                0x08005568                CAN2_TX_IRQHandler
                0x08005568                TIM5_IRQHandler
                0x08005568                DMA2_Stream7_IRQHandler
                0x08005568                I2C3_EV_IRQHandler
                0x08005568                EXTI9_5_IRQHandler
                0x08005568                RTC_WKUP_IRQHandler
                0x08005568                ETH_WKUP_IRQHandler
                0x08005568                SPI2_IRQHandler
                0x08005568                OTG_HS_EP1_IN_IRQHandler
                0x08005568                DMA1_Stream0_IRQHandler
                0x08005568                CAN1_TX_IRQHandler
                0x08005568                EXTI4_IRQHandler
                0x08005568                FSMC_IRQHandler
                0x08005568                ETH_IRQHandler
                0x08005568                OTG_HS_EP1_OUT_IRQHandler
                0x08005568                WWDG_IRQHandler
                0x08005568                TIM2_IRQHandler
                0x08005568                OTG_FS_WKUP_IRQHandler
                0x08005568                TIM1_TRG_COM_TIM11_IRQHandler
                0x08005568                OTG_HS_IRQHandler
                0x08005568                EXTI1_IRQHandler
                0x08005568                USART2_IRQHandler
                0x08005568                I2C2_ER_IRQHandler
                0x08005568                DMA2_Stream1_IRQHandler
                0x08005568                CAN1_SCE_IRQHandler
                0x08005568                FLASH_IRQHandler
                0x08005568                DMA2_Stream4_IRQHandler
                0x08005568                USART1_IRQHandler
                0x08005568                OTG_FS_IRQHandler
                0x08005568                SPI3_IRQHandler
                0x08005568                DMA1_Stream4_IRQHandler
                0x08005568                I2C1_ER_IRQHandler
                0x08005568                DMA2_Stream6_IRQHandler
                0x08005568                DMA1_Stream3_IRQHandler
 *fill*         0x0800556a        0x2 
 .text.HAL_Init
                0x0800556c       0x44 ./Drivers/STM32F4xx_HAL_Driver/Src/stm32f4xx_hal.o
                0x0800556c                HAL_Init
 .text.HAL_InitTick
                0x080055b0       0x60 ./Drivers/STM32F4xx_HAL_Driver/Src/stm32f4xx_hal.o
                0x080055b0                HAL_InitTick
 .text.HAL_IncTick
                0x08005610       0x28 ./Drivers/STM32F4xx_HAL_Driver/Src/stm32f4xx_hal.o
                0x08005610                HAL_IncTick
 .text.HAL_GetTick
                0x08005638       0x18 ./Drivers/STM32F4xx_HAL_Driver/Src/stm32f4xx_hal.o
                0x08005638                HAL_GetTick
 .text.HAL_Delay
                0x08005650       0x48 ./Drivers/STM32F4xx_HAL_Driver/Src/stm32f4xx_hal.o
                0x08005650                HAL_Delay
 .text.__NVIC_SetPriorityGrouping
                0x08005698       0x48 ./Drivers/STM32F4xx_HAL_Driver/Src/stm32f4xx_hal_cortex.o
 .text.__NVIC_GetPriorityGrouping
                0x080056e0       0x1c ./Drivers/STM32F4xx_HAL_Driver/Src/stm32f4xx_hal_cortex.o
 .text.__NVIC_SetPriority
                0x080056fc       0x54 ./Drivers/STM32F4xx_HAL_Driver/Src/stm32f4xx_hal_cortex.o
 .text.NVIC_EncodePriority
                0x08005750       0x66 ./Drivers/STM32F4xx_HAL_Driver/Src/stm32f4xx_hal_cortex.o
 *fill*         0x080057b6        0x2 
 .text.SysTick_Config
                0x080057b8       0x44 ./Drivers/STM32F4xx_HAL_Driver/Src/stm32f4xx_hal_cortex.o
 .text.HAL_NVIC_SetPriorityGrouping
                0x080057fc       0x16 ./Drivers/STM32F4xx_HAL_Driver/Src/stm32f4xx_hal_cortex.o
                0x080057fc                HAL_NVIC_SetPriorityGrouping
 .text.HAL_NVIC_SetPriority
                0x08005812       0x38 ./Drivers/STM32F4xx_HAL_Driver/Src/stm32f4xx_hal_cortex.o
                0x08005812                HAL_NVIC_SetPriority
 .text.HAL_SYSTICK_Config
                0x0800584a       0x18 ./Drivers/STM32F4xx_HAL_Driver/Src/stm32f4xx_hal_cortex.o
                0x0800584a                HAL_SYSTICK_Config
 *fill*         0x08005862        0x2 
 .text.HAL_GPIO_Init
                0x08005864      0x338 ./Drivers/STM32F4xx_HAL_Driver/Src/stm32f4xx_hal_gpio.o
                0x08005864                HAL_GPIO_Init
 .text.HAL_GPIO_DeInit
                0x08005b9c      0x1f8 ./Drivers/STM32F4xx_HAL_Driver/Src/stm32f4xx_hal_gpio.o
                0x08005b9c                HAL_GPIO_DeInit
 .text.HAL_GPIO_WritePin
                0x08005d94       0x32 ./Drivers/STM32F4xx_HAL_Driver/Src/stm32f4xx_hal_gpio.o
                0x08005d94                HAL_GPIO_WritePin
 *fill*         0x08005dc6        0x2 
 .text.HAL_I2C_Init
                0x08005dc8      0x288 ./Drivers/STM32F4xx_HAL_Driver/Src/stm32f4xx_hal_i2c.o
                0x08005dc8                HAL_I2C_Init
 .text.HAL_I2C_DeInit
                0x08006050       0x5e ./Drivers/STM32F4xx_HAL_Driver/Src/stm32f4xx_hal_i2c.o
                0x08006050                HAL_I2C_DeInit
 *fill*         0x080060ae        0x2 
 .text.HAL_I2C_Mem_Write
                0x080060b0      0x1f4 ./Drivers/STM32F4xx_HAL_Driver/Src/stm32f4xx_hal_i2c.o
                0x080060b0                HAL_I2C_Mem_Write
 .text.HAL_I2C_Mem_Read
                0x080062a4      0x464 ./Drivers/STM32F4xx_HAL_Driver/Src/stm32f4xx_hal_i2c.o
                0x080062a4                HAL_I2C_Mem_Read
 .text.HAL_I2C_IsDeviceReady
                0x08006708      0x25c ./Drivers/STM32F4xx_HAL_Driver/Src/stm32f4xx_hal_i2c.o
                0x08006708                HAL_I2C_IsDeviceReady
 .text.I2C_RequestMemoryWrite
                0x08006964      0x12c ./Drivers/STM32F4xx_HAL_Driver/Src/stm32f4xx_hal_i2c.o
 .text.I2C_RequestMemoryRead
                0x08006a90      0x1d0 ./Drivers/STM32F4xx_HAL_Driver/Src/stm32f4xx_hal_i2c.o
 .text.I2C_WaitOnFlagUntilTimeout
                0x08006c60       0xf4 ./Drivers/STM32F4xx_HAL_Driver/Src/stm32f4xx_hal_i2c.o
 .text.I2C_WaitOnMasterAddressFlagUntilTimeout
                0x08006d54      0x140 ./Drivers/STM32F4xx_HAL_Driver/Src/stm32f4xx_hal_i2c.o
 .text.I2C_WaitOnTXEFlagUntilTimeout
                0x08006e94       0x90 ./Drivers/STM32F4xx_HAL_Driver/Src/stm32f4xx_hal_i2c.o
 .text.I2C_WaitOnBTFFlagUntilTimeout
                0x08006f24       0x90 ./Drivers/STM32F4xx_HAL_Driver/Src/stm32f4xx_hal_i2c.o
 .text.I2C_WaitOnRXNEFlagUntilTimeout
                0x08006fb4       0xba ./Drivers/STM32F4xx_HAL_Driver/Src/stm32f4xx_hal_i2c.o
 .text.I2C_IsAcknowledgeFailed
                0x0800706e       0x5e ./Drivers/STM32F4xx_HAL_Driver/Src/stm32f4xx_hal_i2c.o
 .text.HAL_RCC_OscConfig
                0x080070cc      0x4f0 ./Drivers/STM32F4xx_HAL_Driver/Src/stm32f4xx_hal_rcc.o
                0x080070cc                HAL_RCC_OscConfig
 .text.HAL_RCC_ClockConfig
                0x080075bc      0x1cc ./Drivers/STM32F4xx_HAL_Driver/Src/stm32f4xx_hal_rcc.o
                0x080075bc                HAL_RCC_ClockConfig
 .text.HAL_RCC_GetSysClockFreq
                0x08007788      0x18c ./Drivers/STM32F4xx_HAL_Driver/Src/stm32f4xx_hal_rcc.o
                0x08007788                HAL_RCC_GetSysClockFreq
 .text.HAL_RCC_GetHCLKFreq
                0x08007914       0x18 ./Drivers/STM32F4xx_HAL_Driver/Src/stm32f4xx_hal_rcc.o
                0x08007914                HAL_RCC_GetHCLKFreq
 .text.HAL_RCC_GetPCLK1Freq
                0x0800792c       0x28 ./Drivers/STM32F4xx_HAL_Driver/Src/stm32f4xx_hal_rcc.o
                0x0800792c                HAL_RCC_GetPCLK1Freq
 .text.HAL_RCC_GetPCLK2Freq
                0x08007954       0x28 ./Drivers/STM32F4xx_HAL_Driver/Src/stm32f4xx_hal_rcc.o
                0x08007954                HAL_RCC_GetPCLK2Freq
 .text.HAL_UART_Init
                0x0800797c       0xa0 ./Drivers/STM32F4xx_HAL_Driver/Src/stm32f4xx_hal_uart.o
                0x0800797c                HAL_UART_Init
 .text.HAL_UART_Transmit
                0x08007a1c      0x116 ./Drivers/STM32F4xx_HAL_Driver/Src/stm32f4xx_hal_uart.o
                0x08007a1c                HAL_UART_Transmit
 .text.UART_WaitOnFlagUntilTimeout
                0x08007b32       0xb2 ./Drivers/STM32F4xx_HAL_Driver/Src/stm32f4xx_hal_uart.o
 .text.UART_EndRxTransfer
                0x08007be4       0xc6 ./Drivers/STM32F4xx_HAL_Driver/Src/stm32f4xx_hal_uart.o
 *fill*         0x08007caa        0x2 
 .text.UART_SetConfig
                0x08007cac      0x4e8 ./Drivers/STM32F4xx_HAL_Driver/Src/stm32f4xx_hal_uart.o
 .text.memset   0x08008194       0x10 C:/ST/STM32CubeIDE_1.15.1/STM32CubeIDE/plugins/com.st.stm32cube.ide.mcu.externaltools.gnu-tools-for-stm32.12.3.rel1.win32_1.0.100.202403111256/tools/bin/../lib/gcc/arm-none-eabi/12.3.1/../../../../arm-none-eabi/lib/thumb/v7e-m+fp/hard\libc_nano.a(libc_a-memset.o)
                0x08008194                memset
 .text.__errno  0x080081a4        0xc C:/ST/STM32CubeIDE_1.15.1/STM32CubeIDE/plugins/com.st.stm32cube.ide.mcu.externaltools.gnu-tools-for-stm32.12.3.rel1.win32_1.0.100.202403111256/tools/bin/../lib/gcc/arm-none-eabi/12.3.1/../../../../arm-none-eabi/lib/thumb/v7e-m+fp/hard\libc_nano.a(libc_a-errno.o)
                0x080081a4                __errno
 .text.__libc_init_array
                0x080081b0       0x48 C:/ST/STM32CubeIDE_1.15.1/STM32CubeIDE/plugins/com.st.stm32cube.ide.mcu.externaltools.gnu-tools-for-stm32.12.3.rel1.win32_1.0.100.202403111256/tools/bin/../lib/gcc/arm-none-eabi/12.3.1/../../../../arm-none-eabi/lib/thumb/v7e-m+fp/hard\libc_nano.a(libc_a-init.o)
                0x080081b0                __libc_init_array
 .text.memcpy   0x080081f8       0x1c C:/ST/STM32CubeIDE_1.15.1/STM32CubeIDE/plugins/com.st.stm32cube.ide.mcu.externaltools.gnu-tools-for-stm32.12.3.rel1.win32_1.0.100.202403111256/tools/bin/../lib/gcc/arm-none-eabi/12.3.1/../../../../arm-none-eabi/lib/thumb/v7e-m+fp/hard\libc_nano.a(libc_a-memcpy-stub.o)
                0x080081f8                memcpy
 *fill*         0x08008214        0x4 
 .text.cos      0x08008218       0xa8 C:/ST/STM32CubeIDE_1.15.1/STM32CubeIDE/plugins/com.st.stm32cube.ide.mcu.externaltools.gnu-tools-for-stm32.12.3.rel1.win32_1.0.100.202403111256/tools/bin/../lib/gcc/arm-none-eabi/12.3.1/../../../../arm-none-eabi/lib/thumb/v7e-m+fp/hard\libm.a(libm_a-s_cos.o)
                0x08008218                cos
 .text.asinf    0x080082c0       0x58 C:/ST/STM32CubeIDE_1.15.1/STM32CubeIDE/plugins/com.st.stm32cube.ide.mcu.externaltools.gnu-tools-for-stm32.12.3.rel1.win32_1.0.100.202403111256/tools/bin/../lib/gcc/arm-none-eabi/12.3.1/../../../../arm-none-eabi/lib/thumb/v7e-m+fp/hard\libm.a(libm_a-wf_asin.o)
                0x080082c0                asinf
 .text.atan2f   0x08008318        0x4 C:/ST/STM32CubeIDE_1.15.1/STM32CubeIDE/plugins/com.st.stm32cube.ide.mcu.externaltools.gnu-tools-for-stm32.12.3.rel1.win32_1.0.100.202403111256/tools/bin/../lib/gcc/arm-none-eabi/12.3.1/../../../../arm-none-eabi/lib/thumb/v7e-m+fp/hard\libm.a(libm_a-wf_atan2.o)
                0x08008318                atan2f
 .text.powf     0x0800831c       0xae C:/ST/STM32CubeIDE_1.15.1/STM32CubeIDE/plugins/com.st.stm32cube.ide.mcu.externaltools.gnu-tools-for-stm32.12.3.rel1.win32_1.0.100.202403111256/tools/bin/../lib/gcc/arm-none-eabi/12.3.1/../../../../arm-none-eabi/lib/thumb/v7e-m+fp/hard\libm.a(libm_a-wf_pow.o)
                0x0800831c                powf
 *fill*         0x080083ca        0x2 
 .text.sqrtf    0x080083cc       0x3c C:/ST/STM32CubeIDE_1.15.1/STM32CubeIDE/plugins/com.st.stm32cube.ide.mcu.externaltools.gnu-tools-for-stm32.12.3.rel1.win32_1.0.100.202403111256/tools/bin/../lib/gcc/arm-none-eabi/12.3.1/../../../../arm-none-eabi/lib/thumb/v7e-m+fp/hard\libm.a(libm_a-wf_sqrt.o)
                0x080083cc                sqrtf
 .text.cosf     0x08008408       0x88 C:/ST/STM32CubeIDE_1.15.1/STM32CubeIDE/plugins/com.st.stm32cube.ide.mcu.externaltools.gnu-tools-for-stm32.12.3.rel1.win32_1.0.100.202403111256/tools/bin/../lib/gcc/arm-none-eabi/12.3.1/../../../../arm-none-eabi/lib/thumb/v7e-m+fp/hard\libm.a(libm_a-sf_cos.o)
                0x08008408                cosf
 .text.fabsf    0x08008490        0xe C:/ST/STM32CubeIDE_1.15.1/STM32CubeIDE/plugins/com.st.stm32cube.ide.mcu.externaltools.gnu-tools-for-stm32.12.3.rel1.win32_1.0.100.202403111256/tools/bin/../lib/gcc/arm-none-eabi/12.3.1/../../../../arm-none-eabi/lib/thumb/v7e-m+fp/hard\libm.a(libm_a-sf_fabs.o)
                0x08008490                fabsf
 *fill*         0x0800849e        0x2 
 .text.sinf     0x080084a0       0x8c C:/ST/STM32CubeIDE_1.15.1/STM32CubeIDE/plugins/com.st.stm32cube.ide.mcu.externaltools.gnu-tools-for-stm32.12.3.rel1.win32_1.0.100.202403111256/tools/bin/../lib/gcc/arm-none-eabi/12.3.1/../../../../arm-none-eabi/lib/thumb/v7e-m+fp/hard\libm.a(libm_a-sf_sin.o)
                0x080084a0                sinf
 .text.finitef  0x0800852c       0x14 C:/ST/STM32CubeIDE_1.15.1/STM32CubeIDE/plugins/com.st.stm32cube.ide.mcu.externaltools.gnu-tools-for-stm32.12.3.rel1.win32_1.0.100.202403111256/tools/bin/../lib/gcc/arm-none-eabi/12.3.1/../../../../arm-none-eabi/lib/thumb/v7e-m+fp/hard\libm.a(libm_a-sf_finite.o)
                0x0800852c                finitef
 .text.nanf     0x08008540        0xc C:/ST/STM32CubeIDE_1.15.1/STM32CubeIDE/plugins/com.st.stm32cube.ide.mcu.externaltools.gnu-tools-for-stm32.12.3.rel1.win32_1.0.100.202403111256/tools/bin/../lib/gcc/arm-none-eabi/12.3.1/../../../../arm-none-eabi/lib/thumb/v7e-m+fp/hard\libm.a(libm_a-sf_nan.o)
                0x08008540                nanf
 .text.__ieee754_sqrtf
                0x0800854c        0x6 C:/ST/STM32CubeIDE_1.15.1/STM32CubeIDE/plugins/com.st.stm32cube.ide.mcu.externaltools.gnu-tools-for-stm32.12.3.rel1.win32_1.0.100.202403111256/tools/bin/../lib/gcc/arm-none-eabi/12.3.1/../../../../arm-none-eabi/lib/thumb/v7e-m+fp/hard\libm.a(libm_a-ef_sqrt.o)
                0x0800854c                __ieee754_sqrtf
 *fill*         0x08008552        0x6 
 .text.__kernel_cos
                0x08008558      0x18c C:/ST/STM32CubeIDE_1.15.1/STM32CubeIDE/plugins/com.st.stm32cube.ide.mcu.externaltools.gnu-tools-for-stm32.12.3.rel1.win32_1.0.100.202403111256/tools/bin/../lib/gcc/arm-none-eabi/12.3.1/../../../../arm-none-eabi/lib/thumb/v7e-m+fp/hard\libm.a(libm_a-k_cos.o)
                0x08008558                __kernel_cos
 *fill*         0x080086e4        0x4 
 .text.__kernel_sin
                0x080086e8      0x174 C:/ST/STM32CubeIDE_1.15.1/STM32CubeIDE/plugins/com.st.stm32cube.ide.mcu.externaltools.gnu-tools-for-stm32.12.3.rel1.win32_1.0.100.202403111256/tools/bin/../lib/gcc/arm-none-eabi/12.3.1/../../../../arm-none-eabi/lib/thumb/v7e-m+fp/hard\libm.a(libm_a-k_sin.o)
                0x080086e8                __kernel_sin
 *fill*         0x0800885c        0x4 
 .text.__ieee754_rem_pio2
                0x08008860      0x3f8 C:/ST/STM32CubeIDE_1.15.1/STM32CubeIDE/plugins/com.st.stm32cube.ide.mcu.externaltools.gnu-tools-for-stm32.12.3.rel1.win32_1.0.100.202403111256/tools/bin/../lib/gcc/arm-none-eabi/12.3.1/../../../../arm-none-eabi/lib/thumb/v7e-m+fp/hard\libm.a(libm_a-e_rem_pio2.o)
                0x08008860                __ieee754_rem_pio2
 .text.fabs     0x08008c58       0x10 C:/ST/STM32CubeIDE_1.15.1/STM32CubeIDE/plugins/com.st.stm32cube.ide.mcu.externaltools.gnu-tools-for-stm32.12.3.rel1.win32_1.0.100.202403111256/tools/bin/../lib/gcc/arm-none-eabi/12.3.1/../../../../arm-none-eabi/lib/thumb/v7e-m+fp/hard\libm.a(libm_a-s_fabs.o)
                0x08008c58                fabs
 .text.__kernel_cosf
                0x08008c68       0xb0 C:/ST/STM32CubeIDE_1.15.1/STM32CubeIDE/plugins/com.st.stm32cube.ide.mcu.externaltools.gnu-tools-for-stm32.12.3.rel1.win32_1.0.100.202403111256/tools/bin/../lib/gcc/arm-none-eabi/12.3.1/../../../../arm-none-eabi/lib/thumb/v7e-m+fp/hard\libm.a(libm_a-kf_cos.o)
                0x08008c68                __kernel_cosf
 .text.__kernel_sinf
                0x08008d18       0x90 C:/ST/STM32CubeIDE_1.15.1/STM32CubeIDE/plugins/com.st.stm32cube.ide.mcu.externaltools.gnu-tools-for-stm32.12.3.rel1.win32_1.0.100.202403111256/tools/bin/../lib/gcc/arm-none-eabi/12.3.1/../../../../arm-none-eabi/lib/thumb/v7e-m+fp/hard\libm.a(libm_a-kf_sin.o)
                0x08008d18                __kernel_sinf
 .text.__ieee754_asinf
                0x08008da8      0x1cc C:/ST/STM32CubeIDE_1.15.1/STM32CubeIDE/plugins/com.st.stm32cube.ide.mcu.externaltools.gnu-tools-for-stm32.12.3.rel1.win32_1.0.100.202403111256/tools/bin/../lib/gcc/arm-none-eabi/12.3.1/../../../../arm-none-eabi/lib/thumb/v7e-m+fp/hard\libm.a(libm_a-ef_asin.o)
                0x08008da8                __ieee754_asinf
 .text.__ieee754_atan2f
                0x08008f74      0x140 C:/ST/STM32CubeIDE_1.15.1/STM32CubeIDE/plugins/com.st.stm32cube.ide.mcu.externaltools.gnu-tools-for-stm32.12.3.rel1.win32_1.0.100.202403111256/tools/bin/../lib/gcc/arm-none-eabi/12.3.1/../../../../arm-none-eabi/lib/thumb/v7e-m+fp/hard\libm.a(libm_a-ef_atan2.o)
                0x08008f74                __ieee754_atan2f
 .text.__ieee754_powf
                0x080090b4      0x5a0 C:/ST/STM32CubeIDE_1.15.1/STM32CubeIDE/plugins/com.st.stm32cube.ide.mcu.externaltools.gnu-tools-for-stm32.12.3.rel1.win32_1.0.100.202403111256/tools/bin/../lib/gcc/arm-none-eabi/12.3.1/../../../../arm-none-eabi/lib/thumb/v7e-m+fp/hard\libm.a(libm_a-ef_pow.o)
                0x080090b4                __ieee754_powf
 .text.__ieee754_rem_pio2f
                0x08009654      0x260 C:/ST/STM32CubeIDE_1.15.1/STM32CubeIDE/plugins/com.st.stm32cube.ide.mcu.externaltools.gnu-tools-for-stm32.12.3.rel1.win32_1.0.100.202403111256/tools/bin/../lib/gcc/arm-none-eabi/12.3.1/../../../../arm-none-eabi/lib/thumb/v7e-m+fp/hard\libm.a(libm_a-ef_rem_pio2.o)
                0x08009654                __ieee754_rem_pio2f
 .text.atanf    0x080098b4      0x1a8 C:/ST/STM32CubeIDE_1.15.1/STM32CubeIDE/plugins/com.st.stm32cube.ide.mcu.externaltools.gnu-tools-for-stm32.12.3.rel1.win32_1.0.100.202403111256/tools/bin/../lib/gcc/arm-none-eabi/12.3.1/../../../../arm-none-eabi/lib/thumb/v7e-m+fp/hard\libm.a(libm_a-sf_atan.o)
                0x080098b4                atanf
 .text.scalbnf  0x08009a5c       0xcc C:/ST/STM32CubeIDE_1.15.1/STM32CubeIDE/plugins/com.st.stm32cube.ide.mcu.externaltools.gnu-tools-for-stm32.12.3.rel1.win32_1.0.100.202403111256/tools/bin/../lib/gcc/arm-none-eabi/12.3.1/../../../../arm-none-eabi/lib/thumb/v7e-m+fp/hard\libm.a(libm_a-sf_scalbn.o)
                0x08009a5c                scalbnf
 .text.with_errnof
                0x08009b28       0x1c C:/ST/STM32CubeIDE_1.15.1/STM32CubeIDE/plugins/com.st.stm32cube.ide.mcu.externaltools.gnu-tools-for-stm32.12.3.rel1.win32_1.0.100.202403111256/tools/bin/../lib/gcc/arm-none-eabi/12.3.1/../../../../arm-none-eabi/lib/thumb/v7e-m+fp/hard\libm.a(libm_a-math_errf.o)
 .text.xflowf   0x08009b44       0x16 C:/ST/STM32CubeIDE_1.15.1/STM32CubeIDE/plugins/com.st.stm32cube.ide.mcu.externaltools.gnu-tools-for-stm32.12.3.rel1.win32_1.0.100.202403111256/tools/bin/../lib/gcc/arm-none-eabi/12.3.1/../../../../arm-none-eabi/lib/thumb/v7e-m+fp/hard\libm.a(libm_a-math_errf.o)
 *fill*         0x08009b5a        0x2 
 .text.__math_uflowf
                0x08009b5c        0xc C:/ST/STM32CubeIDE_1.15.1/STM32CubeIDE/plugins/com.st.stm32cube.ide.mcu.externaltools.gnu-tools-for-stm32.12.3.rel1.win32_1.0.100.202403111256/tools/bin/../lib/gcc/arm-none-eabi/12.3.1/../../../../arm-none-eabi/lib/thumb/v7e-m+fp/hard\libm.a(libm_a-math_errf.o)
                0x08009b5c                __math_uflowf
 .text.__math_oflowf
                0x08009b68        0xc C:/ST/STM32CubeIDE_1.15.1/STM32CubeIDE/plugins/com.st.stm32cube.ide.mcu.externaltools.gnu-tools-for-stm32.12.3.rel1.win32_1.0.100.202403111256/tools/bin/../lib/gcc/arm-none-eabi/12.3.1/../../../../arm-none-eabi/lib/thumb/v7e-m+fp/hard\libm.a(libm_a-math_errf.o)
                0x08009b68                __math_oflowf
 *fill*         0x08009b74        0x4 
 .text.__kernel_rem_pio2
                0x08009b78      0x6b0 C:/ST/STM32CubeIDE_1.15.1/STM32CubeIDE/plugins/com.st.stm32cube.ide.mcu.externaltools.gnu-tools-for-stm32.12.3.rel1.win32_1.0.100.202403111256/tools/bin/../lib/gcc/arm-none-eabi/12.3.1/../../../../arm-none-eabi/lib/thumb/v7e-m+fp/hard\libm.a(libm_a-k_rem_pio2.o)
                0x08009b78                __kernel_rem_pio2
 .text.__kernel_rem_pio2f
                0x0800a228      0x4e4 C:/ST/STM32CubeIDE_1.15.1/STM32CubeIDE/plugins/com.st.stm32cube.ide.mcu.externaltools.gnu-tools-for-stm32.12.3.rel1.win32_1.0.100.202403111256/tools/bin/../lib/gcc/arm-none-eabi/12.3.1/../../../../arm-none-eabi/lib/thumb/v7e-m+fp/hard\libm.a(libm_a-kf_rem_pio2.o)
                0x0800a228                __kernel_rem_pio2f
 *fill*         0x0800a70c        0x4 
 .text.scalbn   0x0800a710       0xfc C:/ST/STM32CubeIDE_1.15.1/STM32CubeIDE/plugins/com.st.stm32cube.ide.mcu.externaltools.gnu-tools-for-stm32.12.3.rel1.win32_1.0.100.202403111256/tools/bin/../lib/gcc/arm-none-eabi/12.3.1/../../../../arm-none-eabi/lib/thumb/v7e-m+fp/hard\libm.a(libm_a-s_scalbn.o)
                0x0800a710                scalbn
 *fill*         0x0800a80c        0x4 
 .text.floor    0x0800a810       0xf8 C:/ST/STM32CubeIDE_1.15.1/STM32CubeIDE/plugins/com.st.stm32cube.ide.mcu.externaltools.gnu-tools-for-stm32.12.3.rel1.win32_1.0.100.202403111256/tools/bin/../lib/gcc/arm-none-eabi/12.3.1/../../../../arm-none-eabi/lib/thumb/v7e-m+fp/hard\libm.a(libm_a-s_floor.o)
                0x0800a810                floor
 .text.floorf   0x0800a908       0x88 C:/ST/STM32CubeIDE_1.15.1/STM32CubeIDE/plugins/com.st.stm32cube.ide.mcu.externaltools.gnu-tools-for-stm32.12.3.rel1.win32_1.0.100.202403111256/tools/bin/../lib/gcc/arm-none-eabi/12.3.1/../../../../arm-none-eabi/lib/thumb/v7e-m+fp/hard\libm.a(libm_a-sf_floor.o)
                0x0800a908                floorf
 *(.glue_7)
 .glue_7        0x0800a990        0x0 linker stubs
 *(.glue_7t)
 .glue_7t       0x0800a990        0x0 linker stubs
 *(.eh_frame)
 .eh_frame      0x0800a990        0x0 C:/ST/STM32CubeIDE_1.15.1/STM32CubeIDE/plugins/com.st.stm32cube.ide.mcu.externaltools.gnu-tools-for-stm32.12.3.rel1.win32_1.0.100.202403111256/tools/bin/../lib/gcc/arm-none-eabi/12.3.1/thumb/v7e-m+fp/hard/crtbegin.o
 *(.init)
 .init          0x0800a990        0x4 C:/ST/STM32CubeIDE_1.15.1/STM32CubeIDE/plugins/com.st.stm32cube.ide.mcu.externaltools.gnu-tools-for-stm32.12.3.rel1.win32_1.0.100.202403111256/tools/bin/../lib/gcc/arm-none-eabi/12.3.1/thumb/v7e-m+fp/hard/crti.o
                0x0800a990                _init
 .init          0x0800a994        0x8 C:/ST/STM32CubeIDE_1.15.1/STM32CubeIDE/plugins/com.st.stm32cube.ide.mcu.externaltools.gnu-tools-for-stm32.12.3.rel1.win32_1.0.100.202403111256/tools/bin/../lib/gcc/arm-none-eabi/12.3.1/thumb/v7e-m+fp/hard/crtn.o
 *(.fini)
 .fini          0x0800a99c        0x4 C:/ST/STM32CubeIDE_1.15.1/STM32CubeIDE/plugins/com.st.stm32cube.ide.mcu.externaltools.gnu-tools-for-stm32.12.3.rel1.win32_1.0.100.202403111256/tools/bin/../lib/gcc/arm-none-eabi/12.3.1/thumb/v7e-m+fp/hard/crti.o
                0x0800a99c                _fini
 .fini          0x0800a9a0        0x8 C:/ST/STM32CubeIDE_1.15.1/STM32CubeIDE/plugins/com.st.stm32cube.ide.mcu.externaltools.gnu-tools-for-stm32.12.3.rel1.win32_1.0.100.202403111256/tools/bin/../lib/gcc/arm-none-eabi/12.3.1/thumb/v7e-m+fp/hard/crtn.o
                0x0800a9a8                        . = ALIGN (0x4)
                0x0800a9a8                        _etext = .

.vfp11_veneer   0x0800a9a8        0x0
 .vfp11_veneer  0x0800a9a8        0x0 linker stubs

.v4_bx          0x0800a9a8        0x0
 .v4_bx         0x0800a9a8        0x0 linker stubs

.iplt           0x0800a9a8        0x0
 .iplt          0x0800a9a8        0x0 C:/ST/STM32CubeIDE_1.15.1/STM32CubeIDE/plugins/com.st.stm32cube.ide.mcu.externaltools.gnu-tools-for-stm32.12.3.rel1.win32_1.0.100.202403111256/tools/bin/../lib/gcc/arm-none-eabi/12.3.1/thumb/v7e-m+fp/hard/crtbegin.o

.rodata         0x0800a9a8      0x630
                0x0800a9a8                        . = ALIGN (0x4)
 *(.rodata)
 .rodata        0x0800a9a8       0x1c ./Core/Src/M5.0_Bonus.o
 *(.rodata*)
 .rodata.AHBPrescTable
                0x0800a9c4       0x10 ./Core/Src/system_stm32f4xx.o
                0x0800a9c4                AHBPrescTable
 .rodata.APBPrescTable
                0x0800a9d4        0x8 ./Core/Src/system_stm32f4xx.o
                0x0800a9d4                APBPrescTable
 .rodata.asinf.str1.1
                0x0800a9dc        0x1 C:/ST/STM32CubeIDE_1.15.1/STM32CubeIDE/plugins/com.st.stm32cube.ide.mcu.externaltools.gnu-tools-for-stm32.12.3.rel1.win32_1.0.100.202403111256/tools/bin/../lib/gcc/arm-none-eabi/12.3.1/../../../../arm-none-eabi/lib/thumb/v7e-m+fp/hard\libm.a(libm_a-wf_asin.o)
 *fill*         0x0800a9dd        0x3 
 .rodata.npio2_hw
                0x0800a9e0       0x80 C:/ST/STM32CubeIDE_1.15.1/STM32CubeIDE/plugins/com.st.stm32cube.ide.mcu.externaltools.gnu-tools-for-stm32.12.3.rel1.win32_1.0.100.202403111256/tools/bin/../lib/gcc/arm-none-eabi/12.3.1/../../../../arm-none-eabi/lib/thumb/v7e-m+fp/hard\libm.a(libm_a-e_rem_pio2.o)
 .rodata.two_over_pi
                0x0800aa60      0x108 C:/ST/STM32CubeIDE_1.15.1/STM32CubeIDE/plugins/com.st.stm32cube.ide.mcu.externaltools.gnu-tools-for-stm32.12.3.rel1.win32_1.0.100.202403111256/tools/bin/../lib/gcc/arm-none-eabi/12.3.1/../../../../arm-none-eabi/lib/thumb/v7e-m+fp/hard\libm.a(libm_a-e_rem_pio2.o)
 .rodata.CSWTCH.9
                0x0800ab68        0xc C:/ST/STM32CubeIDE_1.15.1/STM32CubeIDE/plugins/com.st.stm32cube.ide.mcu.externaltools.gnu-tools-for-stm32.12.3.rel1.win32_1.0.100.202403111256/tools/bin/../lib/gcc/arm-none-eabi/12.3.1/../../../../arm-none-eabi/lib/thumb/v7e-m+fp/hard\libm.a(libm_a-ef_atan2.o)
 .rodata.CSWTCH.8
                0x0800ab74        0xc C:/ST/STM32CubeIDE_1.15.1/STM32CubeIDE/plugins/com.st.stm32cube.ide.mcu.externaltools.gnu-tools-for-stm32.12.3.rel1.win32_1.0.100.202403111256/tools/bin/../lib/gcc/arm-none-eabi/12.3.1/../../../../arm-none-eabi/lib/thumb/v7e-m+fp/hard\libm.a(libm_a-ef_atan2.o)
 .rodata.dp_l   0x0800ab80        0x8 C:/ST/STM32CubeIDE_1.15.1/STM32CubeIDE/plugins/com.st.stm32cube.ide.mcu.externaltools.gnu-tools-for-stm32.12.3.rel1.win32_1.0.100.202403111256/tools/bin/../lib/gcc/arm-none-eabi/12.3.1/../../../../arm-none-eabi/lib/thumb/v7e-m+fp/hard\libm.a(libm_a-ef_pow.o)
 .rodata.dp_h   0x0800ab88        0x8 C:/ST/STM32CubeIDE_1.15.1/STM32CubeIDE/plugins/com.st.stm32cube.ide.mcu.externaltools.gnu-tools-for-stm32.12.3.rel1.win32_1.0.100.202403111256/tools/bin/../lib/gcc/arm-none-eabi/12.3.1/../../../../arm-none-eabi/lib/thumb/v7e-m+fp/hard\libm.a(libm_a-ef_pow.o)
 .rodata.bp     0x0800ab90        0x8 C:/ST/STM32CubeIDE_1.15.1/STM32CubeIDE/plugins/com.st.stm32cube.ide.mcu.externaltools.gnu-tools-for-stm32.12.3.rel1.win32_1.0.100.202403111256/tools/bin/../lib/gcc/arm-none-eabi/12.3.1/../../../../arm-none-eabi/lib/thumb/v7e-m+fp/hard\libm.a(libm_a-ef_pow.o)
 .rodata.npio2_hw
                0x0800ab98       0x80 C:/ST/STM32CubeIDE_1.15.1/STM32CubeIDE/plugins/com.st.stm32cube.ide.mcu.externaltools.gnu-tools-for-stm32.12.3.rel1.win32_1.0.100.202403111256/tools/bin/../lib/gcc/arm-none-eabi/12.3.1/../../../../arm-none-eabi/lib/thumb/v7e-m+fp/hard\libm.a(libm_a-ef_rem_pio2.o)
 .rodata.two_over_pi
                0x0800ac18      0x318 C:/ST/STM32CubeIDE_1.15.1/STM32CubeIDE/plugins/com.st.stm32cube.ide.mcu.externaltools.gnu-tools-for-stm32.12.3.rel1.win32_1.0.100.202403111256/tools/bin/../lib/gcc/arm-none-eabi/12.3.1/../../../../arm-none-eabi/lib/thumb/v7e-m+fp/hard\libm.a(libm_a-ef_rem_pio2.o)
 .rodata.atanlo
                0x0800af30       0x10 C:/ST/STM32CubeIDE_1.15.1/STM32CubeIDE/plugins/com.st.stm32cube.ide.mcu.externaltools.gnu-tools-for-stm32.12.3.rel1.win32_1.0.100.202403111256/tools/bin/../lib/gcc/arm-none-eabi/12.3.1/../../../../arm-none-eabi/lib/thumb/v7e-m+fp/hard\libm.a(libm_a-sf_atan.o)
 .rodata.atanhi
                0x0800af40       0x10 C:/ST/STM32CubeIDE_1.15.1/STM32CubeIDE/plugins/com.st.stm32cube.ide.mcu.externaltools.gnu-tools-for-stm32.12.3.rel1.win32_1.0.100.202403111256/tools/bin/../lib/gcc/arm-none-eabi/12.3.1/../../../../arm-none-eabi/lib/thumb/v7e-m+fp/hard\libm.a(libm_a-sf_atan.o)
 .rodata.PIo2   0x0800af50       0x40 C:/ST/STM32CubeIDE_1.15.1/STM32CubeIDE/plugins/com.st.stm32cube.ide.mcu.externaltools.gnu-tools-for-stm32.12.3.rel1.win32_1.0.100.202403111256/tools/bin/../lib/gcc/arm-none-eabi/12.3.1/../../../../arm-none-eabi/lib/thumb/v7e-m+fp/hard\libm.a(libm_a-k_rem_pio2.o)
 .rodata.init_jk
                0x0800af90       0x10 C:/ST/STM32CubeIDE_1.15.1/STM32CubeIDE/plugins/com.st.stm32cube.ide.mcu.externaltools.gnu-tools-for-stm32.12.3.rel1.win32_1.0.100.202403111256/tools/bin/../lib/gcc/arm-none-eabi/12.3.1/../../../../arm-none-eabi/lib/thumb/v7e-m+fp/hard\libm.a(libm_a-k_rem_pio2.o)
 .rodata.PIo2   0x0800afa0       0x2c C:/ST/STM32CubeIDE_1.15.1/STM32CubeIDE/plugins/com.st.stm32cube.ide.mcu.externaltools.gnu-tools-for-stm32.12.3.rel1.win32_1.0.100.202403111256/tools/bin/../lib/gcc/arm-none-eabi/12.3.1/../../../../arm-none-eabi/lib/thumb/v7e-m+fp/hard\libm.a(libm_a-kf_rem_pio2.o)
 .rodata.init_jk
                0x0800afcc        0xc C:/ST/STM32CubeIDE_1.15.1/STM32CubeIDE/plugins/com.st.stm32cube.ide.mcu.externaltools.gnu-tools-for-stm32.12.3.rel1.win32_1.0.100.202403111256/tools/bin/../lib/gcc/arm-none-eabi/12.3.1/../../../../arm-none-eabi/lib/thumb/v7e-m+fp/hard\libm.a(libm_a-kf_rem_pio2.o)
                0x0800afd8                        . = ALIGN (0x4)

.ARM.extab      0x0800afd8        0x0
                0x0800afd8                        . = ALIGN (0x4)
 *(.ARM.extab* .gnu.linkonce.armextab.*)
                0x0800afd8                        . = ALIGN (0x4)

.ARM            0x0800afd8        0x8
                0x0800afd8                        . = ALIGN (0x4)
                0x0800afd8                        __exidx_start = .
 *(.ARM.exidx*)
 .ARM.exidx     0x0800afd8        0x8 C:/ST/STM32CubeIDE_1.15.1/STM32CubeIDE/plugins/com.st.stm32cube.ide.mcu.externaltools.gnu-tools-for-stm32.12.3.rel1.win32_1.0.100.202403111256/tools/bin/../lib/gcc/arm-none-eabi/12.3.1/thumb/v7e-m+fp/hard\libgcc.a(_udivmoddi4.o)
                0x0800afe0                        __exidx_end = .
                0x0800afe0                        . = ALIGN (0x4)

.preinit_array  0x0800afe0        0x0
                0x0800afe0                        . = ALIGN (0x4)
                0x0800afe0                        PROVIDE (__preinit_array_start = .)
 *(.preinit_array*)
                0x0800afe0                        PROVIDE (__preinit_array_end = .)
                0x0800afe0                        . = ALIGN (0x4)

.init_array     0x0800afe0        0x4
                0x0800afe0                        . = ALIGN (0x4)
                0x0800afe0                        PROVIDE (__init_array_start = .)
 *(SORT_BY_NAME(.init_array.*))
 *(.init_array*)
 .init_array    0x0800afe0        0x4 C:/ST/STM32CubeIDE_1.15.1/STM32CubeIDE/plugins/com.st.stm32cube.ide.mcu.externaltools.gnu-tools-for-stm32.12.3.rel1.win32_1.0.100.202403111256/tools/bin/../lib/gcc/arm-none-eabi/12.3.1/thumb/v7e-m+fp/hard/crtbegin.o
                0x0800afe4                        PROVIDE (__init_array_end = .)
                0x0800afe4                        . = ALIGN (0x4)

.fini_array     0x0800afe4        0x4
                0x0800afe4                        . = ALIGN (0x4)
                [!provide]                        PROVIDE (__fini_array_start = .)
 *(SORT_BY_NAME(.fini_array.*))
 *(.fini_array*)
 .fini_array    0x0800afe4        0x4 C:/ST/STM32CubeIDE_1.15.1/STM32CubeIDE/plugins/com.st.stm32cube.ide.mcu.externaltools.gnu-tools-for-stm32.12.3.rel1.win32_1.0.100.202403111256/tools/bin/../lib/gcc/arm-none-eabi/12.3.1/thumb/v7e-m+fp/hard/crtbegin.o
                [!provide]                        PROVIDE (__fini_array_end = .)
                0x0800afe8                        . = ALIGN (0x4)
                0x0800afe8                        _sidata = LOADADDR (.data)

.rel.dyn        0x0800afe8        0x0
 .rel.iplt      0x0800afe8        0x0 C:/ST/STM32CubeIDE_1.15.1/STM32CubeIDE/plugins/com.st.stm32cube.ide.mcu.externaltools.gnu-tools-for-stm32.12.3.rel1.win32_1.0.100.202403111256/tools/bin/../lib/gcc/arm-none-eabi/12.3.1/thumb/v7e-m+fp/hard/crtbegin.o

.data           0x20000000       0x6c load address 0x0800afe8
                0x20000000                        . = ALIGN (0x4)
                0x20000000                        _sdata = .
 *(.data)
 *(.data*)
 .data.first_run.2
                0x20000000        0x1 ./Core/Src/M1.0_SensorReaderCore.o
 *fill*         0x20000001        0x3 
 .data.ak8963_adj_x
                0x20000004        0x4 ./Core/Src/M1.1_MPU9250.o
 .data.ak8963_adj_y
                0x20000008        0x4 ./Core/Src/M1.1_MPU9250.o
 .data.ak8963_adj_z
                0x2000000c        0x4 ./Core/Src/M1.1_MPU9250.o
 .data.SystemCoreClock
                0x20000010        0x4 ./Core/Src/system_stm32f4xx.o
                0x20000010                SystemCoreClock
 .data.uwTickPrio
                0x20000014        0x4 ./Drivers/STM32F4xx_HAL_Driver/Src/stm32f4xx_hal.o
                0x20000014                uwTickPrio
 .data.uwTickFreq
                0x20000018        0x1 ./Drivers/STM32F4xx_HAL_Driver/Src/stm32f4xx_hal.o
                0x20000018                uwTickFreq
 *fill*         0x20000019        0x3 
 .data._impure_ptr
                0x2000001c        0x4 C:/ST/STM32CubeIDE_1.15.1/STM32CubeIDE/plugins/com.st.stm32cube.ide.mcu.externaltools.gnu-tools-for-stm32.12.3.rel1.win32_1.0.100.202403111256/tools/bin/../lib/gcc/arm-none-eabi/12.3.1/../../../../arm-none-eabi/lib/thumb/v7e-m+fp/hard\libc_nano.a(libc_a-impure.o)
                0x2000001c                _impure_ptr
 .data._impure_data
                0x20000020       0x4c C:/ST/STM32CubeIDE_1.15.1/STM32CubeIDE/plugins/com.st.stm32cube.ide.mcu.externaltools.gnu-tools-for-stm32.12.3.rel1.win32_1.0.100.202403111256/tools/bin/../lib/gcc/arm-none-eabi/12.3.1/../../../../arm-none-eabi/lib/thumb/v7e-m+fp/hard\libc_nano.a(libc_a-impure.o)
                0x20000020                _impure_data
 *(.RamFunc)
 *(.RamFunc*)
                0x2000006c                        . = ALIGN (0x4)
                0x2000006c                        _edata = .
                0x0800b054                        _siccmram = LOADADDR (.ccmram)

.igot.plt       0x2000006c        0x0 load address 0x0800b054
 .igot.plt      0x2000006c        0x0 C:/ST/STM32CubeIDE_1.15.1/STM32CubeIDE/plugins/com.st.stm32cube.ide.mcu.externaltools.gnu-tools-for-stm32.12.3.rel1.win32_1.0.100.202403111256/tools/bin/../lib/gcc/arm-none-eabi/12.3.1/thumb/v7e-m+fp/hard/crtbegin.o

.ccmram         0x10000000        0x0 load address 0x0800b054
                0x10000000                        . = ALIGN (0x4)
                0x10000000                        _sccmram = .
 *(.ccmram)
 *(.ccmram*)
                0x10000000                        . = ALIGN (0x4)
                0x10000000                        _eccmram = .
                0x10000000                        . = ALIGN (0x4)

.bss            0x20000070      0x830
                0x20000070                        _sbss = .
                0x20000070                        __bss_start__ = _sbss
 *(.bss)
 .bss           0x20000070       0x1c C:/ST/STM32CubeIDE_1.15.1/STM32CubeIDE/plugins/com.st.stm32cube.ide.mcu.externaltools.gnu-tools-for-stm32.12.3.rel1.win32_1.0.100.202403111256/tools/bin/../lib/gcc/arm-none-eabi/12.3.1/thumb/v7e-m+fp/hard/crtbegin.o
 *(.bss*)
 .bss.last_imu_time.1
                0x2000008c        0x4 ./Core/Src/M1.0_SensorReaderCore.o
 .bss.last_baro_time.0
                0x20000090        0x4 ./Core/Src/M1.0_SensorReaderCore.o
 .bss.mpu9250_i2c
                0x20000094        0x4 ./Core/Src/M1.1_MPU9250.o
 .bss.mpu9250_ready
                0x20000098        0x1 ./Core/Src/M1.1_MPU9250.o
 .bss.ak8963_ready
                0x20000099        0x1 ./Core/Src/M1.1_MPU9250.o
 *fill*         0x2000009a        0x2 
 .bss.bmp280_i2c
                0x2000009c        0x4 ./Core/Src/M1.2_BMP280.o
 .bss.bmp280_ready
                0x200000a0        0x1 ./Core/Src/M1.2_BMP280.o
 *fill*         0x200000a1        0x3 
 .bss.calib     0x200000a4       0x18 ./Core/Src/M1.2_BMP280.o
 .bss.t_fine    0x200000bc        0x4 ./Core/Src/M1.2_BMP280.o
 .bss.batt_lpf.2
                0x200000c0        0x4 ./Core/Src/M3.0_FilterCore.o
 .bss.last_raw_batt.1
                0x200000c4        0x4 ./Core/Src/M3.0_FilterCore.o
 .bss.batt_hpf.0
                0x200000c8        0x4 ./Core/Src/M3.0_FilterCore.o
 .bss.tx_packet
                0x200000cc       0x4d ./Core/Src/M5.0_Bonus.o
 *fill*         0x20000119        0x1 
 .bss.current_team_no
                0x2000011a        0x2 ./Core/Src/M5.0_Bonus.o
 .bss.current_packet_no
                0x2000011c        0x4 ./Core/Src/M5.0_Bonus.o
 .bss.datacenter
                0x20000120      0x218 ./Core/Src/main.o
                0x20000120                datacenter
 .bss.filterSystem
                0x20000338      0x240 ./Core/Src/main.o
                0x20000338                filterSystem
 .bss.calibrator
                0x20000578      0x148 ./Core/Src/main.o
                0x20000578                calibrator
 .bss.watchDog  0x200006c0        0x1 ./Core/Src/main.o
                0x200006c0                watchDog
 .bss.discovered_i2c_addr
                0x200006c1        0x1 ./Core/Src/main.o
                0x200006c1                discovered_i2c_addr
 *fill*         0x200006c2        0x2 
 .bss.hi2c1     0x200006c4       0x54 ./Core/Src/main.o
                0x200006c4                hi2c1
 .bss.huart2    0x20000718       0x48 ./Core/Src/main.o
                0x20000718                huart2
 .bss.last_telemetry_time.0
                0x20000760        0x4 ./Core/Src/main.o
 .bss.uwTick    0x20000764        0x4 ./Drivers/STM32F4xx_HAL_Driver/Src/stm32f4xx_hal.o
                0x20000764                uwTick
 .bss.__sf      0x20000768      0x138 C:/ST/STM32CubeIDE_1.15.1/STM32CubeIDE/plugins/com.st.stm32cube.ide.mcu.externaltools.gnu-tools-for-stm32.12.3.rel1.win32_1.0.100.202403111256/tools/bin/../lib/gcc/arm-none-eabi/12.3.1/../../../../arm-none-eabi/lib/thumb/v7e-m+fp/hard\libc_nano.a(libc_a-findfp.o)
                0x20000768                __sf
 *(COMMON)
                0x200008a0                        . = ALIGN (0x4)
                0x200008a0                        _ebss = .
                0x200008a0                        __bss_end__ = _ebss

._user_heap_stack
                0x200008a0      0x600
                0x200008a0                        . = ALIGN (0x8)
                [!provide]                        PROVIDE (end = .)
                0x200008a0                        PROVIDE (_end = .)
                0x20000aa0                        . = (. + _Min_Heap_Size)
 *fill*         0x200008a0      0x200 
                0x20000ea0                        . = (. + _Min_Stack_Size)
 *fill*         0x20000aa0      0x400 
                0x20000ea0                        . = ALIGN (0x8)

/DISCARD/
 libc.a(*)
 libm.a(*)
 libgcc.a(*)

.ARM.attributes
                0x00000000       0x30
 *(.ARM.attributes)
 .ARM.attributes
                0x00000000       0x22 C:/ST/STM32CubeIDE_1.15.1/STM32CubeIDE/plugins/com.st.stm32cube.ide.mcu.externaltools.gnu-tools-for-stm32.12.3.rel1.win32_1.0.100.202403111256/tools/bin/../lib/gcc/arm-none-eabi/12.3.1/thumb/v7e-m+fp/hard/crti.o
 .ARM.attributes
                0x00000022       0x34 C:/ST/STM32CubeIDE_1.15.1/STM32CubeIDE/plugins/com.st.stm32cube.ide.mcu.externaltools.gnu-tools-for-stm32.12.3.rel1.win32_1.0.100.202403111256/tools/bin/../lib/gcc/arm-none-eabi/12.3.1/thumb/v7e-m+fp/hard/crtbegin.o
 .ARM.attributes
                0x00000056       0x34 ./Core/Src/M1.0_SensorReaderCore.o
 .ARM.attributes
                0x0000008a       0x34 ./Core/Src/M1.1_MPU9250.o
 .ARM.attributes
                0x000000be       0x34 ./Core/Src/M1.2_BMP280.o
 .ARM.attributes
                0x000000f2       0x34 ./Core/Src/M2.0_FactoryCalibrator.o
 .ARM.attributes
                0x00000126       0x34 ./Core/Src/M3.0_FilterCore.o
 .ARM.attributes
                0x0000015a       0x34 ./Core/Src/M3.1_MatrixOps.o
 .ARM.attributes
                0x0000018e       0x34 ./Core/Src/M3.2_ConfidenceEvaluator.o
 .ARM.attributes
                0x000001c2       0x34 ./Core/Src/M3.3_Attitude.o
 .ARM.attributes
                0x000001f6       0x34 ./Core/Src/M3.4_EKFYaw.o
 .ARM.attributes
                0x0000022a       0x34 ./Core/Src/M3.5_EKFAltitude.o
 .ARM.attributes
                0x0000025e       0x34 ./Core/Src/M3.6_EKFNavXY.o
 .ARM.attributes
                0x00000292       0x34 ./Core/Src/M3.7_Kinematics.o
 .ARM.attributes
                0x000002c6       0x34 ./Core/Src/M3.8_StationReference.o
 .ARM.attributes
                0x000002fa       0x34 ./Core/Src/M5.0_Bonus.o
 .ARM.attributes
                0x0000032e       0x34 ./Core/Src/main.o
 .ARM.attributes
                0x00000362       0x34 ./Core/Src/stm32f4xx_hal_msp.o
 .ARM.attributes
                0x00000396       0x34 ./Core/Src/stm32f4xx_it.o
 .ARM.attributes
                0x000003ca       0x34 ./Core/Src/system_stm32f4xx.o
 .ARM.attributes
                0x000003fe       0x21 ./Core/Startup/startup_stm32f407vgtx.o
 .ARM.attributes
                0x0000041f       0x34 ./Drivers/STM32F4xx_HAL_Driver/Src/stm32f4xx_hal.o
 .ARM.attributes
                0x00000453       0x34 ./Drivers/STM32F4xx_HAL_Driver/Src/stm32f4xx_hal_cortex.o
 .ARM.attributes
                0x00000487       0x34 ./Drivers/STM32F4xx_HAL_Driver/Src/stm32f4xx_hal_gpio.o
 .ARM.attributes
                0x000004bb       0x34 ./Drivers/STM32F4xx_HAL_Driver/Src/stm32f4xx_hal_i2c.o
 .ARM.attributes
                0x000004ef       0x34 ./Drivers/STM32F4xx_HAL_Driver/Src/stm32f4xx_hal_rcc.o
 .ARM.attributes
                0x00000523       0x34 ./Drivers/STM32F4xx_HAL_Driver/Src/stm32f4xx_hal_uart.o
 .ARM.attributes
                0x00000557       0x34 C:/ST/STM32CubeIDE_1.15.1/STM32CubeIDE/plugins/com.st.stm32cube.ide.mcu.externaltools.gnu-tools-for-stm32.12.3.rel1.win32_1.0.100.202403111256/tools/bin/../lib/gcc/arm-none-eabi/12.3.1/../../../../arm-none-eabi/lib/thumb/v7e-m+fp/hard\libc_nano.a(libc_a-findfp.o)
 .ARM.attributes
                0x0000058b       0x34 C:/ST/STM32CubeIDE_1.15.1/STM32CubeIDE/plugins/com.st.stm32cube.ide.mcu.externaltools.gnu-tools-for-stm32.12.3.rel1.win32_1.0.100.202403111256/tools/bin/../lib/gcc/arm-none-eabi/12.3.1/../../../../arm-none-eabi/lib/thumb/v7e-m+fp/hard\libc_nano.a(libc_a-memset.o)
 .ARM.attributes
                0x000005bf       0x34 C:/ST/STM32CubeIDE_1.15.1/STM32CubeIDE/plugins/com.st.stm32cube.ide.mcu.externaltools.gnu-tools-for-stm32.12.3.rel1.win32_1.0.100.202403111256/tools/bin/../lib/gcc/arm-none-eabi/12.3.1/../../../../arm-none-eabi/lib/thumb/v7e-m+fp/hard\libc_nano.a(libc_a-impure.o)
 .ARM.attributes
                0x000005f3       0x34 C:/ST/STM32CubeIDE_1.15.1/STM32CubeIDE/plugins/com.st.stm32cube.ide.mcu.externaltools.gnu-tools-for-stm32.12.3.rel1.win32_1.0.100.202403111256/tools/bin/../lib/gcc/arm-none-eabi/12.3.1/../../../../arm-none-eabi/lib/thumb/v7e-m+fp/hard\libc_nano.a(libc_a-errno.o)
 .ARM.attributes
                0x00000627       0x34 C:/ST/STM32CubeIDE_1.15.1/STM32CubeIDE/plugins/com.st.stm32cube.ide.mcu.externaltools.gnu-tools-for-stm32.12.3.rel1.win32_1.0.100.202403111256/tools/bin/../lib/gcc/arm-none-eabi/12.3.1/../../../../arm-none-eabi/lib/thumb/v7e-m+fp/hard\libc_nano.a(libc_a-init.o)
 .ARM.attributes
                0x0000065b       0x34 C:/ST/STM32CubeIDE_1.15.1/STM32CubeIDE/plugins/com.st.stm32cube.ide.mcu.externaltools.gnu-tools-for-stm32.12.3.rel1.win32_1.0.100.202403111256/tools/bin/../lib/gcc/arm-none-eabi/12.3.1/../../../../arm-none-eabi/lib/thumb/v7e-m+fp/hard\libc_nano.a(libc_a-memcpy-stub.o)
 .ARM.attributes
                0x0000068f       0x34 C:/ST/STM32CubeIDE_1.15.1/STM32CubeIDE/plugins/com.st.stm32cube.ide.mcu.externaltools.gnu-tools-for-stm32.12.3.rel1.win32_1.0.100.202403111256/tools/bin/../lib/gcc/arm-none-eabi/12.3.1/../../../../arm-none-eabi/lib/thumb/v7e-m+fp/hard\libm.a(libm_a-s_cos.o)
 .ARM.attributes
                0x000006c3       0x34 C:/ST/STM32CubeIDE_1.15.1/STM32CubeIDE/plugins/com.st.stm32cube.ide.mcu.externaltools.gnu-tools-for-stm32.12.3.rel1.win32_1.0.100.202403111256/tools/bin/../lib/gcc/arm-none-eabi/12.3.1/../../../../arm-none-eabi/lib/thumb/v7e-m+fp/hard\libm.a(libm_a-wf_asin.o)
 .ARM.attributes
                0x000006f7       0x34 C:/ST/STM32CubeIDE_1.15.1/STM32CubeIDE/plugins/com.st.stm32cube.ide.mcu.externaltools.gnu-tools-for-stm32.12.3.rel1.win32_1.0.100.202403111256/tools/bin/../lib/gcc/arm-none-eabi/12.3.1/../../../../arm-none-eabi/lib/thumb/v7e-m+fp/hard\libm.a(libm_a-wf_atan2.o)
 .ARM.attributes
                0x0000072b       0x34 C:/ST/STM32CubeIDE_1.15.1/STM32CubeIDE/plugins/com.st.stm32cube.ide.mcu.externaltools.gnu-tools-for-stm32.12.3.rel1.win32_1.0.100.202403111256/tools/bin/../lib/gcc/arm-none-eabi/12.3.1/../../../../arm-none-eabi/lib/thumb/v7e-m+fp/hard\libm.a(libm_a-wf_pow.o)
 .ARM.attributes
                0x0000075f       0x34 C:/ST/STM32CubeIDE_1.15.1/STM32CubeIDE/plugins/com.st.stm32cube.ide.mcu.externaltools.gnu-tools-for-stm32.12.3.rel1.win32_1.0.100.202403111256/tools/bin/../lib/gcc/arm-none-eabi/12.3.1/../../../../arm-none-eabi/lib/thumb/v7e-m+fp/hard\libm.a(libm_a-wf_sqrt.o)
 .ARM.attributes
                0x00000793       0x34 C:/ST/STM32CubeIDE_1.15.1/STM32CubeIDE/plugins/com.st.stm32cube.ide.mcu.externaltools.gnu-tools-for-stm32.12.3.rel1.win32_1.0.100.202403111256/tools/bin/../lib/gcc/arm-none-eabi/12.3.1/../../../../arm-none-eabi/lib/thumb/v7e-m+fp/hard\libm.a(libm_a-sf_cos.o)
 .ARM.attributes
                0x000007c7       0x34 C:/ST/STM32CubeIDE_1.15.1/STM32CubeIDE/plugins/com.st.stm32cube.ide.mcu.externaltools.gnu-tools-for-stm32.12.3.rel1.win32_1.0.100.202403111256/tools/bin/../lib/gcc/arm-none-eabi/12.3.1/../../../../arm-none-eabi/lib/thumb/v7e-m+fp/hard\libm.a(libm_a-sf_fabs.o)
 .ARM.attributes
                0x000007fb       0x34 C:/ST/STM32CubeIDE_1.15.1/STM32CubeIDE/plugins/com.st.stm32cube.ide.mcu.externaltools.gnu-tools-for-stm32.12.3.rel1.win32_1.0.100.202403111256/tools/bin/../lib/gcc/arm-none-eabi/12.3.1/../../../../arm-none-eabi/lib/thumb/v7e-m+fp/hard\libm.a(libm_a-sf_sin.o)
 .ARM.attributes
                0x0000082f       0x34 C:/ST/STM32CubeIDE_1.15.1/STM32CubeIDE/plugins/com.st.stm32cube.ide.mcu.externaltools.gnu-tools-for-stm32.12.3.rel1.win32_1.0.100.202403111256/tools/bin/../lib/gcc/arm-none-eabi/12.3.1/../../../../arm-none-eabi/lib/thumb/v7e-m+fp/hard\libm.a(libm_a-sf_finite.o)
 .ARM.attributes
                0x00000863       0x34 C:/ST/STM32CubeIDE_1.15.1/STM32CubeIDE/plugins/com.st.stm32cube.ide.mcu.externaltools.gnu-tools-for-stm32.12.3.rel1.win32_1.0.100.202403111256/tools/bin/../lib/gcc/arm-none-eabi/12.3.1/../../../../arm-none-eabi/lib/thumb/v7e-m+fp/hard\libm.a(libm_a-sf_nan.o)
 .ARM.attributes
                0x00000897       0x34 C:/ST/STM32CubeIDE_1.15.1/STM32CubeIDE/plugins/com.st.stm32cube.ide.mcu.externaltools.gnu-tools-for-stm32.12.3.rel1.win32_1.0.100.202403111256/tools/bin/../lib/gcc/arm-none-eabi/12.3.1/../../../../arm-none-eabi/lib/thumb/v7e-m+fp/hard\libm.a(libm_a-ef_sqrt.o)
 .ARM.attributes
                0x000008cb       0x34 C:/ST/STM32CubeIDE_1.15.1/STM32CubeIDE/plugins/com.st.stm32cube.ide.mcu.externaltools.gnu-tools-for-stm32.12.3.rel1.win32_1.0.100.202403111256/tools/bin/../lib/gcc/arm-none-eabi/12.3.1/../../../../arm-none-eabi/lib/thumb/v7e-m+fp/hard\libm.a(libm_a-k_cos.o)
 .ARM.attributes
                0x000008ff       0x34 C:/ST/STM32CubeIDE_1.15.1/STM32CubeIDE/plugins/com.st.stm32cube.ide.mcu.externaltools.gnu-tools-for-stm32.12.3.rel1.win32_1.0.100.202403111256/tools/bin/../lib/gcc/arm-none-eabi/12.3.1/../../../../arm-none-eabi/lib/thumb/v7e-m+fp/hard\libm.a(libm_a-k_sin.o)
 .ARM.attributes
                0x00000933       0x34 C:/ST/STM32CubeIDE_1.15.1/STM32CubeIDE/plugins/com.st.stm32cube.ide.mcu.externaltools.gnu-tools-for-stm32.12.3.rel1.win32_1.0.100.202403111256/tools/bin/../lib/gcc/arm-none-eabi/12.3.1/../../../../arm-none-eabi/lib/thumb/v7e-m+fp/hard\libm.a(libm_a-e_rem_pio2.o)
 .ARM.attributes
                0x00000967       0x34 C:/ST/STM32CubeIDE_1.15.1/STM32CubeIDE/plugins/com.st.stm32cube.ide.mcu.externaltools.gnu-tools-for-stm32.12.3.rel1.win32_1.0.100.202403111256/tools/bin/../lib/gcc/arm-none-eabi/12.3.1/../../../../arm-none-eabi/lib/thumb/v7e-m+fp/hard\libm.a(libm_a-s_fabs.o)
 .ARM.attributes
                0x0000099b       0x34 C:/ST/STM32CubeIDE_1.15.1/STM32CubeIDE/plugins/com.st.stm32cube.ide.mcu.externaltools.gnu-tools-for-stm32.12.3.rel1.win32_1.0.100.202403111256/tools/bin/../lib/gcc/arm-none-eabi/12.3.1/../../../../arm-none-eabi/lib/thumb/v7e-m+fp/hard\libm.a(libm_a-kf_cos.o)
 .ARM.attributes
                0x000009cf       0x34 C:/ST/STM32CubeIDE_1.15.1/STM32CubeIDE/plugins/com.st.stm32cube.ide.mcu.externaltools.gnu-tools-for-stm32.12.3.rel1.win32_1.0.100.202403111256/tools/bin/../lib/gcc/arm-none-eabi/12.3.1/../../../../arm-none-eabi/lib/thumb/v7e-m+fp/hard\libm.a(libm_a-kf_sin.o)
 .ARM.attributes
                0x00000a03       0x34 C:/ST/STM32CubeIDE_1.15.1/STM32CubeIDE/plugins/com.st.stm32cube.ide.mcu.externaltools.gnu-tools-for-stm32.12.3.rel1.win32_1.0.100.202403111256/tools/bin/../lib/gcc/arm-none-eabi/12.3.1/../../../../arm-none-eabi/lib/thumb/v7e-m+fp/hard\libm.a(libm_a-ef_asin.o)
 .ARM.attributes
                0x00000a37       0x34 C:/ST/STM32CubeIDE_1.15.1/STM32CubeIDE/plugins/com.st.stm32cube.ide.mcu.externaltools.gnu-tools-for-stm32.12.3.rel1.win32_1.0.100.202403111256/tools/bin/../lib/gcc/arm-none-eabi/12.3.1/../../../../arm-none-eabi/lib/thumb/v7e-m+fp/hard\libm.a(libm_a-ef_atan2.o)
 .ARM.attributes
                0x00000a6b       0x34 C:/ST/STM32CubeIDE_1.15.1/STM32CubeIDE/plugins/com.st.stm32cube.ide.mcu.externaltools.gnu-tools-for-stm32.12.3.rel1.win32_1.0.100.202403111256/tools/bin/../lib/gcc/arm-none-eabi/12.3.1/../../../../arm-none-eabi/lib/thumb/v7e-m+fp/hard\libm.a(libm_a-ef_pow.o)
 .ARM.attributes
                0x00000a9f       0x34 C:/ST/STM32CubeIDE_1.15.1/STM32CubeIDE/plugins/com.st.stm32cube.ide.mcu.externaltools.gnu-tools-for-stm32.12.3.rel1.win32_1.0.100.202403111256/tools/bin/../lib/gcc/arm-none-eabi/12.3.1/../../../../arm-none-eabi/lib/thumb/v7e-m+fp/hard\libm.a(libm_a-ef_rem_pio2.o)
 .ARM.attributes
                0x00000ad3       0x34 C:/ST/STM32CubeIDE_1.15.1/STM32CubeIDE/plugins/com.st.stm32cube.ide.mcu.externaltools.gnu-tools-for-stm32.12.3.rel1.win32_1.0.100.202403111256/tools/bin/../lib/gcc/arm-none-eabi/12.3.1/../../../../arm-none-eabi/lib/thumb/v7e-m+fp/hard\libm.a(libm_a-sf_atan.o)
 .ARM.attributes
                0x00000b07       0x34 C:/ST/STM32CubeIDE_1.15.1/STM32CubeIDE/plugins/com.st.stm32cube.ide.mcu.externaltools.gnu-tools-for-stm32.12.3.rel1.win32_1.0.100.202403111256/tools/bin/../lib/gcc/arm-none-eabi/12.3.1/../../../../arm-none-eabi/lib/thumb/v7e-m+fp/hard\libm.a(libm_a-sf_scalbn.o)
 .ARM.attributes
                0x00000b3b       0x34 C:/ST/STM32CubeIDE_1.15.1/STM32CubeIDE/plugins/com.st.stm32cube.ide.mcu.externaltools.gnu-tools-for-stm32.12.3.rel1.win32_1.0.100.202403111256/tools/bin/../lib/gcc/arm-none-eabi/12.3.1/../../../../arm-none-eabi/lib/thumb/v7e-m+fp/hard\libm.a(libm_a-math_errf.o)
 .ARM.attributes
                0x00000b6f       0x34 C:/ST/STM32CubeIDE_1.15.1/STM32CubeIDE/plugins/com.st.stm32cube.ide.mcu.externaltools.gnu-tools-for-stm32.12.3.rel1.win32_1.0.100.202403111256/tools/bin/../lib/gcc/arm-none-eabi/12.3.1/../../../../arm-none-eabi/lib/thumb/v7e-m+fp/hard\libm.a(libm_a-k_rem_pio2.o)
 .ARM.attributes
                0x00000ba3       0x34 C:/ST/STM32CubeIDE_1.15.1/STM32CubeIDE/plugins/com.st.stm32cube.ide.mcu.externaltools.gnu-tools-for-stm32.12.3.rel1.win32_1.0.100.202403111256/tools/bin/../lib/gcc/arm-none-eabi/12.3.1/../../../../arm-none-eabi/lib/thumb/v7e-m+fp/hard\libm.a(libm_a-kf_rem_pio2.o)
 .ARM.attributes
                0x00000bd7       0x34 C:/ST/STM32CubeIDE_1.15.1/STM32CubeIDE/plugins/com.st.stm32cube.ide.mcu.externaltools.gnu-tools-for-stm32.12.3.rel1.win32_1.0.100.202403111256/tools/bin/../lib/gcc/arm-none-eabi/12.3.1/../../../../arm-none-eabi/lib/thumb/v7e-m+fp/hard\libm.a(libm_a-s_scalbn.o)
 .ARM.attributes
                0x00000c0b       0x34 C:/ST/STM32CubeIDE_1.15.1/STM32CubeIDE/plugins/com.st.stm32cube.ide.mcu.externaltools.gnu-tools-for-stm32.12.3.rel1.win32_1.0.100.202403111256/tools/bin/../lib/gcc/arm-none-eabi/12.3.1/../../../../arm-none-eabi/lib/thumb/v7e-m+fp/hard\libm.a(libm_a-s_floor.o)
 .ARM.attributes
                0x00000c3f       0x34 C:/ST/STM32CubeIDE_1.15.1/STM32CubeIDE/plugins/com.st.stm32cube.ide.mcu.externaltools.gnu-tools-for-stm32.12.3.rel1.win32_1.0.100.202403111256/tools/bin/../lib/gcc/arm-none-eabi/12.3.1/../../../../arm-none-eabi/lib/thumb/v7e-m+fp/hard\libm.a(libm_a-sf_floor.o)
 .ARM.attributes
                0x00000c73       0x22 C:/ST/STM32CubeIDE_1.15.1/STM32CubeIDE/plugins/com.st.stm32cube.ide.mcu.externaltools.gnu-tools-for-stm32.12.3.rel1.win32_1.0.100.202403111256/tools/bin/../lib/gcc/arm-none-eabi/12.3.1/thumb/v7e-m+fp/hard\libgcc.a(_arm_addsubdf3.o)
 .ARM.attributes
                0x00000c95       0x22 C:/ST/STM32CubeIDE_1.15.1/STM32CubeIDE/plugins/com.st.stm32cube.ide.mcu.externaltools.gnu-tools-for-stm32.12.3.rel1.win32_1.0.100.202403111256/tools/bin/../lib/gcc/arm-none-eabi/12.3.1/thumb/v7e-m+fp/hard\libgcc.a(_arm_muldivdf3.o)
 .ARM.attributes
                0x00000cb7       0x22 C:/ST/STM32CubeIDE_1.15.1/STM32CubeIDE/plugins/com.st.stm32cube.ide.mcu.externaltools.gnu-tools-for-stm32.12.3.rel1.win32_1.0.100.202403111256/tools/bin/../lib/gcc/arm-none-eabi/12.3.1/thumb/v7e-m+fp/hard\libgcc.a(_arm_cmpdf2.o)
 .ARM.attributes
                0x00000cd9       0x22 C:/ST/STM32CubeIDE_1.15.1/STM32CubeIDE/plugins/com.st.stm32cube.ide.mcu.externaltools.gnu-tools-for-stm32.12.3.rel1.win32_1.0.100.202403111256/tools/bin/../lib/gcc/arm-none-eabi/12.3.1/thumb/v7e-m+fp/hard\libgcc.a(_arm_fixdfsi.o)
 .ARM.attributes
                0x00000cfb       0x22 C:/ST/STM32CubeIDE_1.15.1/STM32CubeIDE/plugins/com.st.stm32cube.ide.mcu.externaltools.gnu-tools-for-stm32.12.3.rel1.win32_1.0.100.202403111256/tools/bin/../lib/gcc/arm-none-eabi/12.3.1/thumb/v7e-m+fp/hard\libgcc.a(_arm_truncdfsf2.o)
 .ARM.attributes
                0x00000d1d       0x22 C:/ST/STM32CubeIDE_1.15.1/STM32CubeIDE/plugins/com.st.stm32cube.ide.mcu.externaltools.gnu-tools-for-stm32.12.3.rel1.win32_1.0.100.202403111256/tools/bin/../lib/gcc/arm-none-eabi/12.3.1/thumb/v7e-m+fp/hard\libgcc.a(_aeabi_uldivmod.o)
 .ARM.attributes
                0x00000d3f       0x34 C:/ST/STM32CubeIDE_1.15.1/STM32CubeIDE/plugins/com.st.stm32cube.ide.mcu.externaltools.gnu-tools-for-stm32.12.3.rel1.win32_1.0.100.202403111256/tools/bin/../lib/gcc/arm-none-eabi/12.3.1/thumb/v7e-m+fp/hard\libgcc.a(_udivmoddi4.o)
 .ARM.attributes
                0x00000d73       0x22 C:/ST/STM32CubeIDE_1.15.1/STM32CubeIDE/plugins/com.st.stm32cube.ide.mcu.externaltools.gnu-tools-for-stm32.12.3.rel1.win32_1.0.100.202403111256/tools/bin/../lib/gcc/arm-none-eabi/12.3.1/thumb/v7e-m+fp/hard\libgcc.a(_dvmd_tls.o)
 .ARM.attributes
                0x00000d95       0x22 C:/ST/STM32CubeIDE_1.15.1/STM32CubeIDE/plugins/com.st.stm32cube.ide.mcu.externaltools.gnu-tools-for-stm32.12.3.rel1.win32_1.0.100.202403111256/tools/bin/../lib/gcc/arm-none-eabi/12.3.1/thumb/v7e-m+fp/hard/crtn.o
OUTPUT(Abdullah_Efendi_Kahve.elf elf32-littlearm)
LOAD linker stubs
LOAD C:/ST/STM32CubeIDE_1.15.1/STM32CubeIDE/plugins/com.st.stm32cube.ide.mcu.externaltools.gnu-tools-for-stm32.12.3.rel1.win32_1.0.100.202403111256/tools/bin/../lib/gcc/arm-none-eabi/12.3.1/../../../../arm-none-eabi/lib/thumb/v7e-m+fp/hard\libc.a
LOAD C:/ST/STM32CubeIDE_1.15.1/STM32CubeIDE/plugins/com.st.stm32cube.ide.mcu.externaltools.gnu-tools-for-stm32.12.3.rel1.win32_1.0.100.202403111256/tools/bin/../lib/gcc/arm-none-eabi/12.3.1/../../../../arm-none-eabi/lib/thumb/v7e-m+fp/hard\libm.a
LOAD C:/ST/STM32CubeIDE_1.15.1/STM32CubeIDE/plugins/com.st.stm32cube.ide.mcu.externaltools.gnu-tools-for-stm32.12.3.rel1.win32_1.0.100.202403111256/tools/bin/../lib/gcc/arm-none-eabi/12.3.1/thumb/v7e-m+fp/hard\libgcc.a

.debug_info     0x00000000    0x12770
 .debug_info    0x00000000      0xd4c ./Core/Src/M1.0_SensorReaderCore.o
 .debug_info    0x00000d4c      0xe7d ./Core/Src/M1.1_MPU9250.o
 .debug_info    0x00001bc9      0xe53 ./Core/Src/M1.2_BMP280.o
 .debug_info    0x00002a1c      0xc45 ./Core/Src/M2.0_FactoryCalibrator.o
 .debug_info    0x00003661      0xccd ./Core/Src/M3.0_FilterCore.o
 .debug_info    0x0000432e      0x489 ./Core/Src/M3.1_MatrixOps.o
 .debug_info    0x000047b7      0x65d ./Core/Src/M3.2_ConfidenceEvaluator.o
 .debug_info    0x00004e14      0x764 ./Core/Src/M3.3_Attitude.o
 .debug_info    0x00005578      0x74c ./Core/Src/M3.4_EKFYaw.o
 .debug_info    0x00005cc4      0x883 ./Core/Src/M3.5_EKFAltitude.o
 .debug_info    0x00006547      0x8a8 ./Core/Src/M3.6_EKFNavXY.o
 .debug_info    0x00006def      0x5db ./Core/Src/M3.7_Kinematics.o
 .debug_info    0x000073ca      0x632 ./Core/Src/M3.8_StationReference.o
 .debug_info    0x000079fc      0x7fb ./Core/Src/M5.0_Bonus.o
 .debug_info    0x000081f7     0x196e ./Core/Src/main.o
 .debug_info    0x00009b65      0xbfd ./Core/Src/stm32f4xx_hal_msp.o
 .debug_info    0x0000a762      0x112 ./Core/Src/stm32f4xx_it.o
 .debug_info    0x0000a874      0x512 ./Core/Src/system_stm32f4xx.o
 .debug_info    0x0000ad86       0x30 ./Core/Startup/startup_stm32f407vgtx.o
 .debug_info    0x0000adb6      0x944 ./Drivers/STM32F4xx_HAL_Driver/Src/stm32f4xx_hal.o
 .debug_info    0x0000b6fa      0xd8c ./Drivers/STM32F4xx_HAL_Driver/Src/stm32f4xx_hal_cortex.o
 .debug_info    0x0000c486      0x6c3 ./Drivers/STM32F4xx_HAL_Driver/Src/stm32f4xx_hal_gpio.o
 .debug_info    0x0000cb49     0x2415 ./Drivers/STM32F4xx_HAL_Driver/Src/stm32f4xx_hal_i2c.o
 .debug_info    0x0000ef5e      0x8c3 ./Drivers/STM32F4xx_HAL_Driver/Src/stm32f4xx_hal_rcc.o
 .debug_info    0x0000f821     0x2f4f ./Drivers/STM32F4xx_HAL_Driver/Src/stm32f4xx_hal_uart.o

.debug_abbrev   0x00000000     0x2cc0
 .debug_abbrev  0x00000000      0x232 ./Core/Src/M1.0_SensorReaderCore.o
 .debug_abbrev  0x00000232      0x2af ./Core/Src/M1.1_MPU9250.o
 .debug_abbrev  0x000004e1      0x27a ./Core/Src/M1.2_BMP280.o
 .debug_abbrev  0x0000075b      0x207 ./Core/Src/M2.0_FactoryCalibrator.o
 .debug_abbrev  0x00000962      0x191 ./Core/Src/M3.0_FilterCore.o
 .debug_abbrev  0x00000af3       0xff ./Core/Src/M3.1_MatrixOps.o
 .debug_abbrev  0x00000bf2      0x11b ./Core/Src/M3.2_ConfidenceEvaluator.o
 .debug_abbrev  0x00000d0d      0x16c ./Core/Src/M3.3_Attitude.o
 .debug_abbrev  0x00000e79      0x168 ./Core/Src/M3.4_EKFYaw.o
 .debug_abbrev  0x00000fe1      0x1ab ./Core/Src/M3.5_EKFAltitude.o
 .debug_abbrev  0x0000118c      0x1ac ./Core/Src/M3.6_EKFNavXY.o
 .debug_abbrev  0x00001338      0x11b ./Core/Src/M3.7_Kinematics.o
 .debug_abbrev  0x00001453      0x144 ./Core/Src/M3.8_StationReference.o
 .debug_abbrev  0x00001597      0x182 ./Core/Src/M5.0_Bonus.o
 .debug_abbrev  0x00001719      0x2d2 ./Core/Src/main.o
 .debug_abbrev  0x000019eb      0x1ad ./Core/Src/stm32f4xx_hal_msp.o
 .debug_abbrev  0x00001b98       0x73 ./Core/Src/stm32f4xx_it.o
 .debug_abbrev  0x00001c0b      0x11a ./Core/Src/system_stm32f4xx.o
 .debug_abbrev  0x00001d25       0x24 ./Core/Startup/startup_stm32f407vgtx.o
 .debug_abbrev  0x00001d49      0x214 ./Drivers/STM32F4xx_HAL_Driver/Src/stm32f4xx_hal.o
 .debug_abbrev  0x00001f5d      0x31d ./Drivers/STM32F4xx_HAL_Driver/Src/stm32f4xx_hal_cortex.o
 .debug_abbrev  0x0000227a      0x1d4 ./Drivers/STM32F4xx_HAL_Driver/Src/stm32f4xx_hal_gpio.o
 .debug_abbrev  0x0000244e      0x2ad ./Drivers/STM32F4xx_HAL_Driver/Src/stm32f4xx_hal_i2c.o
 .debug_abbrev  0x000026fb      0x2b7 ./Drivers/STM32F4xx_HAL_Driver/Src/stm32f4xx_hal_rcc.o
 .debug_abbrev  0x000029b2      0x30e ./Drivers/STM32F4xx_HAL_Driver/Src/stm32f4xx_hal_uart.o

.debug_aranges  0x00000000      0xc20
 .debug_aranges
                0x00000000       0x30 ./Core/Src/M1.0_SensorReaderCore.o
 .debug_aranges
                0x00000030       0x78 ./Core/Src/M1.1_MPU9250.o
 .debug_aranges
                0x000000a8       0x68 ./Core/Src/M1.2_BMP280.o
 .debug_aranges
                0x00000110       0x50 ./Core/Src/M2.0_FactoryCalibrator.o
 .debug_aranges
                0x00000160       0x30 ./Core/Src/M3.0_FilterCore.o
 .debug_aranges
                0x00000190       0x40 ./Core/Src/M3.1_MatrixOps.o
 .debug_aranges
                0x000001d0       0x30 ./Core/Src/M3.2_ConfidenceEvaluator.o
 .debug_aranges
                0x00000200       0x28 ./Core/Src/M3.3_Attitude.o
 .debug_aranges
                0x00000228       0x30 ./Core/Src/M3.4_EKFYaw.o
 .debug_aranges
                0x00000258       0x28 ./Core/Src/M3.5_EKFAltitude.o
 .debug_aranges
                0x00000280       0x28 ./Core/Src/M3.6_EKFNavXY.o
 .debug_aranges
                0x000002a8       0x20 ./Core/Src/M3.7_Kinematics.o
 .debug_aranges
                0x000002c8       0x30 ./Core/Src/M3.8_StationReference.o
 .debug_aranges
                0x000002f8       0x38 ./Core/Src/M5.0_Bonus.o
 .debug_aranges
                0x00000330       0x50 ./Core/Src/main.o
 .debug_aranges
                0x00000380       0x40 ./Core/Src/stm32f4xx_hal_msp.o
 .debug_aranges
                0x000003c0       0x60 ./Core/Src/stm32f4xx_it.o
 .debug_aranges
                0x00000420       0x28 ./Core/Src/system_stm32f4xx.o
 .debug_aranges
                0x00000448       0x28 ./Core/Startup/startup_stm32f407vgtx.o
 .debug_aranges
                0x00000470       0xf0 ./Drivers/STM32F4xx_HAL_Driver/Src/stm32f4xx_hal.o
 .debug_aranges
                0x00000560      0x130 ./Drivers/STM32F4xx_HAL_Driver/Src/stm32f4xx_hal_cortex.o
 .debug_aranges
                0x00000690       0x58 ./Drivers/STM32F4xx_HAL_Driver/Src/stm32f4xx_hal_gpio.o
 .debug_aranges
                0x000006e8      0x2a8 ./Drivers/STM32F4xx_HAL_Driver/Src/stm32f4xx_hal_i2c.o
 .debug_aranges
                0x00000990       0x88 ./Drivers/STM32F4xx_HAL_Driver/Src/stm32f4xx_hal_rcc.o
 .debug_aranges
                0x00000a18      0x208 ./Drivers/STM32F4xx_HAL_Driver/Src/stm32f4xx_hal_uart.o

.debug_rnglists
                0x00000000      0x945
 .debug_rnglists
                0x00000000       0x21 ./Core/Src/M1.0_SensorReaderCore.o
 .debug_rnglists
                0x00000021       0x59 ./Core/Src/M1.1_MPU9250.o
 .debug_rnglists
                0x0000007a       0x4e ./Core/Src/M1.2_BMP280.o
 .debug_rnglists
                0x000000c8       0x3c ./Core/Src/M2.0_FactoryCalibrator.o
 .debug_rnglists
                0x00000104       0x22 ./Core/Src/M3.0_FilterCore.o
 .debug_rnglists
                0x00000126       0x2d ./Core/Src/M3.1_MatrixOps.o
 .debug_rnglists
                0x00000153       0x21 ./Core/Src/M3.2_ConfidenceEvaluator.o
 .debug_rnglists
                0x00000174       0x1a ./Core/Src/M3.3_Attitude.o
 .debug_rnglists
                0x0000018e       0x20 ./Core/Src/M3.4_EKFYaw.o
 .debug_rnglists
                0x000001ae       0x1a ./Core/Src/M3.5_EKFAltitude.o
 .debug_rnglists
                0x000001c8       0x1a ./Core/Src/M3.6_EKFNavXY.o
 .debug_rnglists
                0x000001e2       0x14 ./Core/Src/M3.7_Kinematics.o
 .debug_rnglists
                0x000001f6       0x20 ./Core/Src/M3.8_StationReference.o
 .debug_rnglists
                0x00000216       0x26 ./Core/Src/M5.0_Bonus.o
 .debug_rnglists
                0x0000023c       0x3a ./Core/Src/main.o
 .debug_rnglists
                0x00000276       0x2d ./Core/Src/stm32f4xx_hal_msp.o
 .debug_rnglists
                0x000002a3       0x43 ./Core/Src/stm32f4xx_it.o
 .debug_rnglists
                0x000002e6       0x1a ./Core/Src/system_stm32f4xx.o
 .debug_rnglists
                0x00000300       0x19 ./Core/Startup/startup_stm32f407vgtx.o
 .debug_rnglists
                0x00000319       0xaf ./Drivers/STM32F4xx_HAL_Driver/Src/stm32f4xx_hal.o
 .debug_rnglists
                0x000003c8       0xe0 ./Drivers/STM32F4xx_HAL_Driver/Src/stm32f4xx_hal_cortex.o
 .debug_rnglists
                0x000004a8       0x3f ./Drivers/STM32F4xx_HAL_Driver/Src/stm32f4xx_hal_gpio.o
 .debug_rnglists
                0x000004e7      0x23c ./Drivers/STM32F4xx_HAL_Driver/Src/stm32f4xx_hal_i2c.o
 .debug_rnglists
                0x00000723       0x66 ./Drivers/STM32F4xx_HAL_Driver/Src/stm32f4xx_hal_rcc.o
 .debug_rnglists
                0x00000789      0x1bc ./Drivers/STM32F4xx_HAL_Driver/Src/stm32f4xx_hal_uart.o

.debug_macro    0x00000000    0x2203e
 .debug_macro   0x00000000      0x210 ./Core/Src/M1.0_SensorReaderCore.o
 .debug_macro   0x00000210      0xab4 ./Core/Src/M1.0_SensorReaderCore.o
 .debug_macro   0x00000cc4      0x29b ./Core/Src/M1.0_SensorReaderCore.o
 .debug_macro   0x00000f5f       0x2e ./Core/Src/M1.0_SensorReaderCore.o
 .debug_macro   0x00000f8d       0x2f ./Core/Src/M1.0_SensorReaderCore.o
 .debug_macro   0x00000fbc       0x22 ./Core/Src/M1.0_SensorReaderCore.o
 .debug_macro   0x00000fde       0x8e ./Core/Src/M1.0_SensorReaderCore.o
 .debug_macro   0x0000106c       0x51 ./Core/Src/M1.0_SensorReaderCore.o
 .debug_macro   0x000010bd      0x103 ./Core/Src/M1.0_SensorReaderCore.o
 .debug_macro   0x000011c0       0x6a ./Core/Src/M1.0_SensorReaderCore.o
 .debug_macro   0x0000122a      0x1df ./Core/Src/M1.0_SensorReaderCore.o
 .debug_macro   0x00001409       0x1c ./Core/Src/M1.0_SensorReaderCore.o
 .debug_macro   0x00001425       0x22 ./Core/Src/M1.0_SensorReaderCore.o
 .debug_macro   0x00001447       0xfb ./Core/Src/M1.0_SensorReaderCore.o
 .debug_macro   0x00001542     0x1011 ./Core/Src/M1.0_SensorReaderCore.o
 .debug_macro   0x00002553      0x11f ./Core/Src/M1.0_SensorReaderCore.o
 .debug_macro   0x00002672    0x15ea5 ./Core/Src/M1.0_SensorReaderCore.o
 .debug_macro   0x00018517       0x6d ./Core/Src/M1.0_SensorReaderCore.o
 .debug_macro   0x00018584     0x3693 ./Core/Src/M1.0_SensorReaderCore.o
 .debug_macro   0x0001bc17      0x189 ./Core/Src/M1.0_SensorReaderCore.o
 .debug_macro   0x0001bda0       0x5c ./Core/Src/M1.0_SensorReaderCore.o
 .debug_macro   0x0001bdfc      0x980 ./Core/Src/M1.0_SensorReaderCore.o
 .debug_macro   0x0001c77c      0x9e9 ./Core/Src/M1.0_SensorReaderCore.o
 .debug_macro   0x0001d165      0x115 ./Core/Src/M1.0_SensorReaderCore.o
 .debug_macro   0x0001d27a      0x13e ./Core/Src/M1.0_SensorReaderCore.o
 .debug_macro   0x0001d3b8       0xa5 ./Core/Src/M1.0_SensorReaderCore.o
 .debug_macro   0x0001d45d      0x174 ./Core/Src/M1.0_SensorReaderCore.o
 .debug_macro   0x0001d5d1      0x287 ./Core/Src/M1.0_SensorReaderCore.o
 .debug_macro   0x0001d858       0x5f ./Core/Src/M1.0_SensorReaderCore.o
 .debug_macro   0x0001d8b7      0x236 ./Core/Src/M1.0_SensorReaderCore.o
 .debug_macro   0x0001daed      0x12c ./Core/Src/M1.0_SensorReaderCore.o
 .debug_macro   0x0001dc19      0x21e ./Core/Src/M1.0_SensorReaderCore.o
 .debug_macro   0x0001de37       0x2e ./Core/Src/M1.0_SensorReaderCore.o
 .debug_macro   0x0001de65      0x1b5 ./Core/Src/M1.0_SensorReaderCore.o
 .debug_macro   0x0001e01a       0xd6 ./Core/Src/M1.0_SensorReaderCore.o
 .debug_macro   0x0001e0f0      0x127 ./Core/Src/M1.0_SensorReaderCore.o
 .debug_macro   0x0001e217       0x7e ./Core/Src/M1.0_SensorReaderCore.o
 .debug_macro   0x0001e295       0x89 ./Core/Src/M1.0_SensorReaderCore.o
 .debug_macro   0x0001e31e      0x2aa ./Core/Src/M1.0_SensorReaderCore.o
 .debug_macro   0x0001e5c8      0x12d ./Core/Src/M1.0_SensorReaderCore.o
 .debug_macro   0x0001e6f5       0x28 ./Core/Src/M1.0_SensorReaderCore.o
 .debug_macro   0x0001e71d       0x10 ./Core/Src/M1.0_SensorReaderCore.o
 .debug_macro   0x0001e72d      0x3c0 ./Core/Src/M1.1_MPU9250.o
 .debug_macro   0x0001eaed       0x16 ./Core/Src/M1.1_MPU9250.o
 .debug_macro   0x0001eb03       0x61 ./Core/Src/M1.1_MPU9250.o
 .debug_macro   0x0001eb64       0x2a ./Core/Src/M1.1_MPU9250.o
 .debug_macro   0x0001eb8e       0x43 ./Core/Src/M1.1_MPU9250.o
 .debug_macro   0x0001ebd1       0x34 ./Core/Src/M1.1_MPU9250.o
 .debug_macro   0x0001ec05       0x16 ./Core/Src/M1.1_MPU9250.o
 .debug_macro   0x0001ec1b       0x43 ./Core/Src/M1.1_MPU9250.o
 .debug_macro   0x0001ec5e       0x34 ./Core/Src/M1.1_MPU9250.o
 .debug_macro   0x0001ec92       0x10 ./Core/Src/M1.1_MPU9250.o
 .debug_macro   0x0001eca2       0x58 ./Core/Src/M1.1_MPU9250.o
 .debug_macro   0x0001ecfa       0x8e ./Core/Src/M1.1_MPU9250.o
 .debug_macro   0x0001ed88       0x1c ./Core/Src/M1.1_MPU9250.o
 .debug_macro   0x0001eda4      0x177 ./Core/Src/M1.1_MPU9250.o
 .debug_macro   0x0001ef1b      0x369 ./Core/Src/M1.1_MPU9250.o
 .debug_macro   0x0001f284       0x10 ./Core/Src/M1.1_MPU9250.o
 .debug_macro   0x0001f294       0x35 ./Core/Src/M1.1_MPU9250.o
 .debug_macro   0x0001f2c9       0x20 ./Core/Src/M1.1_MPU9250.o
 .debug_macro   0x0001f2e9      0x252 ./Core/Src/M1.2_BMP280.o
 .debug_macro   0x0001f53b      0x329 ./Core/Src/M2.0_FactoryCalibrator.o
 .debug_macro   0x0001f864       0x16 ./Core/Src/M2.0_FactoryCalibrator.o
 .debug_macro   0x0001f87a       0x10 ./Core/Src/M2.0_FactoryCalibrator.o
 .debug_macro   0x0001f88a       0x16 ./Core/Src/M2.0_FactoryCalibrator.o
 .debug_macro   0x0001f8a0       0x16 ./Core/Src/M2.0_FactoryCalibrator.o
 .debug_macro   0x0001f8b6      0x146 ./Core/Src/M2.0_FactoryCalibrator.o
 .debug_macro   0x0001f9fc      0x211 ./Core/Src/M2.0_FactoryCalibrator.o
 .debug_macro   0x0001fc0d      0x19b ./Core/Src/M2.0_FactoryCalibrator.o
 .debug_macro   0x0001fda8       0x16 ./Core/Src/M2.0_FactoryCalibrator.o
 .debug_macro   0x0001fdbe      0x1bc ./Core/Src/M3.0_FilterCore.o
 .debug_macro   0x0001ff7a       0x22 ./Core/Src/M3.0_FilterCore.o
 .debug_macro   0x0001ff9c      0x12c ./Core/Src/M3.1_MatrixOps.o
 .debug_macro   0x000200c8      0x134 ./Core/Src/M3.2_ConfidenceEvaluator.o
 .debug_macro   0x000201fc      0x160 ./Core/Src/M3.3_Attitude.o
 .debug_macro   0x0002035c      0x134 ./Core/Src/M3.4_EKFYaw.o
 .debug_macro   0x00020490      0x18d ./Core/Src/M3.5_EKFAltitude.o
 .debug_macro   0x0002061d      0x18d ./Core/Src/M3.6_EKFNavXY.o
 .debug_macro   0x000207aa      0x134 ./Core/Src/M3.7_Kinematics.o
 .debug_macro   0x000208de      0x127 ./Core/Src/M3.8_StationReference.o
 .debug_macro   0x00020a05      0x14a ./Core/Src/M5.0_Bonus.o
 .debug_macro   0x00020b4f      0x37a ./Core/Src/main.o
 .debug_macro   0x00020ec9      0x1e3 ./Core/Src/stm32f4xx_hal_msp.o
 .debug_macro   0x000210ac      0x1ed ./Core/Src/stm32f4xx_it.o
 .debug_macro   0x00021299      0x1d4 ./Core/Src/system_stm32f4xx.o
 .debug_macro   0x0002146d      0x234 ./Drivers/STM32F4xx_HAL_Driver/Src/stm32f4xx_hal.o
 .debug_macro   0x000216a1      0x1d4 ./Drivers/STM32F4xx_HAL_Driver/Src/stm32f4xx_hal_cortex.o
 .debug_macro   0x00021875      0x1da ./Drivers/STM32F4xx_HAL_Driver/Src/stm32f4xx_hal_gpio.o
 .debug_macro   0x00021a4f      0x222 ./Drivers/STM32F4xx_HAL_Driver/Src/stm32f4xx_hal_i2c.o
 .debug_macro   0x00021c71      0x1f8 ./Drivers/STM32F4xx_HAL_Driver/Src/stm32f4xx_hal_rcc.o
 .debug_macro   0x00021e69      0x1d5 ./Drivers/STM32F4xx_HAL_Driver/Src/stm32f4xx_hal_uart.o

.debug_line     0x00000000    0x13859
 .debug_line    0x00000000      0x895 ./Core/Src/M1.0_SensorReaderCore.o
 .debug_line    0x00000895      0xc6c ./Core/Src/M1.1_MPU9250.o
 .debug_line    0x00001501      0xab9 ./Core/Src/M1.2_BMP280.o
 .debug_line    0x00001fba      0xfd9 ./Core/Src/M2.0_FactoryCalibrator.o