../Core/Src/main.c:82:5:main	8	static
../Core/Src/main.c:183:6:SystemClock_Config	88	static
../Core/Src/main.c:229:13:MX_TIM1_Init	80	static
../Core/Src/main.c:293:13:MX_TIM2_Init	32	static
../Core/Src/main.c:338:13:MX_TIM9_Init	40	static
../Core/Src/main.c:380:13:MX_USART2_UART_Init	8	static
../Core/Src/main.c:411:13:MX_DMA_Init	16	static
../Core/Src/main.c:432:13:MX_GPIO_Init	48	static
../Core/Src/main.c:468:6:HAL_TIM_PeriodElapsedCallback	16	static
../Core/Src/main.c:477:6:HAL_UARTEx_RxEventCallback	16	static
../Core/Src/main.c:488:6:HAL_UART_ErrorCallback	16	static
../Core/Src/main.c:508:6:Error_Handler	4	static,ignoring_inline_asm
