../Core/Src/main.c:80:5:main	8	static
../Core/Src/main.c:178:6:SystemClock_Config	88	static
../Core/Src/main.c:224:13:MX_TIM2_Init	32	static
../Core/Src/main.c:269:13:MX_TIM9_Init	40	static
../Core/Src/main.c:311:13:MX_USART2_UART_Init	8	static
../Core/Src/main.c:342:13:MX_DMA_Init	16	static
../Core/Src/main.c:363:13:MX_GPIO_Init	48	static
../Core/Src/main.c:399:6:HAL_TIM_PeriodElapsedCallback	16	static
../Core/Src/main.c:408:6:HAL_UARTEx_RxEventCallback	16	static
../Core/Src/main.c:419:6:HAL_UART_ErrorCallback	16	static
../Core/Src/main.c:439:6:Error_Handler	4	static,ignoring_inline_asm
