../Core/Src/main.c:82:5:main	8
../Core/Src/main.c:183:6:SystemClock_Config	3
../Core/Src/main.c:229:13:MX_TIM1_Init	5
../Core/Src/main.c:293:13:MX_TIM2_Init	4
../Core/Src/main.c:338:13:MX_TIM9_Init	3
../Core/Src/main.c:380:13:MX_USART2_UART_Init	2
../Core/Src/main.c:411:13:MX_DMA_Init	1
../Core/Src/main.c:432:13:MX_GPIO_Init	1
../Core/Src/main.c:468:6:HAL_TIM_PeriodElapsedCallback	2
../Core/Src/main.c:477:6:HAL_UARTEx_RxEventCallback	2
../Core/Src/main.c:488:6:HAL_UART_ErrorCallback	2
../Core/Src/main.c:508:6:Error_Handler	1
