../Core/Src/gps.c:56:16:GPS_HexToNibble	16	static
../Core/Src/gps.c:77:16:GPS_ChecksumIsValid	32	static
../Core/Src/gps.c:136:16:GPS_GetField	40	static
../Core/Src/gps.c:204:16:GPS_ParseCoordinate	72	static
../Core/Src/gps.c:254:13:GPS_ParseGGA	136	static
../Core/Src/gps.c:347:13:GPS_ParseRMC	120	static
../Core/Src/gps.c:434:13:GPS_ParseSentence	32	static
../Core/Src/gps.c:479:9:GPS_Init	16	static
../Core/Src/gps.c:499:9:GPS_StartReceiveIT	8	static
../Core/Src/gps.c:517:6:GPS_UART_RxCpltCallback	16	static
../Core/Src/gps.c:540:6:GPS_ProcessByte	16	static
../Core/Src/gps.c:582:9:GPS_Read	24	static
../Core/Src/gps.c:597:9:GPS_IsReady	4	static
