../Core/Src/main.c:110:5:main	8	static
../Core/Src/main.c:371:6:SystemClock_Config	88	static
../Core/Src/main.c:418:13:MX_ADC1_Init	24	static
../Core/Src/main.c:470:13:MX_I2C1_Init	8	static
../Core/Src/main.c:504:13:MX_TIM1_Init	96	static
../Core/Src/main.c:578:13:MX_TIM2_Init	32	static
../Core/Src/main.c:623:13:MX_TIM6_Init	16	static
../Core/Src/main.c:661:13:MX_TIM9_Init	56	static
../Core/Src/main.c:713:13:MX_TIM12_Init	24	static
../Core/Src/main.c:751:13:MX_USART2_UART_Init	8	static
../Core/Src/main.c:784:13:MX_USART3_UART_Init	8	static
../Core/Src/main.c:815:13:MX_DMA_Init	16	static
../Core/Src/main.c:836:13:MX_GPIO_Init	48	static
../Core/Src/main.c:896:10:getMicros	4	static
../Core/Src/main.c:904:6:HAL_GPIO_EXTI_Callback	16	static
../Core/Src/main.c:911:6:HAL_UART_RxCpltCallback	16	static
../Core/Src/main.c:916:6:HAL_TIM_PeriodElapsedCallback	24	static
../Core/Src/main.c:952:6:HAL_UARTEx_RxEventCallback	16	static
../Core/Src/main.c:963:6:HAL_UART_ErrorCallback	16	static
../Core/Src/main.c:982:6:Error_Handler	4	static,ignoring_inline_asm
