../Core/Src/main.c:110:5:main	20
../Core/Src/main.c:371:6:SystemClock_Config	3
../Core/Src/main.c:418:13:MX_ADC1_Init	3
../Core/Src/main.c:470:13:MX_I2C1_Init	2
../Core/Src/main.c:504:13:MX_TIM1_Init	7
../Core/Src/main.c:578:13:MX_TIM2_Init	4
../Core/Src/main.c:623:13:MX_TIM6_Init	3
../Core/Src/main.c:661:13:MX_TIM9_Init	5
../Core/Src/main.c:713:13:MX_TIM12_Init	3
../Core/Src/main.c:751:13:MX_USART2_UART_Init	2
../Core/Src/main.c:784:13:MX_USART3_UART_Init	2
../Core/Src/main.c:815:13:MX_DMA_Init	1
../Core/Src/main.c:836:13:MX_GPIO_Init	1
../Core/Src/main.c:896:10:getMicros	1
../Core/Src/main.c:904:6:HAL_GPIO_EXTI_Callback	1
../Core/Src/main.c:911:6:HAL_UART_RxCpltCallback	1
../Core/Src/main.c:916:6:HAL_TIM_PeriodElapsedCallback	5
../Core/Src/main.c:952:6:HAL_UARTEx_RxEventCallback	2
../Core/Src/main.c:963:6:HAL_UART_ErrorCallback	2
../Core/Src/main.c:982:6:Error_Handler	1
