../Core/Src/main.c:119:9:Checksum_Hesapla	24	static
../Core/Src/main.c:139:5:main	40	static
../Core/Src/main.c:263:6:SystemClock_Config	88	static
../Core/Src/main.c:311:13:MX_TIM3_Init	32	static
../Core/Src/main.c:356:13:MX_USART2_UART_Init	8	static
../Core/Src/main.c:387:13:MX_DMA_Init	16	static
../Core/Src/main.c:405:13:MX_GPIO_Init	16	static
../Core/Src/main.c:420:6:HAL_UART_RxCpltCallback	24	static
../Core/Src/main.c:446:6:HAL_TIM_PeriodElapsedCallback	24	static
../Core/Src/main.c:474:6:Error_Handler	4	static,ignoring_inline_asm
