../Core/Src/main.c:79:5:main	8	static
../Core/Src/main.c:138:6:SystemClock_Config	88	static
../Core/Src/main.c:185:13:MX_ADC1_Init	24	static
../Core/Src/main.c:237:13:MX_TIM3_Init	64	static
../Core/Src/main.c:308:13:MX_TIM4_Init	32	static
../Core/Src/main.c:351:13:MX_DMA_Init	16	static
../Core/Src/main.c:378:13:MX_GPIO_Init	16	static
../Core/Src/main.c:391:6:HAL_TIM_PWM_PulseFinishedCallback	16	static
../Core/Src/main.c:397:6:HAL_TIM_PeriodElapsedCallback	24	static
../Core/Src/main.c:409:6:Error_Handler	4	static,ignoring_inline_asm
