../Core/Src/flight_control.c:38:14:clamp_float	24	static
../Core/Src/flight_control.c:54:14:get_hover_throttle	16	static
../Core/Src/flight_control.c:64:13:reset_pid	16	static
../Core/Src/flight_control.c:72:13:reset_all_pids	8	static
../Core/Src/flight_control.c:79:13:configure_pids	8	static
../Core/Src/flight_control.c:111:13:clear_commands	4	static
../Core/Src/flight_control.c:118:13:refresh_status	16	static
../Core/Src/flight_control.c:135:13:enter_state	16	static
../Core/Src/flight_control.c:176:16:apam_required	24	static
../Core/Src/flight_control.c:220:13:run_velocity_control	24	static
../Core/Src/flight_control.c:249:13:run_hover_control	24	static
../Core/Src/flight_control.c:276:6:FlightControl_Init	8	static
../Core/Src/flight_control.c:307:6:FlightControl_Start	8	static
../Core/Src/flight_control.c:322:6:FlightControl_Stop	8	static
../Core/Src/flight_control.c:330:6:FlightControl_Update	24	static
../Core/Src/flight_control.c:507:20:FlightControl_GetState	4	static
../Core/Src/flight_control.c:513:21:FlightControl_GetStatus	24	static
../Core/Src/flight_control.c:519:13:FlightControl_GetStateName	16	static
