../Core/Src/main.c:132:9:Checksum_Hesapla	24	static
../Core/Src/main.c:153:5:main	40	static
../Core/Src/main.c:268:6:SystemClock_Config	88	static
../Core/Src/main.c:316:13:MX_TIM3_Init	32	static
../Core/Src/main.c:361:13:MX_USART2_UART_Init	8	static
../Core/Src/main.c:392:13:MX_DMA_Init	16	static
../Core/Src/main.c:410:13:MX_GPIO_Init	16	static
../Core/Src/main.c:424:6:HAL_UART_RxCpltCallback	32	static
../Core/Src/main.c:452:6:HAL_TIM_PeriodElapsedCallback	24	static
../Core/Src/main.c:473:6:Error_Handler	4	static,ignoring_inline_asm
