../Core/Src/main.c:89:5:main	8	static
../Core/Src/main.c:183:6:SystemClock_Config	88	static
../Core/Src/main.c:238:13:MX_TIM2_Init	32	static
../Core/Src/main.c:283:13:MX_USART1_UART_Init	8	static
../Core/Src/main.c:316:13:MX_USART2_UART_Init	8	static
../Core/Src/main.c:347:13:MX_DMA_Init	16	static
../Core/Src/main.c:375:13:MX_GPIO_Init	32	static
../Core/Src/main.c:408:6:HAL_UARTEx_RxEventCallback	16	static
../Core/Src/main.c:438:6:HAL_TIM_PeriodElapsedCallback	16	static
../Core/Src/main.c:475:6:HAL_UART_TxCpltCallback	16	static
../Core/Src/main.c:484:6:HAL_UART_ErrorCallback	16	static
../Core/Src/main.c:504:6:Error_Handler	4	static,ignoring_inline_asm
